
[1m[30m[46m RUN [49m[39m[22m [36mv4.1.7 [39m[90mE:/星寰海/03-源代码/小程序/miniapp[39m

node.exe : [90mstderr[2m | src/services/__tests__/petService.test.ts[2m > [22m[2mpetService[2m > [22m[2mcreateP
et[2m > [22m[2mshould fallback to local storage when API fails
At line:1 char:1
+ & "D:\Node.js/node.exe" "D:\Node.js/node_modules/npm/bin/npx-cli.js"  ...
+ ~~~~~~~~~~~~~~~~~~~~~~~~~~~~~~~~~~~~~~~~~~~~~~~~~~~~~~~~~~~~~~~~~~~~~
    + CategoryInfo          : NotSpecified: ([90mstderr[2m... when API fails:String) [], RemoteException
    + FullyQualifiedErrorId : NativeCommandError
 
[22m[39m[PetService] createPet error: Error: Network error
    at E:/星寰海/03-源代码/小程序/miniapp/src/services/__tests__/petService.test.ts:136:45
    at file:///E:/%E6%98%9F%E5%AF%B0%E6%B5%B7/node_modules/[4m@vitest/runner[24m/dist/chunk-artifact.js:302:11
    at file:///E:/%E6%98%9F%E5%AF%B0%E6%B5%B7/node_modules/[4m@vitest/runner[24m/dist/chunk-artifact.js:1903:26
    at file:///E:/%E6%98%9F%E5%AF%B0%E6%B5%B7/node_modules/[4m@vitest/runner[24m/dist/chunk-artifact.js:2326:20
    at new Promise (<anonymous>)
    at runWithCancel (file:///E:/%E6%98%9F%E5%AF%B0%E6%B5%B7/node_modules/[4m@vitest/runner[24m/dist/chunk-artifact.j
s:2323:10)
    at file:///E:/%E6%98%9F%E5%AF%B0%E6%B5%B7/node_modules/[4m@vitest/runner[24m/dist/chunk-artifact.js:2305:20
    at new Promise (<anonymous>)
    at runWithTimeout (file:///E:/%E6%98%9F%E5%AF%B0%E6%B5%B7/node_modules/[4m@vitest/runner[24m/dist/chunk-artifact.
js:2272:10)
    at file:///E:/%E6%98%9F%E5%AF%B0%E6%B5%B7/node_modules/[4m@vitest/runner[24m/dist/chunk-artifact.js:2955:64

[90mstderr[2m | src/services/__tests__/petService.test.ts[2m > [22m[2mpetService[2m > [22m[2mgetPets[2m > [22
m[2mshould fallback to local storage when API fails
[22m[39m[PetService] getPets error: Error: Network error
    at E:/星寰海/03-源代码/小程序/miniapp/src/services/__tests__/petService.test.ts:168:44
    at file:///E:/%E6%98%9F%E5%AF%B0%E6%B5%B7/node_modules/[4m@vitest/runner[24m/dist/chunk-artifact.js:302:11
    at file:///E:/%E6%98%9F%E5%AF%B0%E6%B5%B7/node_modules/[4m@vitest/runner[24m/dist/chunk-artifact.js:1903:26
    at file:///E:/%E6%98%9F%E5%AF%B0%E6%B5%B7/node_modules/[4m@vitest/runner[24m/dist/chunk-artifact.js:2326:20
    at new Promise (<anonymous>)
    at runWithCancel (file:///E:/%E6%98%9F%E5%AF%B0%E6%B5%B7/node_modules/[4m@vitest/runner[24m/dist/chunk-artifact.j
s:2323:10)
    at file:///E:/%E6%98%9F%E5%AF%B0%E6%B5%B7/node_modules/[4m@vitest/runner[24m/dist/chunk-artifact.js:2305:20
    at new Promise (<anonymous>)
    at runWithTimeout (file:///E:/%E6%98%9F%E5%AF%B0%E6%B5%B7/node_modules/[4m@vitest/runner[24m/dist/chunk-artifact.
js:2272:10)
    at file:///E:/%E6%98%9F%E5%AF%B0%E6%B5%B7/node_modules/[4m@vitest/runner[24m/dist/chunk-artifact.js:2955:64

[90mstderr[2m | src/services/__tests__/petService.test.ts[2m > [22m[2mpetService[2m > [22m[2mgetPetById[2m > 
[22m[2mshould return null when pet not found
[22m[39m[PetService] getPetById error: Error: Not found
    at E:/星寰海/03-源代码/小程序/miniapp/src/services/__tests__/petService.test.ts:190:44
    at file:///E:/%E6%98%9F%E5%AF%B0%E6%B5%B7/node_modules/[4m@vitest/runner[24m/dist/chunk-artifact.js:302:11
    at file:///E:/%E6%98%9F%E5%AF%B0%E6%B5%B7/node_modules/[4m@vitest/runner[24m/dist/chunk-artifact.js:1903:26
    at file:///E:/%E6%98%9F%E5%AF%B0%E6%B5%B7/node_modules/[4m@vitest/runner[24m/dist/chunk-artifact.js:2326:20
    at new Promise (<anonymous>)
    at runWithCancel (file:///E:/%E6%98%9F%E5%AF%B0%E6%B5%B7/node_modules/[4m@vitest/runner[24m/dist/chunk-artifact.j
s:2323:10)
    at file:///E:/%E6%98%9F%E5%AF%B0%E6%B5%B7/node_modules/[4m@vitest/runner[24m/dist/chunk-artifact.js:2305:20
    at new Promise (<anonymous>)
    at runWithTimeout (file:///E:/%E6%98%9F%E5%AF%B0%E6%B5%B7/node_modules/[4m@vitest/runner[24m/dist/chunk-artifact.
js:2272:10)
    at file:///E:/%E6%98%9F%E5%AF%B0%E6%B5%B7/node_modules/[4m@vitest/runner[24m/dist/chunk-artifact.js:2955:64

[90mstderr[2m | src/services/__tests__/petService.test.ts[2m > [22m[2mpetService[2m > [22m[2mupdatePet[2m > [
22m[2mshould throw error when pet does not exist locally and API fails
[22m[39m[PetService] updatePet error: Error: Network error
    at E:/星寰海/03-源代码/小程序/miniapp/src/services/__tests__/petService.test.ts:211:44
    at file:///E:/%E6%98%9F%E5%AF%B0%E6%B5%B7/node_modules/[4m@vitest/runner[24m/dist/chunk-artifact.js:302:11
    at file:///E:/%E6%98%9F%E5%AF%B0%E6%B5%B7/node_modules/[4m@vitest/runner[24m/dist/chunk-artifact.js:1903:26
    at file:///E:/%E6%98%9F%E5%AF%B0%E6%B5%B7/node_modules/[4m@vitest/runner[24m/dist/chunk-artifact.js:2326:20
    at new Promise (<anonymous>)
    at runWithCancel (file:///E:/%E6%98%9F%E5%AF%B0%E6%B5%B7/node_modules/[4m@vitest/runner[24m/dist/chunk-artifact.j
s:2323:10)
    at file:///E:/%E6%98%9F%E5%AF%B0%E6%B5%B7/node_modules/[4m@vitest/runner[24m/dist/chunk-artifact.js:2305:20
    at new Promise (<anonymous>)
    at runWithTimeout (file:///E:/%E6%98%9F%E5%AF%B0%E6%B5%B7/node_modules/[4m@vitest/runner[24m/dist/chunk-artifact.
js:2272:10)
    at file:///E:/%E6%98%9F%E5%AF%B0%E6%B5%B7/node_modules/[4m@vitest/runner[24m/dist/chunk-artifact.js:2955:64

[90mstderr[2m | src/services/__tests__/petService.test.ts[2m > [22m[2mpetService[2m > [22m[2mdeletePet[2m > [
22m[2mshould still remove from local storage when API fails
[22m[39m[PetService] deletePet error: Error: Network error
    at E:/星寰海/03-源代码/小程序/miniapp/src/services/__tests__/petService.test.ts:226:47
    at file:///E:/%E6%98%9F%E5%AF%B0%E6%B5%B7/node_modules/[4m@vitest/runner[24m/dist/chunk-artifact.js:302:11
    at file:///E:/%E6%98%9F%E5%AF%B0%E6%B5%B7/node_modules/[4m@vitest/runner[24m/dist/chunk-artifact.js:1903:26
    at file:///E:/%E6%98%9F%E5%AF%B0%E6%B5%B7/node_modules/[4m@vitest/runner[24m/dist/chunk-artifact.js:2326:20
    at new Promise (<anonymous>)
    at runWithCancel (file:///E:/%E6%98%9F%E5%AF%B0%E6%B5%B7/node_modules/[4m@vitest/runner[24m/dist/chunk-artifact.j
s:2323:10)
    at file:///E:/%E6%98%9F%E5%AF%B0%E6%B5%B7/node_modules/[4m@vitest/runner[24m/dist/chunk-artifact.js:2305:20
    at new Promise (<anonymous>)
    at runWithTimeout (file:///E:/%E6%98%9F%E5%AF%B0%E6%B5%B7/node_modules/[4m@vitest/runner[24m/dist/chunk-artifact.
js:2272:10)
    at file:///E:/%E6%98%9F%E5%AF%B0%E6%B5%B7/node_modules/[4m@vitest/runner[24m/dist/chunk-artifact.js:2955:64

 [32m✓[39m src/services/__tests__/petService.test.ts [2m([22m[2m16 tests[22m[2m)[22m[32m 21[2mms[22m[39m
 [31m❯[39m src/data/petKnowledge/urgencyRules.test.ts [2m([22m[2m0 test[22m[2m)[22m
[90mstderr[2m | src/stores/__tests__/symptomStore.test.ts[2m > [22m[2msymptomStore[2m > [22m[2manalyzeSymptoms
[2m > [22m[2mshould set error when analysis fails
[22m[39m[SymptomStore] analyzeSymptoms failed: Error: Analysis failed
    at E:/星寰海/03-源代码/小程序/miniapp/src/stores/__tests__/symptomStore.test.ts:195:60
    at file:///E:/%E6%98%9F%E5%AF%B0%E6%B5%B7/node_modules/[4m@vitest/runner[24m/dist/chunk-artifact.js:302:11
    at file:///E:/%E6%98%9F%E5%AF%B0%E6%B5%B7/node_modules/[4m@vitest/runner[24m/dist/chunk-artifact.js:1903:26
    at file:///E:/%E6%98%9F%E5%AF%B0%E6%B5%B7/node_modules/[4m@vitest/runner[24m/dist/chunk-artifact.js:2326:20
    at new Promise (<anonymous>)
    at runWithCancel (file:///E:/%E6%98%9F%E5%AF%B0%E6%B5%B7/node_modules/[4m@vitest/runner[24m/dist/chunk-artifact.j
s:2323:10)
    at file:///E:/%E6%98%9F%E5%AF%B0%E6%B5%B7/node_modules/[4m@vitest/runner[24m/dist/chunk-artifact.js:2305:20
    at new Promise (<anonymous>)
    at runWithTimeout (file:///E:/%E6%98%9F%E5%AF%B0%E6%B5%B7/node_modules/[4m@vitest/runner[24m/dist/chunk-artifact.
js:2272:10)
    at file:///E:/%E6%98%9F%E5%AF%B0%E6%B5%B7/node_modules/[4m@vitest/runner[24m/dist/chunk-artifact.js:2955:64

[90mstderr[2m | src/stores/__tests__/symptomStore.test.ts[2m > [22m[2msymptomStore[2m > [22m[2mfetchHistory[2m
 > [22m[2mshould set error when fetch fails
[22m[39m[SymptomStore] fetchHistory failed: Error: Network error
    at E:/星寰海/03-源代码/小程序/miniapp/src/stores/__tests__/symptomStore.test.ts:255:60
    at file:///E:/%E6%98%9F%E5%AF%B0%E6%B5%B7/node_modules/[4m@vitest/runner[24m/dist/chunk-artifact.js:302:11
    at file:///E:/%E6%98%9F%E5%AF%B0%E6%B5%B7/node_modules/[4m@vitest/runner[24m/dist/chunk-artifact.js:1903:26
    at file:///E:/%E6%98%9F%E5%AF%B0%E6%B5%B7/node_modules/[4m@vitest/runner[24m/dist/chunk-artifact.js:2326:20
    at new Promise (<anonymous>)
    at runWithCancel (file:///E:/%E6%98%9F%E5%AF%B0%E6%B5%B7/node_modules/[4m@vitest/runner[24m/dist/chunk-artifact.j
s:2323:10)
    at file:///E:/%E6%98%9F%E5%AF%B0%E6%B5%B7/node_modules/[4m@vitest/runner[24m/dist/chunk-artifact.js:2305:20
    at new Promise (<anonymous>)
    at runWithTimeout (file:///E:/%E6%98%9F%E5%AF%B0%E6%B5%B7/node_modules/[4m@vitest/runner[24m/dist/chunk-artifact.
js:2272:10)
    at file:///E:/%E6%98%9F%E5%AF%B0%E6%B5%B7/node_modules/[4m@vitest/runner[24m/dist/chunk-artifact.js:2955:64

[90mstderr[2m | src/services/__tests__/membershipService.test.ts[2m > [22m[2mmembershipService[2m > [22m[2mgetM
embershipStatus[2m > [22m[2mshould return free status for new user
[22m[39m[MembershipService] getMembershipStatus error: Error: Network error
    at E:/星寰海/03-源代码/小程序/miniapp/src/services/__tests__/membershipService.test.ts:83:44
    at file:///E:/%E6%98%9F%E5%AF%B0%E6%B5%B7/node_modules/[4m@vitest/runner[24m/dist/chunk-artifact.js:302:11
    at file:///E:/%E6%98%9F%E5%AF%B0%E6%B5%B7/node_modules/[4m@vitest/runner[24m/dist/chunk-artifact.js:1903:26
    at file:///E:/%E6%98%9F%E5%AF%B0%E6%B5%B7/node_modules/[4m@vitest/runner[24m/dist/chunk-artifact.js:2326:20
    at new Promise (<anonymous>)
    at runWithCancel (file:///E:/%E6%98%9F%E5%AF%B0%E6%B5%B7/node_modules/[4m@vitest/runner[24m/dist/chunk-artifact.j
s:2323:10)
    at file:///E:/%E6%98%9F%E5%AF%B0%E6%B5%B7/node_modules/[4m@vitest/runner[24m/dist/chunk-artifact.js:2305:20
    at new Promise (<anonymous>)
    at runWithTimeout (file:///E:/%E6%98%9F%E5%AF%B0%E6%B5%B7/node_modules/[4m@vitest/runner[24m/dist/chunk-artifact.
js:2272:10)
    at file:///E:/%E6%98%9F%E5%AF%B0%E6%B5%B7/node_modules/[4m@vitest/runner[24m/dist/chunk-artifact.js:2955:64

[90mstderr[2m | src/stores/__tests__/symptomStore.test.ts[2m > [22m[2msymptomStore[2m > [22m[2mfetchCheckResult
[2m > [22m[2mshould set error when fetch fails
[22m[39m[SymptomStore] fetchCheckResult failed: Error: Network error
    at E:/星寰海/03-源代码/小程序/miniapp/src/stores/__tests__/symptomStore.test.ts:288:59
    at file:///E:/%E6%98%9F%E5%AF%B0%E6%B5%B7/node_modules/[4m@vitest/runner[24m/dist/chunk-artifact.js:302:11
    at file:///E:/%E6%98%9F%E5%AF%B0%E6%B5%B7/node_modules/[4m@vitest/runner[24m/dist/chunk-artifact.js:1903:26
    at file:///E:/%E6%98%9F%E5%AF%B0%E6%B5%B7/node_modules/[4m@vitest/runner[24m/dist/chunk-artifact.js:2326:20
    at new Promise (<anonymous>)
    at runWithCancel (file:///E:/%E6%98%9F%E5%AF%B0%E6%B5%B7/node_modules/[4m@vitest/runner[24m/dist/chunk-artifact.j
s:2323:10)
    at file:///E:/%E6%98%9F%E5%AF%B0%E6%B5%B7/node_modules/[4m@vitest/runner[24m/dist/chunk-artifact.js:2305:20
    at new Promise (<anonymous>)
    at runWithTimeout (file:///E:/%E6%98%9F%E5%AF%B0%E6%B5%B7/node_modules/[4m@vitest/runner[24m/dist/chunk-artifact.
js:2272:10)
    at file:///E:/%E6%98%9F%E5%AF%B0%E6%B5%B7/node_modules/[4m@vitest/runner[24m/dist/chunk-artifact.js:2955:64

[90mstderr[2m | src/services/__tests__/membershipService.test.ts[2m > [22m[2mmembershipService[2m > [22m[2mgetM
embershipStatus[2m > [22m[2mshould fallback to local storage when API fails
[22m[39m[MembershipService] getMembershipStatus error: Error: Network error
    at E:/星寰海/03-源代码/小程序/miniapp/src/services/__tests__/membershipService.test.ts:109:44
    at file:///E:/%E6%98%9F%E5%AF%B0%E6%B5%B7/node_modules/[4m@vitest/runner[24m/dist/chunk-artifact.js:302:11
    at file:///E:/%E6%98%9F%E5%AF%B0%E6%B5%B7/node_modules/[4m@vitest/runner[24m/dist/chunk-artifact.js:1903:26
    at file:///E:/%E6%98%9F%E5%AF%B0%E6%B5%B7/node_modules/[4m@vitest/runner[24m/dist/chunk-artifact.js:2326:20
    at new Promise (<anonymous>)
    at runWithCancel (file:///E:/%E6%98%9F%E5%AF%B0%E6%B5%B7/node_modules/[4m@vitest/runner[24m/dist/chunk-artifact.j
s:2323:10)
    at file:///E:/%E6%98%9F%E5%AF%B0%E6%B5%B7/node_modules/[4m@vitest/runner[24m/dist/chunk-artifact.js:2305:20
    at new Promise (<anonymous>)
    at runWithTimeout (file:///E:/%E6%98%9F%E5%AF%B0%E6%B5%B7/node_modules/[4m@vitest/runner[24m/dist/chunk-artifact.
js:2272:10)
    at file:///E:/%E6%98%9F%E5%AF%B0%E6%B5%B7/node_modules/[4m@vitest/runner[24m/dist/chunk-artifact.js:2955:64

[90mstderr[2m | src/stores/__tests__/symptomStore.test.ts[2m > [22m[2msymptomStore[2m > [22m[2mremoveCheckResul
t[2m > [22m[2mshould set error when delete fails
[22m[39m[SymptomStore] removeCheckResult failed: Error: Delete failed
    at E:/星寰海/03-源代码/小程序/miniapp/src/stores/__tests__/symptomStore.test.ts:349:62
    at file:///E:/%E6%98%9F%E5%AF%B0%E6%B5%B7/node_modules/[4m@vitest/runner[24m/dist/chunk-artifact.js:302:11
    at file:///E:/%E6%98%9F%E5%AF%B0%E6%B5%B7/node_modules/[4m@vitest/runner[24m/dist/chunk-artifact.js:1903:26
    at file:///E:/%E6%98%9F%E5%AF%B0%E6%B5%B7/node_modules/[4m@vitest/runner[24m/dist/chunk-artifact.js:2326:20
    at new Promise (<anonymous>)
    at runWithCancel (file:///E:/%E6%98%9F%E5%AF%B0%E6%B5%B7/node_modules/[4m@vitest/runner[24m/dist/chunk-artifact.j
s:2323:10)
    at file:///E:/%E6%98%9F%E5%AF%B0%E6%B5%B7/node_modules/[4m@vitest/runner[24m/dist/chunk-artifact.js:2305:20
    at new Promise (<anonymous>)
    at runWithTimeout (file:///E:/%E6%98%9F%E5%AF%B0%E6%B5%B7/node_modules/[4m@vitest/runner[24m/dist/chunk-artifact.
js:2272:10)
    at file:///E:/%E6%98%9F%E5%AF%B0%E6%B5%B7/node_modules/[4m@vitest/runner[24m/dist/chunk-artifact.js:2955:64

[90mstderr[2m | src/services/__tests__/membershipService.test.ts[2m > [22m[2mmembershipService[2m > [22m[2misMe
mber[2m > [22m[2mshould return false for new user
[22m[39m[MembershipService] getMembershipStatus error: Error: Network error
    at E:/星寰海/03-源代码/小程序/miniapp/src/services/__tests__/membershipService.test.ts:124:44
    at file:///E:/%E6%98%9F%E5%AF%B0%E6%B5%B7/node_modules/[4m@vitest/runner[24m/dist/chunk-artifact.js:302:11
    at file:///E:/%E6%98%9F%E5%AF%B0%E6%B5%B7/node_modules/[4m@vitest/runner[24m/dist/chunk-artifact.js:1903:26
    at file:///E:/%E6%98%9F%E5%AF%B0%E6%B5%B7/node_modules/[4m@vitest/runner[24m/dist/chunk-artifact.js:2326:20
    at new Promise (<anonymous>)
    at runWithCancel (file:///E:/%E6%98%9F%E5%AF%B0%E6%B5%B7/node_modules/[4m@vitest/runner[24m/dist/chunk-artifact.j
s:2323:10)
    at file:///E:/%E6%98%9F%E5%AF%B0%E6%B5%B7/node_modules/[4m@vitest/runner[24m/dist/chunk-artifact.js:2305:20
    at new Promise (<anonymous>)
    at runWithTimeout (file:///E:/%E6%98%9F%E5%AF%B0%E6%B5%B7/node_modules/[4m@vitest/runner[24m/dist/chunk-artifact.
js:2272:10)
    at file:///E:/%E6%98%9F%E5%AF%B0%E6%B5%B7/node_modules/[4m@vitest/runner[24m/dist/chunk-artifact.js:2955:64

[90mstderr[2m | src/services/__tests__/trendService.test.ts[2m > [22m[2mtrendService[2m > [22m[2mgetTrendData[
2m > [22m[2mshould fallback to checkin data when API fails
[22m[39m[TrendService] 获取趋势数据失败: Error: Network error
    at E:/星寰海/03-源代码/小程序/miniapp/src/services/__tests__/trendService.test.ts:136:44
    at file:///E:/%E6%98%9F%E5%AF%B0%E6%B5%B7/node_modules/[4m@vitest/runner[24m/dist/chunk-artifact.js:302:11
    at file:///E:/%E6%98%9F%E5%AF%B0%E6%B5%B7/node_modules/[4m@vitest/runner[24m/dist/chunk-artifact.js:1903:26
    at file:///E:/%E6%98%9F%E5%AF%B0%E6%B5%B7/node_modules/[4m@vitest/runner[24m/dist/chunk-artifact.js:2326:20
    at new Promise (<anonymous>)
    at runWithCancel (file:///E:/%E6%98%9F%E5%AF%B0%E6%B5%B7/node_modules/[4m@vitest/runner[24m/dist/chunk-artifact.j
s:2323:10)
    at file:///E:/%E6%98%9F%E5%AF%B0%E6%B5%B7/node_modules/[4m@vitest/runner[24m/dist/chunk-artifact.js:2305:20
    at new Promise (<anonymous>)
    at runWithTimeout (file:///E:/%E6%98%9F%E5%AF%B0%E6%B5%B7/node_modules/[4m@vitest/runner[24m/dist/chunk-artifact.
js:2272:10)
    at file:///E:/%E6%98%9F%E5%AF%B0%E6%B5%B7/node_modules/[4m@vitest/runner[24m/dist/chunk-artifact.js:2955:64

[90mstderr[2m | src/services/__tests__/membershipService.test.ts[2m > [22m[2mmembershipService[2m > [22m[2mgetQ
uotaLimit[2m > [22m[2mshould return limited quota for free user
[22m[39m[MembershipService] getMembershipStatus error: Error: Network error
    at E:/星寰海/03-源代码/小程序/miniapp/src/services/__tests__/membershipService.test.ts:134:44
    at file:///E:/%E6%98%9F%E5%AF%B0%E6%B5%B7/node_modules/[4m@vitest/runner[24m/dist/chunk-artifact.js:302:11
    at file:///E:/%E6%98%9F%E5%AF%B0%E6%B5%B7/node_modules/[4m@vitest/runner[24m/dist/chunk-artifact.js:1903:26
    at file:///E:/%E6%98%9F%E5%AF%B0%E6%B5%B7/node_modules/[4m@vitest/runner[24m/dist/chunk-artifact.js:2326:20
    at new Promise (<anonymous>)
    at runWithCancel (file:///E:/%E6%98%9F%E5%AF%B0%E6%B5%B7/node_modules/[4m@vitest/runner[24m/dist/chunk-artifact.j
s:2323:10)
    at file:///E:/%E6%98%9F%E5%AF%B0%E6%B5%B7/node_modules/[4m@vitest/runner[24m/dist/chunk-artifact.js:2305:20
    at new Promise (<anonymous>)
    at runWithTimeout (file:///E:/%E6%98%9F%E5%AF%B0%E6%B5%B7/node_modules/[4m@vitest/runner[24m/dist/chunk-artifact.
js:2272:10)
    at file:///E:/%E6%98%9F%E5%AF%B0%E6%B5%B7/node_modules/[4m@vitest/runner[24m/dist/chunk-artifact.js:2955:64

[90mstderr[2m | src/services/__tests__/trendService.test.ts[2m > [22m[2mtrendService[2m > [22m[2mgetTrendData[
2m > [22m[2mshould fallback to local storage when both API and checkin fail
[22m[39m[TrendService] 获取趋势数据失败: Error: Network error
    at E:/星寰海/03-源代码/小程序/miniapp/src/services/__tests__/trendService.test.ts:152:44
    at file:///E:/%E6%98%9F%E5%AF%B0%E6%B5%B7/node_modules/[4m@vitest/runner[24m/dist/chunk-artifact.js:302:11
    at file:///E:/%E6%98%9F%E5%AF%B0%E6%B5%B7/node_modules/[4m@vitest/runner[24m/dist/chunk-artifact.js:1903:26
    at file:///E:/%E6%98%9F%E5%AF%B0%E6%B5%B7/node_modules/[4m@vitest/runner[24m/dist/chunk-artifact.js:2326:20
    at new Promise (<anonymous>)
    at runWithCancel (file:///E:/%E6%98%9F%E5%AF%B0%E6%B5%B7/node_modules/[4m@vitest/runner[24m/dist/chunk-artifact.j
s:2323:10)
    at file:///E:/%E6%98%9F%E5%AF%B0%E6%B5%B7/node_modules/[4m@vitest/runner[24m/dist/chunk-artifact.js:2305:20
    at new Promise (<anonymous>)
    at runWithTimeout (file:///E:/%E6%98%9F%E5%AF%B0%E6%B5%B7/node_modules/[4m@vitest/runner[24m/dist/chunk-artifact.
js:2272:10)
    at file:///E:/%E6%98%9F%E5%AF%B0%E6%B5%B7/node_modules/[4m@vitest/runner[24m/dist/chunk-artifact.js:2955:64

[90mstderr[2m | src/services/__tests__/membershipService.test.ts[2m > [22m[2mmembershipService[2m > [22m[2mgetQ
uotaLimit[2m > [22m[2mshould return limited quota for free user
[22m[39m[MembershipService] getMembershipStatus error: Error: Network error
    at E:/星寰海/03-源代码/小程序/miniapp/src/services/__tests__/membershipService.test.ts:134:44
    at file:///E:/%E6%98%9F%E5%AF%B0%E6%B5%B7/node_modules/[4m@vitest/runner[24m/dist/chunk-artifact.js:302:11
    at file:///E:/%E6%98%9F%E5%AF%B0%E6%B5%B7/node_modules/[4m@vitest/runner[24m/dist/chunk-artifact.js:1903:26
    at file:///E:/%E6%98%9F%E5%AF%B0%E6%B5%B7/node_modules/[4m@vitest/runner[24m/dist/chunk-artifact.js:2326:20
    at new Promise (<anonymous>)
    at runWithCancel (file:///E:/%E6%98%9F%E5%AF%B0%E6%B5%B7/node_modules/[4m@vitest/runner[24m/dist/chunk-artifact.j
s:2323:10)
    at file:///E:/%E6%98%9F%E5%AF%B0%E6%B5%B7/node_modules/[4m@vitest/runner[24m/dist/chunk-artifact.js:2305:20
    at new Promise (<anonymous>)
    at runWithTimeout (file:///E:/%E6%98%9F%E5%AF%B0%E6%B5%B7/node_modules/[4m@vitest/runner[24m/dist/chunk-artifact.
js:2272:10)
    at file:///E:/%E6%98%9F%E5%AF%B0%E6%B5%B7/node_modules/[4m@vitest/runner[24m/dist/chunk-artifact.js:2955:64

[90mstderr[2m | src/services/__tests__/trendService.test.ts[2m > [22m[2mtrendService[2m > [22m[2mgetTrendData[
2m > [22m[2mshould return empty array when all sources fail with no local data
[22m[39m[TrendService] 获取趋势数据失败: Error: Network error
    at E:/星寰海/03-源代码/小程序/miniapp/src/services/__tests__/trendService.test.ts:165:44
    at file:///E:/%E6%98%9F%E5%AF%B0%E6%B5%B7/node_modules/[4m@vitest/runner[24m/dist/chunk-artifact.js:302:11
    at file:///E:/%E6%98%9F%E5%AF%B0%E6%B5%B7/node_modules/[4m@vitest/runner[24m/dist/chunk-artifact.js:1903:26
    at file:///E:/%E6%98%9F%E5%AF%B0%E6%B5%B7/node_modules/[4m@vitest/runner[24m/dist/chunk-artifact.js:2326:20
    at new Promise (<anonymous>)
    at runWithCancel (file:///E:/%E6%98%9F%E5%AF%B0%E6%B5%B7/node_modules/[4m@vitest/runner[24m/dist/chunk-artifact.j
s:2323:10)
    at file:///E:/%E6%98%9F%E5%AF%B0%E6%B5%B7/node_modules/[4m@vitest/runner[24m/dist/chunk-artifact.js:2305:20
    at new Promise (<anonymous>)
    at runWithTimeout (file:///E:/%E6%98%9F%E5%AF%B0%E6%B5%B7/node_modules/[4m@vitest/runner[24m/dist/chunk-artifact.
js:2272:10)
    at file:///E:/%E6%98%9F%E5%AF%B0%E6%B5%B7/node_modules/[4m@vitest/runner[24m/dist/chunk-artifact.js:2955:64

[90mstderr[2m | src/services/__tests__/membershipService.test.ts[2m > [22m[2mmembershipService[2m > [22m[2mgetQ
uotaLimit[2m > [22m[2mshould return limited quota for free user
[22m[39m[MembershipService] getMembershipStatus error: Error: Network error
    at E:/星寰海/03-源代码/小程序/miniapp/src/services/__tests__/membershipService.test.ts:134:44
    at file:///E:/%E6%98%9F%E5%AF%B0%E6%B5%B7/node_modules/[4m@vitest/runner[24m/dist/chunk-artifact.js:302:11
    at file:///E:/%E6%98%9F%E5%AF%B0%E6%B5%B7/node_modules/[4m@vitest/runner[24m/dist/chunk-artifact.js:1903:26
    at file:///E:/%E6%98%9F%E5%AF%B0%E6%B5%B7/node_modules/[4m@vitest/runner[24m/dist/chunk-artifact.js:2326:20
    at new Promise (<anonymous>)
    at runWithCancel (file:///E:/%E6%98%9F%E5%AF%B0%E6%B5%B7/node_modules/[4m@vitest/runner[24m/dist/chunk-artifact.j
s:2323:10)
    at file:///E:/%E6%98%9F%E5%AF%B0%E6%B5%B7/node_modules/[4m@vitest/runner[24m/dist/chunk-artifact.js:2305:20
    at new Promise (<anonymous>)
    at runWithTimeout (file:///E:/%E6%98%9F%E5%AF%B0%E6%B5%B7/node_modules/[4m@vitest/runner[24m/dist/chunk-artifact.
js:2272:10)
    at file:///E:/%E6%98%9F%E5%AF%B0%E6%B5%B7/node_modules/[4m@vitest/runner[24m/dist/chunk-artifact.js:2955:64

[90mstderr[2m | src/services/__tests__/membershipService.test.ts[2m > [22m[2mmembershipService[2m > [22m[2mgetQ
uotaLimit[2m > [22m[2mshould return limited quota for free user
[22m[39m[MembershipService] getMembershipStatus error: Error: Network error
    at E:/星寰海/03-源代码/小程序/miniapp/src/services/__tests__/membershipService.test.ts:134:44
    at file:///E:/%E6%98%9F%E5%AF%B0%E6%B5%B7/node_modules/[4m@vitest/runner[24m/dist/chunk-artifact.js:302:11
    at file:///E:/%E6%98%9F%E5%AF%B0%E6%B5%B7/node_modules/[4m@vitest/runner[24m/dist/chunk-artifact.js:1903:26
    at file:///E:/%E6%98%9F%E5%AF%B0%E6%B5%B7/node_modules/[4m@vitest/runner[24m/dist/chunk-artifact.js:2326:20
    at new Promise (<anonymous>)
    at runWithCancel (file:///E:/%E6%98%9F%E5%AF%B0%E6%B5%B7/node_modules/[4m@vitest/runner[24m/dist/chunk-artifact.j
s:2323:10)
    at file:///E:/%E6%98%9F%E5%AF%B0%E6%B5%B7/node_modules/[4m@vitest/runner[24m/dist/chunk-artifact.js:2305:20
    at new Promise (<anonymous>)
    at runWithTimeout (file:///E:/%E6%98%9F%E5%AF%B0%E6%B5%B7/node_modules/[4m@vitest/runner[24m/dist/chunk-artifact.
js:2272:10)
    at file:///E:/%E6%98%9F%E5%AF%B0%E6%B5%B7/node_modules/[4m@vitest/runner[24m/dist/chunk-artifact.js:2955:64

[90mstderr[2m | src/services/__tests__/membershipService.test.ts[2m > [22m[2mmembershipService[2m > [22m[2mgetQ
uotaLimit[2m > [22m[2mshould return 0 for unknown feature
[22m[39m[MembershipService] getMembershipStatus error: Error: Network error
    at E:/星寰海/03-源代码/小程序/miniapp/src/services/__tests__/membershipService.test.ts:143:44
    at file:///E:/%E6%98%9F%E5%AF%B0%E6%B5%B7/node_modules/[4m@vitest/runner[24m/dist/chunk-artifact.js:302:11
    at file:///E:/%E6%98%9F%E5%AF%B0%E6%B5%B7/node_modules/[4m@vitest/runner[24m/dist/chunk-artifact.js:1903:26
    at file:///E:/%E6%98%9F%E5%AF%B0%E6%B5%B7/node_modules/[4m@vitest/runner[24m/dist/chunk-artifact.js:2326:20
    at new Promise (<anonymous>)
    at runWithCancel (file:///E:/%E6%98%9F%E5%AF%B0%E6%B5%B7/node_modules/[4m@vitest/runner[24m/dist/chunk-artifact.j
s:2323:10)
    at file:///E:/%E6%98%9F%E5%AF%B0%E6%B5%B7/node_modules/[4m@vitest/runner[24m/dist/chunk-artifact.js:2305:20
    at new Promise (<anonymous>)
    at runWithTimeout (file:///E:/%E6%98%9F%E5%AF%B0%E6%B5%B7/node_modules/[4m@vitest/runner[24m/dist/chunk-artifact.
js:2272:10)
    at file:///E:/%E6%98%9F%E5%AF%B0%E6%B5%B7/node_modules/[4m@vitest/runner[24m/dist/chunk-artifact.js:2955:64

[90mstderr[2m | src/services/__tests__/membershipService.test.ts[2m > [22m[2mmembershipService[2m > [22m[2msubs
cribe[2m > [22m[2mshould fallback to local order when API fails
[22m[39m[MembershipService] subscribe error: Error: Network error
    at E:/星寰海/03-源代码/小程序/miniapp/src/services/__tests__/membershipService.test.ts:174:45
    at file:///E:/%E6%98%9F%E5%AF%B0%E6%B5%B7/node_modules/[4m@vitest/runner[24m/dist/chunk-artifact.js:302:11
    at file:///E:/%E6%98%9F%E5%AF%B0%E6%B5%B7/node_modules/[4m@vitest/runner[24m/dist/chunk-artifact.js:1903:26
    at file:///E:/%E6%98%9F%E5%AF%B0%E6%B5%B7/node_modules/[4m@vitest/runner[24m/dist/chunk-artifact.js:2326:20
    at new Promise (<anonymous>)
    at runWithCancel (file:///E:/%E6%98%9F%E5%AF%B0%E6%B5%B7/node_modules/[4m@vitest/runner[24m/dist/chunk-artifact.j
s:2323:10)
    at file:///E:/%E6%98%9F%E5%AF%B0%E6%B5%B7/node_modules/[4m@vitest/runner[24m/dist/chunk-artifact.js:2305:20
    at new Promise (<anonymous>)
    at runWithTimeout (file:///E:/%E6%98%9F%E5%AF%B0%E6%B5%B7/node_modules/[4m@vitest/runner[24m/dist/chunk-artifact.
js:2272:10)
    at file:///E:/%E6%98%9F%E5%AF%B0%E6%B5%B7/node_modules/[4m@vitest/runner[24m/dist/chunk-artifact.js:2955:64

[90mstderr[2m | src/services/__tests__/membershipService.test.ts[2m > [22m[2mmembershipService[2m > [22m[2msimu
latePaymentSuccess[2m > [22m[2mshould activate membership locally when API fails
[22m[39m[MembershipService] simulatePaymentSuccess error: Error: Network error
    at E:/星寰海/03-源代码/小程序/miniapp/src/services/__tests__/membershipService.test.ts:210:45
    at file:///E:/%E6%98%9F%E5%AF%B0%E6%B5%B7/node_modules/[4m@vitest/runner[24m/dist/chunk-artifact.js:302:11
    at file:///E:/%E6%98%9F%E5%AF%B0%E6%B5%B7/node_modules/[4m@vitest/runner[24m/dist/chunk-artifact.js:1903:26
    at file:///E:/%E6%98%9F%E5%AF%B0%E6%B5%B7/node_modules/[4m@vitest/runner[24m/dist/chunk-artifact.js:2326:20
    at new Promise (<anonymous>)
    at runWithCancel (file:///E:/%E6%98%9F%E5%AF%B0%E6%B5%B7/node_modules/[4m@vitest/runner[24m/dist/chunk-artifact.j
s:2323:10)
    at file:///E:/%E6%98%9F%E5%AF%B0%E6%B5%B7/node_modules/[4m@vitest/runner[24m/dist/chunk-artifact.js:2305:20
    at new Promise (<anonymous>)
    at runWithTimeout (file:///E:/%E6%98%9F%E5%AF%B0%E6%B5%B7/node_modules/[4m@vitest/runner[24m/dist/chunk-artifact.
js:2272:10)
    at file:///E:/%E6%98%9F%E5%AF%B0%E6%B5%B7/node_modules/[4m@vitest/runner[24m/dist/chunk-artifact.js:2955:64

[90mstderr[2m | src/services/__tests__/trendService.test.ts[2m > [22m[2mtrendService[2m > [22m[2mgetTrendSummar
y[2m > [22m[2mshould build local summary when API fails
[22m[39m[TrendService] 获取趋势摘要失败: Error: Network error
    at E:/星寰海/03-源代码/小程序/miniapp/src/services/__tests__/trendService.test.ts:188:44
    at file:///E:/%E6%98%9F%E5%AF%B0%E6%B5%B7/node_modules/[4m@vitest/runner[24m/dist/chunk-artifact.js:302:11
    at file:///E:/%E6%98%9F%E5%AF%B0%E6%B5%B7/node_modules/[4m@vitest/runner[24m/dist/chunk-artifact.js:1903:26
 [32m✓[39m src/stores/__tests__/symptomStore.test.ts [2m([22m[2m29 tests[22m[2m)[22m[32m 17[2mms[22m[39m
    at file:///E:/%E6%98%9F%E5%AF%B0%E6%B5%B7/node_modules/[4m@vitest/runner[24m/dist/chunk-artifact.js:2326:20
    at new Promise (<anonymous>)
    at runWithCancel (file:///E:/%E6%98%9F%E5%AF%B0%E6%B5%B7/node_modules/[4m@vitest/runner[24m/dist/chunk-artifact.j
s:2323:10)
    at file:///E:/%E6%98%9F%E5%AF%B0%E6%B5%B7/node_modules/[4m@vitest/runner[24m/dist/chunk-artifact.js:2305:20
    at new Promise (<anonymous>)
    at runWithTimeout (file:///E:/%E6%98%9F%E5%AF%B0%E6%B5%B7/node_modules/[4m@vitest/runner[24m/dist/chunk-artifact.
js:2272:10)
    at file:///E:/%E6%98%9F%E5%AF%B0%E6%B5%B7/node_modules/[4m@vitest/runner[24m/dist/chunk-artifact.js:2955:64

[90mstderr[2m | src/services/__tests__/membershipService.test.ts[2m > [22m[2mmembershipService[2m > [22m[2msimu
latePaymentSuccess[2m > [22m[2mshould throw when order not found
[22m[39m[MembershipService] simulatePaymentSuccess error: Error: Network error
    at E:/星寰海/03-源代码/小程序/miniapp/src/services/__tests__/membershipService.test.ts:225:45
    at file:///E:/%E6%98%9F%E5%AF%B0%E6%B5%B7/node_modules/[4m@vitest/runner[24m/dist/chunk-artifact.js:302:11
    at file:///E:/%E6%98%9F%E5%AF%B0%E6%B5%B7/node_modules/[4m@vitest/runner[24m/dist/chunk-artifact.js:1903:26
    at file:///E:/%E6%98%9F%E5%AF%B0%E6%B5%B7/node_modules/[4m@vitest/runner[24m/dist/chunk-artifact.js:2326:20
    at new Promise (<anonymous>)
    at runWithCancel (file:///E:/%E6%98%9F%E5%AF%B0%E6%B5%B7/node_modules/[4m@vitest/runner[24m/dist/chunk-artifact.j
s:2323:10)
    at file:///E:/%E6%98%9F%E5%AF%B0%E6%B5%B7/node_modules/[4m@vitest/runner[24m/dist/chunk-artifact.js:2305:20
    at new Promise (<anonymous>)
    at runWithTimeout (file:///E:/%E6%98%9F%E5%AF%B0%E6%B5%B7/node_modules/[4m@vitest/runner[24m/dist/chunk-artifact.
js:2272:10)
    at file:///E:/%E6%98%9F%E5%AF%B0%E6%B5%B7/node_modules/[4m@vitest/runner[24m/dist/chunk-artifact.js:2955:64

[90mstderr[2m | src/services/__tests__/trendService.test.ts[2m > [22m[2mtrendService[2m > [22m[2mgetTrendSummar
y[2m > [22m[2mshould build local summary when API fails
[22m[39m[TrendService] 获取趋势数据失败: Error: Network error
    at E:/星寰海/03-源代码/小程序/miniapp/src/services/__tests__/trendService.test.ts:188:44
    at file:///E:/%E6%98%9F%E5%AF%B0%E6%B5%B7/node_modules/[4m@vitest/runner[24m/dist/chunk-artifact.js:302:11
    at file:///E:/%E6%98%9F%E5%AF%B0%E6%B5%B7/node_modules/[4m@vitest/runner[24m/dist/chunk-artifact.js:1903:26
    at file:///E:/%E6%98%9F%E5%AF%B0%E6%B5%B7/node_modules/[4m@vitest/runner[24m/dist/chunk-artifact.js:2326:20
    at new Promise (<anonymous>)
    at runWithCancel (file:///E:/%E6%98%9F%E5%AF%B0%E6%B5%B7/node_modules/[4m@vitest/runner[24m/dist/chunk-artifact.j
s:2323:10)
    at file:///E:/%E6%98%9F%E5%AF%B0%E6%B5%B7/node_modules/[4m@vitest/runner[24m/dist/chunk-artifact.js:2305:20
    at new Promise (<anonymous>)
    at runWithTimeout (file:///E:/%E6%98%9F%E5%AF%B0%E6%B5%B7/node_modules/[4m@vitest/runner[24m/dist/chunk-artifact.
js:2272:10)
    at file:///E:/%E6%98%9F%E5%AF%B0%E6%B5%B7/node_modules/[4m@vitest/runner[24m/dist/chunk-artifact.js:2955:64

[90mstderr[2m | src/services/__tests__/membershipService.test.ts[2m > [22m[2mmembershipService[2m > [22m[2msimu
latePaymentSuccess[2m > [22m[2mshould throw when order is not pending
[22m[39m[MembershipService] simulatePaymentSuccess error: Error: Network error
    at E:/星寰海/03-源代码/小程序/miniapp/src/services/__tests__/membershipService.test.ts:233:45
    at file:///E:/%E6%98%9F%E5%AF%B0%E6%B5%B7/node_modules/[4m@vitest/runner[24m/dist/chunk-artifact.js:302:11
    at file:///E:/%E6%98%9F%E5%AF%B0%E6%B5%B7/node_modules/[4m@vitest/runner[24m/dist/chunk-artifact.js:1903:26
    at file:///E:/%E6%98%9F%E5%AF%B0%E6%B5%B7/node_modules/[4m@vitest/runner[24m/dist/chunk-artifact.js:2326:20
    at new Promise (<anonymous>)
    at runWithCancel (file:///E:/%E6%98%9F%E5%AF%B0%E6%B5%B7/node_modules/[4m@vitest/runner[24m/dist/chunk-artifact.j
s:2323:10)
    at file:///E:/%E6%98%9F%E5%AF%B0%E6%B5%B7/node_modules/[4m@vitest/runner[24m/dist/chunk-artifact.js:2305:20
    at new Promise (<anonymous>)
    at runWithTimeout (file:///E:/%E6%98%9F%E5%AF%B0%E6%B5%B7/node_modules/[4m@vitest/runner[24m/dist/chunk-artifact.
js:2272:10)
    at file:///E:/%E6%98%9F%E5%AF%B0%E6%B5%B7/node_modules/[4m@vitest/runner[24m/dist/chunk-artifact.js:2955:64

[90mstderr[2m | src/services/__tests__/trendService.test.ts[2m > [22m[2mtrendService[2m > [22m[2mgetTrendSummar
y[2m > [22m[2mshould handle week period
[22m[39m[TrendService] 获取趋势摘要失败: Error: Network error
    at E:/星寰海/03-源代码/小程序/miniapp/src/services/__tests__/trendService.test.ts:204:44
    at file:///E:/%E6%98%9F%E5%AF%B0%E6%B5%B7/node_modules/[4m@vitest/runner[24m/dist/chunk-artifact.js:302:11
    at file:///E:/%E6%98%9F%E5%AF%B0%E6%B5%B7/node_modules/[4m@vitest/runner[24m/dist/chunk-artifact.js:1903:26
    at file:///E:/%E6%98%9F%E5%AF%B0%E6%B5%B7/node_modules/[4m@vitest/runner[24m/dist/chunk-artifact.js:2326:20
    at new Promise (<anonymous>)
    at runWithCancel (file:///E:/%E6%98%9F%E5%AF%B0%E6%B5%B7/node_modules/[4m@vitest/runner[24m/dist/chunk-artifact.j
s:2323:10)
    at file:///E:/%E6%98%9F%E5%AF%B0%E6%B5%B7/node_modules/[4m@vitest/runner[24m/dist/chunk-artifact.js:2305:20
    at new Promise (<anonymous>)
    at runWithTimeout (file:///E:/%E6%98%9F%E5%AF%B0%E6%B5%B7/node_modules/[4m@vitest/runner[24m/dist/chunk-artifact.
js:2272:10)
    at file:///E:/%E6%98%9F%E5%AF%B0%E6%B5%B7/node_modules/[4m@vitest/runner[24m/dist/chunk-artifact.js:2955:64

[90mstderr[2m | src/services/__tests__/membershipService.test.ts[2m > [22m[2mmembershipService[2m > [22m[2mcanc
elMembership[2m > [22m[2mshould set status to cancelled locally when API fails
[22m[39m[MembershipService] cancelMembership error: Error: Network error
    at E:/星寰海/03-源代码/小程序/miniapp/src/services/__tests__/membershipService.test.ts:254:45
    at file:///E:/%E6%98%9F%E5%AF%B0%E6%B5%B7/node_modules/[4m@vitest/runner[24m/dist/chunk-artifact.js:302:11
    at file:///E:/%E6%98%9F%E5%AF%B0%E6%B5%B7/node_modules/[4m@vitest/runner[24m/dist/chunk-artifact.js:1903:26
    at file:///E:/%E6%98%9F%E5%AF%B0%E6%B5%B7/node_modules/[4m@vitest/runner[24m/dist/chunk-artifact.js:2326:20
    at new Promise (<anonymous>)
    at runWithCancel (file:///E:/%E6%98%9F%E5%AF%B0%E6%B5%B7/node_modules/[4m@vitest/runner[24m/dist/chunk-artifact.j
s:2323:10)
    at file:///E:/%E6%98%9F%E5%AF%B0%E6%B5%B7/node_modules/[4m@vitest/runner[24m/dist/chunk-artifact.js:2305:20
    at new Promise (<anonymous>)
    at runWithTimeout (file:///E:/%E6%98%9F%E5%AF%B0%E6%B5%B7/node_modules/[4m@vitest/runner[24m/dist/chunk-artifact.
js:2272:10)
    at file:///E:/%E6%98%9F%E5%AF%B0%E6%B5%B7/node_modules/[4m@vitest/runner[24m/dist/chunk-artifact.js:2955:64

[90mstderr[2m | src/services/__tests__/trendService.test.ts[2m > [22m[2mtrendService[2m > [22m[2mgetTrendSummar
y[2m > [22m[2mshould handle week period
[22m[39m[TrendService] 获取趋势数据失败: Error: Network error
    at E:/星寰海/03-源代码/小程序/miniapp/src/services/__tests__/trendService.test.ts:204:44
    at file:///E:/%E6%98%9F%E5%AF%B0%E6%B5%B7/node_modules/[4m@vitest/runner[24m/dist/chunk-artifact.js:302:11
    at file:///E:/%E6%98%9F%E5%AF%B0%E6%B5%B7/node_modules/[4m@vitest/runner[24m/dist/chunk-artifact.js:1903:26
    at file:///E:/%E6%98%9F%E5%AF%B0%E6%B5%B7/node_modules/[4m@vitest/runner[24m/dist/chunk-artifact.js:2326:20
    at new Promise (<anonymous>)
    at runWithCancel (file:///E:/%E6%98%9F%E5%AF%B0%E6%B5%B7/node_modules/[4m@vitest/runner[24m/dist/chunk-artifact.j
s:2323:10)
    at file:///E:/%E6%98%9F%E5%AF%B0%E6%B5%B7/node_modules/[4m@vitest/runner[24m/dist/chunk-artifact.js:2305:20
    at new Promise (<anonymous>)
    at runWithTimeout (file:///E:/%E6%98%9F%E5%AF%B0%E6%B5%B7/node_modules/[4m@vitest/runner[24m/dist/chunk-artifact.
js:2272:10)
    at file:///E:/%E6%98%9F%E5%AF%B0%E6%B5%B7/node_modules/[4m@vitest/runner[24m/dist/chunk-artifact.js:2955:64

[90mstderr[2m | src/services/__tests__/membershipService.test.ts[2m > [22m[2mmembershipService[2m > [22m[2mcanc
elMembership[2m > [22m[2mshould throw when not a member
[22m[39m[MembershipService] cancelMembership error: Error: Network error
    at E:/星寰海/03-源代码/小程序/miniapp/src/services/__tests__/membershipService.test.ts:262:45
    at file:///E:/%E6%98%9F%E5%AF%B0%E6%B5%B7/node_modules/[4m@vitest/runner[24m/dist/chunk-artifact.js:302:11
    at file:///E:/%E6%98%9F%E5%AF%B0%E6%B5%B7/node_modules/[4m@vitest/runner[24m/dist/chunk-artifact.js:1903:26
    at file:///E:/%E6%98%9F%E5%AF%B0%E6%B5%B7/node_modules/[4m@vitest/runner[24m/dist/chunk-artifact.js:2326:20
    at new Promise (<anonymous>)
    at runWithCancel (file:///E:/%E6%98%9F%E5%AF%B0%E6%B5%B7/node_modules/[4m@vitest/runner[24m/dist/chunk-artifact.j
s:2323:10)
    at file:///E:/%E6%98%9F%E5%AF%B0%E6%B5%B7/node_modules/[4m@vitest/runner[24m/dist/chunk-artifact.js:2305:20
    at new Promise (<anonymous>)
    at runWithTimeout (file:///E:/%E6%98%9F%E5%AF%B0%E6%B5%B7/node_modules/[4m@vitest/runner[24m/dist/chunk-artifact.
js:2272:10)
    at file:///E:/%E6%98%9F%E5%AF%B0%E6%B5%B7/node_modules/[4m@vitest/runner[24m/dist/chunk-artifact.js:2955:64

[90mstderr[2m | src/services/__tests__/trendService.test.ts[2m > [22m[2mtrendService[2m > [22m[2mgetTrendSummar
y[2m > [22m[2mshould handle quarter period
[22m[39m[TrendService] 获取趋势摘要失败: Error: Network error
    at E:/星寰海/03-源代码/小程序/miniapp/src/services/__tests__/trendService.test.ts:214:44
    at file:///E:/%E6%98%9F%E5%AF%B0%E6%B5%B7/node_modules/[4m@vitest/runner[24m/dist/chunk-artifact.js:302:11
    at file:///E:/%E6%98%9F%E5%AF%B0%E6%B5%B7/node_modules/[4m@vitest/runner[24m/dist/chunk-artifact.js:1903:26
    at file:///E:/%E6%98%9F%E5%AF%B0%E6%B5%B7/node_modules/[4m@vitest/runner[24m/dist/chunk-artifact.js:2326:20
    at new Promise (<anonymous>)
    at runWithCancel (file:///E:/%E6%98%9F%E5%AF%B0%E6%B5%B7/node_modules/[4m@vitest/runner[24m/dist/chunk-artifact.j
s:2323:10)
    at file:///E:/%E6%98%9F%E5%AF%B0%E6%B5%B7/node_modules/[4m@vitest/runner[24m/dist/chunk-artifact.js:2305:20
    at new Promise (<anonymous>)
    at runWithTimeout (file:///E:/%E6%98%9F%E5%AF%B0%E6%B5%B7/node_modules/[4m@vitest/runner[24m/dist/chunk-artifact.
js:2272:10)
    at file:///E:/%E6%98%9F%E5%AF%B0%E6%B5%B7/node_modules/[4m@vitest/runner[24m/dist/chunk-artifact.js:2955:64

[90mstderr[2m | src/services/__tests__/membershipService.test.ts[2m > [22m[2mmembershipService[2m > [22m[2mrest
orePurchase[2m > [22m[2mshould fallback to local membership when API fails
[22m[39m[MembershipService] restorePurchase error: Error: Network error
    at E:/星寰海/03-源代码/小程序/miniapp/src/services/__tests__/membershipService.test.ts:287:45
    at file:///E:/%E6%98%9F%E5%AF%B0%E6%B5%B7/node_modules/[4m@vitest/runner[24m/dist/chunk-artifact.js:302:11
    at file:///E:/%E6%98%9F%E5%AF%B0%E6%B5%B7/node_modules/[4m@vitest/runner[24m/dist/chunk-artifact.js:1903:26
    at file:///E:/%E6%98%9F%E5%AF%B0%E6%B5%B7/node_modules/[4m@vitest/runner[24m/dist/chunk-artifact.js:2326:20
    at new Promise (<anonymous>)
    at runWithCancel (file:///E:/%E6%98%9F%E5%AF%B0%E6%B5%B7/node_modules/[4m@vitest/runner[24m/dist/chunk-artifact.j
s:2323:10)
    at file:///E:/%E6%98%9F%E5%AF%B0%E6%B5%B7/node_modules/[4m@vitest/runner[24m/dist/chunk-artifact.js:2305:20
    at new Promise (<anonymous>)
    at runWithTimeout (file:///E:/%E6%98%9F%E5%AF%B0%E6%B5%B7/node_modules/[4m@vitest/runner[24m/dist/chunk-artifact.
js:2272:10)
    at file:///E:/%E6%98%9F%E5%AF%B0%E6%B5%B7/node_modules/[4m@vitest/runner[24m/dist/chunk-artifact.js:2955:64

[90mstderr[2m | src/services/__tests__/trendService.test.ts[2m > [22m[2mtrendService[2m > [22m[2mgetTrendSummar
y[2m > [22m[2mshould handle quarter period
[22m[39m[TrendService] 获取趋势数据失败: Error: Network error
    at E:/星寰海/03-源代码/小程序/miniapp/src/services/__tests__/trendService.test.ts:214:44
    at file:///E:/%E6%98%9F%E5%AF%B0%E6%B5%B7/node_modules/[4m@vitest/runner[24m/dist/chunk-artifact.js:302:11
    at file:///E:/%E6%98%9F%E5%AF%B0%E6%B5%B7/node_modules/[4m@vitest/runner[24m/dist/chunk-artifact.js:1903:26
    at file:///E:/%E6%98%9F%E5%AF%B0%E6%B5%B7/node_modules/[4m@vitest/runner[24m/dist/chunk-artifact.js:2326:20
    at new Promise (<anonymous>)
    at runWithCancel (file:///E:/%E6%98%9F%E5%AF%B0%E6%B5%B7/node_modules/[4m@vitest/runner[24m/dist/chunk-artifact.j
s:2323:10)
    at file:///E:/%E6%98%9F%E5%AF%B0%E6%B5%B7/node_modules/[4m@vitest/runner[24m/dist/chunk-artifact.js:2305:20
    at new Promise (<anonymous>)
    at runWithTimeout (file:///E:/%E6%98%9F%E5%AF%B0%E6%B5%B7/node_modules/[4m@vitest/runner[24m/dist/chunk-artifact.
js:2272:10)
    at file:///E:/%E6%98%9F%E5%AF%B0%E6%B5%B7/node_modules/[4m@vitest/runner[24m/dist/chunk-artifact.js:2955:64

[90mstderr[2m | src/services/__tests__/membershipService.test.ts[2m > [22m[2mmembershipService[2m > [22m[2mrest
orePurchase[2m > [22m[2mshould return free status when no local record exists
[22m[39m[MembershipService] restorePurchase error: Error: Network error
    at E:/星寰海/03-源代码/小程序/miniapp/src/services/__tests__/membershipService.test.ts:296:45
    at file:///E:/%E6%98%9F%E5%AF%B0%E6%B5%B7/node_modules/[4m@vitest/runner[24m/dist/chunk-artifact.js:302:11
    at file:///E:/%E6%98%9F%E5%AF%B0%E6%B5%B7/node_modules/[4m@vitest/runner[24m/dist/chunk-artifact.js:1903:26
    at file:///E:/%E6%98%9F%E5%AF%B0%E6%B5%B7/node_modules/[4m@vitest/runner[24m/dist/chunk-artifact.js:2326:20
    at new Promise (<anonymous>)
    at runWithCancel (file:///E:/%E6%98%9F%E5%AF%B0%E6%B5%B7/node_modules/[4m@vitest/runner[24m/dist/chunk-artifact.j
s:2323:10)
    at file:///E:/%E6%98%9F%E5%AF%B0%E6%B5%B7/node_modules/[4m@vitest/runner[24m/dist/chunk-artifact.js:2305:20
    at new Promise (<anonymous>)
    at runWithTimeout (file:///E:/%E6%98%9F%E5%AF%B0%E6%B5%B7/node_modules/[4m@vitest/runner[24m/dist/chunk-artifact.
js:2272:10)
    at file:///E:/%E6%98%9F%E5%AF%B0%E6%B5%B7/node_modules/[4m@vitest/runner[24m/dist/chunk-artifact.js:2955:64

[90mstderr[2m | src/services/__tests__/trendService.test.ts[2m > [22m[2mtrendService[2m > [22m[2mgetMonthlyRepo
rt[2m > [22m[2mshould build local report when API fails
[22m[39m[TrendService] 获取月度报告失败: Error: Network error
    at E:/星寰海/03-源代码/小程序/miniapp/src/services/__tests__/trendService.test.ts:238:44
    at file:///E:/%E6%98%9F%E5%AF%B0%E6%B5%B7/node_modules/[4m@vitest/runner[24m/dist/chunk-artifact.js:302:11
    at file:///E:/%E6%98%9F%E5%AF%B0%E6%B5%B7/node_modules/[4m@vitest/runner[24m/dist/chunk-artifact.js:1903:26
    at file:///E:/%E6%98%9F%E5%AF%B0%E6%B5%B7/node_modules/[4m@vitest/runner[24m/dist/chunk-artifact.js:2326:20
    at new Promise (<anonymous>)
    at runWithCancel (file:///E:/%E6%98%9F%E5%AF%B0%E6%B5%B7/node_modules/[4m@vitest/runner[24m/dist/chunk-artifact.j
s:2323:10)
    at file:///E:/%E6%98%9F%E5%AF%B0%E6%B5%B7/node_modules/[4m@vitest/runner[24m/dist/chunk-artifact.js:2305:20
    at new Promise (<anonymous>)
    at runWithTimeout (file:///E:/%E6%98%9F%E5%AF%B0%E6%B5%B7/node_modules/[4m@vitest/runner[24m/dist/chunk-artifact.
js:2272:10)
    at file:///E:/%E6%98%9F%E5%AF%B0%E6%B5%B7/node_modules/[4m@vitest/runner[24m/dist/chunk-artifact.js:2955:64

[90mstderr[2m | src/services/__tests__/membershipService.test.ts[2m > [22m[2mmembershipService[2m > [22m[2mgetO
rders[2m > [22m[2mshould fallback to local orders when API fails
[22m[39m[MembershipService] getOrders error: Error: Network error
    at E:/星寰海/03-源代码/小程序/miniapp/src/services/__tests__/membershipService.test.ts:325:44
    at file:///E:/%E6%98%9F%E5%AF%B0%E6%B5%B7/node_modules/[4m@vitest/runner[24m/dist/chunk-artifact.js:302:11
    at file:///E:/%E6%98%9F%E5%AF%B0%E6%B5%B7/node_modules/[4m@vitest/runner[24m/dist/chunk-artifact.js:1903:26
    at file:///E:/%E6%98%9F%E5%AF%B0%E6%B5%B7/node_modules/[4m@vitest/runner[24m/dist/chunk-artifact.js:2326:20
    at new Promise (<anonymous>)
    at runWithCancel (file:///E:/%E6%98%9F%E5%AF%B0%E6%B5%B7/node_modules/[4m@vitest/runner[24m/dist/chunk-artifact.j
s:2323:10)
    at file:///E:/%E6%98%9F%E5%AF%B0%E6%B5%B7/node_modules/[4m@vitest/runner[24m/dist/chunk-artifact.js:2305:20
    at new Promise (<anonymous>)
    at runWithTimeout (file:///E:/%E6%98%9F%E5%AF%B0%E6%B5%B7/node_modules/[4m@vitest/runner[24m/dist/chunk-artifact.
js:2272:10)
    at file:///E:/%E6%98%9F%E5%AF%B0%E6%B5%B7/node_modules/[4m@vitest/runner[24m/dist/chunk-artifact.js:2955:64

[90mstderr[2m | src/services/__tests__/trendService.test.ts[2m > [22m[2mtrendService[2m > [22m[2mgetMonthlyRepo
rt[2m > [22m[2mshould build local report when API fails
[22m[39m[TrendService] 获取趋势数据失败: Error: Network error
    at E:/星寰海/03-源代码/小程序/miniapp/src/services/__tests__/trendService.test.ts:238:44
    at file:///E:/%E6%98%9F%E5%AF%B0%E6%B5%B7/node_modules/[4m@vitest/runner[24m/dist/chunk-artifact.js:302:11
    at file:///E:/%E6%98%9F%E5%AF%B0%E6%B5%B7/node_modules/[4m@vitest/runner[24m/dist/chunk-artifact.js:1903:26
    at file:///E:/%E6%98%9F%E5%AF%B0%E6%B5%B7/node_modules/[4m@vitest/runner[24m/dist/chunk-artifact.js:2326:20
    at new Promise (<anonymous>)
    at runWithCancel (file:///E:/%E6%98%9F%E5%AF%B0%E6%B5%B7/node_modules/[4m@vitest/runner[24m/dist/chunk-artifact.j
s:2323:10)
    at file:///E:/%E6%98%9F%E5%AF%B0%E6%B5%B7/node_modules/[4m@vitest/runner[24m/dist/chunk-artifact.js:2305:20
    at new Promise (<anonymous>)
    at runWithTimeout (file:///E:/%E6%98%9F%E5%AF%B0%E6%B5%B7/node_modules/[4m@vitest/runner[24m/dist/chunk-artifact.
js:2272:10)
    at file:///E:/%E6%98%9F%E5%AF%B0%E6%B5%B7/node_modules/[4m@vitest/runner[24m/dist/chunk-artifact.js:2955:64

[90mstderr[2m | src/services/__tests__/membershipService.test.ts[2m > [22m[2mmembershipService[2m > [22m[2mgetO
rders[2m > [22m[2mshould return empty array when no orders exist
[22m[39m[MembershipService] getOrders error: Error: Network error
    at E:/星寰海/03-源代码/小程序/miniapp/src/services/__tests__/membershipService.test.ts:334:44
    at file:///E:/%E6%98%9F%E5%AF%B0%E6%B5%B7/node_modules/[4m@vitest/runner[24m/dist/chunk-artifact.js:302:11
    at file:///E:/%E6%98%9F%E5%AF%B0%E6%B5%B7/node_modules/[4m@vitest/runner[24m/dist/chunk-artifact.js:1903:26
    at file:///E:/%E6%98%9F%E5%AF%B0%E6%B5%B7/node_modules/[4m@vitest/runner[24m/dist/chunk-artifact.js:2326:20
    at new Promise (<anonymous>)
    at runWithCancel (file:///E:/%E6%98%9F%E5%AF%B0%E6%B5%B7/node_modules/[4m@vitest/runner[24m/dist/chunk-artifact.j
s:2323:10)
    at file:///E:/%E6%98%9F%E5%AF%B0%E6%B5%B7/node_modules/[4m@vitest/runner[24m/dist/chunk-artifact.js:2305:20
    at new Promise (<anonymous>)
    at runWithTimeout (file:///E:/%E6%98%9F%E5%AF%B0%E6%B5%B7/node_modules/[4m@vitest/runner[24m/dist/chunk-artifact.
js:2272:10)
    at file:///E:/%E6%98%9F%E5%AF%B0%E6%B5%B7/node_modules/[4m@vitest/runner[24m/dist/chunk-artifact.js:2955:64

[90mstderr[2m | src/services/__tests__/trendService.test.ts[2m > [22m[2mtrendService[2m > [22m[2mgetMonthlyRepo
rt[2m > [22m[2mshould handle month with 31 days
[22m[39m[TrendService] 获取月度报告失败: Error: Network error
    at E:/星寰海/03-源代码/小程序/miniapp/src/services/__tests__/trendService.test.ts:256:44
    at file:///E:/%E6%98%9F%E5%AF%B0%E6%B5%B7/node_modules/[4m@vitest/runner[24m/dist/chunk-artifact.js:302:11
    at file:///E:/%E6%98%9F%E5%AF%B0%E6%B5%B7/node_modules/[4m@vitest/runner[24m/dist/chunk-artifact.js:1903:26
    at file:///E:/%E6%98%9F%E5%AF%B0%E6%B5%B7/node_modules/[4m@vitest/runner[24m/dist/chunk-artifact.js:2326:20
    at new Promise (<anonymous>)
    at runWithCancel (file:///E:/%E6%98%9F%E5%AF%B0%E6%B5%B7/node_modules/[4m@vitest/runner[24m/dist/chunk-artifact.j
s:2323:10)
    at file:///E:/%E6%98%9F%E5%AF%B0%E6%B5%B7/node_modules/[4m@vitest/runner[24m/dist/chunk-artifact.js:2305:20
    at new Promise (<anonymous>)
    at runWithTimeout (file:///E:/%E6%98%9F%E5%AF%B0%E6%B5%B7/node_modules/[4m@vitest/runner[24m/dist/chunk-artifact.
js:2272:10)
    at file:///E:/%E6%98%9F%E5%AF%B0%E6%B5%B7/node_modules/[4m@vitest/runner[24m/dist/chunk-artifact.js:2955:64

[90mstderr[2m | src/services/__tests__/membershipService.test.ts[2m > [22m[2mmembershipService[2m > [22m[2mshou
ldShowPaywall[2m > [22m[2mshould return true for free user on first visit
[22m[39m[MembershipService] getMembershipStatus error: Error: Network error
    at E:/星寰海/03-源代码/小程序/miniapp/src/services/__tests__/membershipService.test.ts:348:44
    at file:///E:/%E6%98%9F%E5%AF%B0%E6%B5%B7/node_modules/[4m@vitest/runner[24m/dist/chunk-artifact.js:302:11
    at file:///E:/%E6%98%9F%E5%AF%B0%E6%B5%B7/node_modules/[4m@vitest/runner[24m/dist/chunk-artifact.js:1903:26
    at file:///E:/%E6%98%9F%E5%AF%B0%E6%B5%B7/node_modules/[4m@vitest/runner[24m/dist/chunk-artifact.js:2326:20
    at new Promise (<anonymous>)
    at runWithCancel (file:///E:/%E6%98%9F%E5%AF%B0%E6%B5%B7/node_modules/[4m@vitest/runner[24m/dist/chunk-artifact.j
s:2323:10)
    at file:///E:/%E6%98%9F%E5%AF%B0%E6%B5%B7/node_modules/[4m@vitest/runner[24m/dist/chunk-artifact.js:2305:20
    at new Promise (<anonymous>)
    at runWithTimeout (file:///E:/%E6%98%9F%E5%AF%B0%E6%B5%B7/node_modules/[4m@vitest/runner[24m/dist/chunk-artifact.
js:2272:10)
    at file:///E:/%E6%98%9F%E5%AF%B0%E6%B5%B7/node_modules/[4m@vitest/runner[24m/dist/chunk-artifact.js:2955:64

[90mstderr[2m | src/services/__tests__/trendService.test.ts[2m > [22m[2mtrendService[2m > [22m[2mgetMonthlyRepo
rt[2m > [22m[2mshould handle month with 31 days
[22m[39m[TrendService] 获取趋势数据失败: Error: Network error
    at E:/星寰海/03-源代码/小程序/miniapp/src/services/__tests__/trendService.test.ts:256:44
    at file:///E:/%E6%98%9F%E5%AF%B0%E6%B5%B7/node_modules/[4m@vitest/runner[24m/dist/chunk-artifact.js:302:11
    at file:///E:/%E6%98%9F%E5%AF%B0%E6%B5%B7/node_modules/[4m@vitest/runner[24m/dist/chunk-artifact.js:1903:26
    at file:///E:/%E6%98%9F%E5%AF%B0%E6%B5%B7/node_modules/[4m@vitest/runner[24m/dist/chunk-artifact.js:2326:20
    at new Promise (<anonymous>)
    at runWithCancel (file:///E:/%E6%98%9F%E5%AF%B0%E6%B5%B7/node_modules/[4m@vitest/runner[24m/dist/chunk-artifact.j
s:2323:10)
    at file:///E:/%E6%98%9F%E5%AF%B0%E6%B5%B7/node_modules/[4m@vitest/runner[24m/dist/chunk-artifact.js:2305:20
    at new Promise (<anonymous>)
    at runWithTimeout (file:///E:/%E6%98%9F%E5%AF%B0%E6%B5%B7/node_modules/[4m@vitest/runner[24m/dist/chunk-artifact.
js:2272:10)
    at file:///E:/%E6%98%9F%E5%AF%B0%E6%B5%B7/node_modules/[4m@vitest/runner[24m/dist/chunk-artifact.js:2955:64

[90mstderr[2m | src/services/__tests__/membershipService.test.ts[2m > [22m[2mmembershipService[2m > [22m[2mmark
PaywallShown[2m > [22m[2mshould not affect different feature
[22m[39m[MembershipService] getMembershipStatus error: Error: Network error
    at E:/星寰海/03-源代码/小程序/miniapp/src/services/__tests__/membershipService.test.ts:381:44
    at file:///E:/%E6%98%9F%E5%AF%B0%E6%B5%B7/node_modules/[4m@vitest/runner[24m/dist/chunk-artifact.js:302:11
    at file:///E:/%E6%98%9F%E5%AF%B0%E6%B5%B7/node_modules/[4m@vitest/runner[24m/dist/chunk-artifact.js:1903:26
    at file:///E:/%E6%98%9F%E5%AF%B0%E6%B5%B7/node_modules/[4m@vitest/runner[24m/dist/chunk-artifact.js:2326:20
    at new Promise (<anonymous>)
    at runWithCancel (file:///E:/%E6%98%9F%E5%AF%B0%E6%B5%B7/node_modules/[4m@vitest/runner[24m/dist/chunk-artifact.j
s:2323:10)
    at file:///E:/%E6%98%9F%E5%AF%B0%E6%B5%B7/node_modules/[4m@vitest/runner[24m/dist/chunk-artifact.js:2305:20
    at new Promise (<anonymous>)
    at runWithTimeout (file:///E:/%E6%98%9F%E5%AF%B0%E6%B5%B7/node_modules/[4m@vitest/runner[24m/dist/chunk-artifact.
js:2272:10)
    at file:///E:/%E6%98%9F%E5%AF%B0%E6%B5%B7/node_modules/[4m@vitest/runner[24m/dist/chunk-artifact.js:2955:64

[90mstderr[2m | src/services/__tests__/trendService.test.ts[2m > [22m[2mtrendService[2m > [22m[2mgetMonthlyRepo
rt[2m > [22m[2mshould handle February
[22m[39m[TrendService] 获取月度报告失败: Error: Network error
    at E:/星寰海/03-源代码/小程序/miniapp/src/services/__tests__/trendService.test.ts:266:44
    at file:///E:/%E6%98%9F%E5%AF%B0%E6%B5%B7/node_modules/[4m@vitest/runner[24m/dist/chunk-artifact.js:302:11
    at file:///E:/%E6%98%9F%E5%AF%B0%E6%B5%B7/node_modules/[4m@vitest/runner[24m/dist/chunk-artifact.js:1903:26
    at file:///E:/%E6%98%9F%E5%AF%B0%E6%B5%B7/node_modules/[4m@vitest/runner[24m/dist/chunk-artifact.js:2326:20
    at new Promise (<anonymous>)
    at runWithCancel (file:///E:/%E6%98%9F%E5%AF%B0%E6%B5%B7/node_modules/[4m@vitest/runner[24m/dist/chunk-artifact.j
s:2323:10)
    at file:///E:/%E6%98%9F%E5%AF%B0%E6%B5%B7/node_modules/[4m@vitest/runner[24m/dist/chunk-artifact.js:2305:20
    at new Promise (<anonymous>)
    at runWithTimeout (file:///E:/%E6%98%9F%E5%AF%B0%E6%B5%B7/node_modules/[4m@vitest/runner[24m/dist/chunk-artifact.
js:2272:10)
    at file:///E:/%E6%98%9F%E5%AF%B0%E6%B5%B7/node_modules/[4m@vitest/runner[24m/dist/chunk-artifact.js:2955:64

[90mstderr[2m | src/services/__tests__/membershipService.test.ts[2m > [22m[2mmembershipService[2m > [22m[2mchec
kFeatureAccess[2m > [22m[2mshould allow free user within quota
[22m[39m[MembershipService] checkFeatureAccess error: Error: Network error
    at E:/星寰海/03-源代码/小程序/miniapp/src/services/__tests__/membershipService.test.ts:392:44
    at file:///E:/%E6%98%9F%E5%AF%B0%E6%B5%B7/node_modules/[4m@vitest/runner[24m/dist/chunk-artifact.js:302:11
    at file:///E:/%E6%98%9F%E5%AF%B0%E6%B5%B7/node_modules/[4m@vitest/runner[24m/dist/chunk-artifact.js:1903:26
    at file:///E:/%E6%98%9F%E5%AF%B0%E6%B5%B7/node_modules/[4m@vitest/runner[24m/dist/chunk-artifact.js:2326:20
    at new Promise (<anonymous>)
    at runWithCancel (file:///E:/%E6%98%9F%E5%AF%B0%E6%B5%B7/node_modules/[4m@vitest/runner[24m/dist/chunk-artifact.j
s:2323:10)
    at file:///E:/%E6%98%9F%E5%AF%B0%E6%B5%B7/node_modules/[4m@vitest/runner[24m/dist/chunk-artifact.js:2305:20
    at new Promise (<anonymous>)
    at runWithTimeout (file:///E:/%E6%98%9F%E5%AF%B0%E6%B5%B7/node_modules/[4m@vitest/runner[24m/dist/chunk-artifact.
js:2272:10)
    at file:///E:/%E6%98%9F%E5%AF%B0%E6%B5%B7/node_modules/[4m@vitest/runner[24m/dist/chunk-artifact.js:2955:64

[90mstderr[2m | src/services/__tests__/trendService.test.ts[2m > [22m[2mtrendService[2m > [22m[2mgetMonthlyRepo
rt[2m > [22m[2mshould handle February
[22m[39m[TrendService] 获取趋势数据失败: Error: Network error
    at E:/星寰海/03-源代码/小程序/miniapp/src/services/__tests__/trendService.test.ts:266:44
    at file:///E:/%E6%98%9F%E5%AF%B0%E6%B5%B7/node_modules/[4m@vitest/runner[24m/dist/chunk-artifact.js:302:11
    at file:///E:/%E6%98%9F%E5%AF%B0%E6%B5%B7/node_modules/[4m@vitest/runner[24m/dist/chunk-artifact.js:1903:26
    at file:///E:/%E6%98%9F%E5%AF%B0%E6%B5%B7/node_modules/[4m@vitest/runner[24m/dist/chunk-artifact.js:2326:20
    at new Promise (<anonymous>)
    at runWithCancel (file:///E:/%E6%98%9F%E5%AF%B0%E6%B5%B7/node_modules/[4m@vitest/runner[24m/dist/chunk-artifact.j
s:2323:10)
    at file:///E:/%E6%98%9F%E5%AF%B0%E6%B5%B7/node_modules/[4m@vitest/runner[24m/dist/chunk-artifact.js:2305:20
    at new Promise (<anonymous>)
    at runWithTimeout (file:///E:/%E6%98%9F%E5%AF%B0%E6%B5%B7/node_modules/[4m@vitest/runner[24m/dist/chunk-artifact.
js:2272:10)
    at file:///E:/%E6%98%9F%E5%AF%B0%E6%B5%B7/node_modules/[4m@vitest/runner[24m/dist/chunk-artifact.js:2955:64

[90mstderr[2m | src/services/__tests__/membershipService.test.ts[2m > [22m[2mmembershipService[2m > [22m[2mchec
kFeatureAccess[2m > [22m[2mshould allow free user within quota
[22m[39m[MembershipService] getMembershipStatus error: Error: Network error
    at E:/星寰海/03-源代码/小程序/miniapp/src/services/__tests__/membershipService.test.ts:392:44
    at file:///E:/%E6%98%9F%E5%AF%B0%E6%B5%B7/node_modules/[4m@vitest/runner[24m/dist/chunk-artifact.js:302:11
    at file:///E:/%E6%98%9F%E5%AF%B0%E6%B5%B7/node_modules/[4m@vitest/runner[24m/dist/chunk-artifact.js:1903:26
    at file:///E:/%E6%98%9F%E5%AF%B0%E6%B5%B7/node_modules/[4m@vitest/runner[24m/dist/chunk-artifact.js:2326:20
    at new Promise (<anonymous>)
    at runWithCancel (file:///E:/%E6%98%9F%E5%AF%B0%E6%B5%B7/node_modules/[4m@vitest/runner[24m/dist/chunk-artifact.j
s:2323:10)
    at file:///E:/%E6%98%9F%E5%AF%B0%E6%B5%B7/node_modules/[4m@vitest/runner[24m/dist/chunk-artifact.js:2305:20
    at new Promise (<anonymous>)
    at runWithTimeout (file:///E:/%E6%98%9F%E5%AF%B0%E6%B5%B7/node_modules/[4m@vitest/runner[24m/dist/chunk-artifact.
js:2272:10)
    at file:///E:/%E6%98%9F%E5%AF%B0%E6%B5%B7/node_modules/[4m@vitest/runner[24m/dist/chunk-artifact.js:2955:64

[90mstderr[2m | src/services/__tests__/trendService.test.ts[2m > [22m[2mtrendService[2m > [22m[2mgetWeightTrend
[2m > [22m[2mshould fallback to checkin data when API fails
[22m[39m[TrendService] 获取趋势数据失败: Error: Network error
    at E:/星寰海/03-源代码/小程序/miniapp/src/services/__tests__/trendService.test.ts:301:44
    at file:///E:/%E6%98%9F%E5%AF%B0%E6%B5%B7/node_modules/[4m@vitest/runner[24m/dist/chunk-artifact.js:302:11
    at file:///E:/%E6%98%9F%E5%AF%B0%E6%B5%B7/node_modules/[4m@vitest/runner[24m/dist/chunk-artifact.js:1903:26
    at file:///E:/%E6%98%9F%E5%AF%B0%E6%B5%B7/node_modules/[4m@vitest/runner[24m/dist/chunk-artifact.js:2326:20
    at new Promise (<anonymous>)
    at runWithCancel (file:///E:/%E6%98%9F%E5%AF%B0%E6%B5%B7/node_modules/[4m@vitest/runner[24m/dist/chunk-artifact.j
s:2323:10)
    at file:///E:/%E6%98%9F%E5%AF%B0%E6%B5%B7/node_modules/[4m@vitest/runner[24m/dist/chunk-artifact.js:2305:20
    at new Promise (<anonymous>)
    at runWithTimeout (file:///E:/%E6%98%9F%E5%AF%B0%E6%B5%B7/node_modules/[4m@vitest/runner[24m/dist/chunk-artifact.
js:2272:10)
    at file:///E:/%E6%98%9F%E5%AF%B0%E6%B5%B7/node_modules/[4m@vitest/runner[24m/dist/chunk-artifact.js:2955:64

[90mstderr[2m | src/services/__tests__/membershipService.test.ts[2m > [22m[2mmembershipService[2m > [22m[2mchec
kFeatureAccess[2m > [22m[2mshould deny free user when quota exhausted
[22m[39m[MembershipService] checkFeatureAccess error: Error: Network error
    at E:/星寰海/03-源代码/小程序/miniapp/src/services/__tests__/membershipService.test.ts:404:44
    at file:///E:/%E6%98%9F%E5%AF%B0%E6%B5%B7/node_modules/[4m@vitest/runner[24m/dist/chunk-artifact.js:302:11
    at file:///E:/%E6%98%9F%E5%AF%B0%E6%B5%B7/node_modules/[4m@vitest/runner[24m/dist/chunk-artifact.js:1903:26
    at file:///E:/%E6%98%9F%E5%AF%B0%E6%B5%B7/node_modules/[4m@vitest/runner[24m/dist/chunk-artifact.js:2326:20
    at new Promise (<anonymous>)
    at runWithCancel (file:///E:/%E6%98%9F%E5%AF%B0%E6%B5%B7/node_modules/[4m@vitest/runner[24m/dist/chunk-artifact.j
s:2323:10)
    at file:///E:/%E6%98%9F%E5%AF%B0%E6%B5%B7/node_modules/[4m@vitest/runner[24m/dist/chunk-artifact.js:2305:20
    at new Promise (<anonymous>)
    at runWithTimeout (file:///E:/%E6%98%9F%E5%AF%B0%E6%B5%B7/node_modules/[4m@vitest/runner[24m/dist/chunk-artifact.
js:2272:10)
    at file:///E:/%E6%98%9F%E5%AF%B0%E6%B5%B7/node_modules/[4m@vitest/runner[24m/dist/chunk-artifact.js:2955:64

[90mstderr[2m | src/services/__tests__/trendService.test.ts[2m > [22m[2mtrendService[2m > [22m[2mgetAppetiteTre
nd[2m > [22m[2mshould fallback to checkin data when API fails
[22m[39m[TrendService] 获取趋势数据失败: Error: Network error
    at E:/星寰海/03-源代码/小程序/miniapp/src/services/__tests__/trendService.test.ts:342:44
    at file:///E:/%E6%98%9F%E5%AF%B0%E6%B5%B7/node_modules/[4m@vitest/runner[24m/dist/chunk-artifact.js:302:11
    at file:///E:/%E6%98%9F%E5%AF%B0%E6%B5%B7/node_modules/[4m@vitest/runner[24m/dist/chunk-artifact.js:1903:26
    at file:///E:/%E6%98%9F%E5%AF%B0%E6%B5%B7/node_modules/[4m@vitest/runner[24m/dist/chunk-artifact.js:2326:20
    at new Promise (<anonymous>)
    at runWithCancel (file:///E:/%E6%98%9F%E5%AF%B0%E6%B5%B7/node_modules/[4m@vitest/runner[24m/dist/chunk-artifact.j
s:2323:10)
    at file:///E:/%E6%98%9F%E5%AF%B0%E6%B5%B7/node_modules/[4m@vitest/runner[24m/dist/chunk-artifact.js:2305:20
    at new Promise (<anonymous>)
    at runWithTimeout (file:///E:/%E6%98%9F%E5%AF%B0%E6%B5%B7/node_modules/[4m@vitest/runner[24m/dist/chunk-artifact.
js:2272:10)
    at file:///E:/%E6%98%9F%E5%AF%B0%E6%B5%B7/node_modules/[4m@vitest/runner[24m/dist/chunk-artifact.js:2955:64

[90mstderr[2m | src/services/__tests__/membershipService.test.ts[2m > [22m[2mmembershipService[2m > [22m[2mchec
kFeatureAccess[2m > [22m[2mshould deny free user when quota exhausted
[22m[39m[MembershipService] getMembershipStatus error: Error: Network error
    at E:/星寰海/03-源代码/小程序/miniapp/src/services/__tests__/membershipService.test.ts:404:44
    at file:///E:/%E6%98%9F%E5%AF%B0%E6%B5%B7/node_modules/[4m@vitest/runner[24m/dist/chunk-artifact.js:302:11
    at file:///E:/%E6%98%9F%E5%AF%B0%E6%B5%B7/node_modules/[4m@vitest/runner[24m/dist/chunk-artifact.js:1903:26
    at file:///E:/%E6%98%9F%E5%AF%B0%E6%B5%B7/node_modules/[4m@vitest/runner[24m/dist/chunk-artifact.js:2326:20
    at new Promise (<anonymous>)
    at runWithCancel (file:///E:/%E6%98%9F%E5%AF%B0%E6%B5%B7/node_modules/[4m@vitest/runner[24m/dist/chunk-artifact.j
s:2323:10)
    at file:///E:/%E6%98%9F%E5%AF%B0%E6%B5%B7/node_modules/[4m@vitest/runner[24m/dist/chunk-artifact.js:2305:20
    at new Promise (<anonymous>)
    at runWithTimeout (file:///E:/%E6%98%9F%E5%AF%B0%E6%B5%B7/node_modules/[4m@vitest/runner[24m/dist/chunk-artifact.
js:2272:10)
    at file:///E:/%E6%98%9F%E5%AF%B0%E6%B5%B7/node_modules/[4m@vitest/runner[24m/dist/chunk-artifact.js:2955:64

[90mstderr[2m | src/services/__tests__/trendService.test.ts[2m > [22m[2mtrendService[2m > [22m[2mgetStoolTrend
[2m > [22m[2mshould fallback to checkin data when API fails
[22m[39m[TrendService] 获取趋势数据失败: Error: Network error
    at E:/星寰海/03-源代码/小程序/miniapp/src/services/__tests__/trendService.test.ts:383:44
    at file:///E:/%E6%98%9F%E5%AF%B0%E6%B5%B7/node_modules/[4m@vitest/runner[24m/dist/chunk-artifact.js:302:11
    at file:///E:/%E6%98%9F%E5%AF%B0%E6%B5%B7/node_modules/[4m@vitest/runner[24m/dist/chunk-artifact.js:1903:26
    at file:///E:/%E6%98%9F%E5%AF%B0%E6%B5%B7/node_modules/[4m@vitest/runner[24m/dist/chunk-artifact.js:2326:20
    at new Promise (<anonymous>)
    at runWithCancel (file:///E:/%E6%98%9F%E5%AF%B0%E6%B5%B7/node_modules/[4m@vitest/runner[24m/dist/chunk-artifact.j
s:2323:10)
    at file:///E:/%E6%98%9F%E5%AF%B0%E6%B5%B7/node_modules/[4m@vitest/runner[24m/dist/chunk-artifact.js:2305:20
    at new Promise (<anonymous>)
    at runWithTimeout (file:///E:/%E6%98%9F%E5%AF%B0%E6%B5%B7/node_modules/[4m@vitest/runner[24m/dist/chunk-artifact.
js:2272:10)
    at file:///E:/%E6%98%9F%E5%AF%B0%E6%B5%B7/node_modules/[4m@vitest/runner[24m/dist/chunk-artifact.js:2955:64

[90mstderr[2m | src/services/__tests__/membershipService.test.ts[2m > [22m[2mmembershipService[2m > [22m[2mchec
kFeatureAccess[2m > [22m[2mshould deny free user for feature with no free quota
[22m[39m[MembershipService] checkFeatureAccess error: Error: Network error
    at E:/星寰海/03-源代码/小程序/miniapp/src/services/__tests__/membershipService.test.ts:414:44
    at file:///E:/%E6%98%9F%E5%AF%B0%E6%B5%B7/node_modules/[4m@vitest/runner[24m/dist/chunk-artifact.js:302:11
    at file:///E:/%E6%98%9F%E5%AF%B0%E6%B5%B7/node_modules/[4m@vitest/runner[24m/dist/chunk-artifact.js:1903:26
    at file:///E:/%E6%98%9F%E5%AF%B0%E6%B5%B7/node_modules/[4m@vitest/runner[24m/dist/chunk-artifact.js:2326:20
    at new Promise (<anonymous>)
    at runWithCancel (file:///E:/%E6%98%9F%E5%AF%B0%E6%B5%B7/node_modules/[4m@vitest/runner[24m/dist/chunk-artifact.j
s:2323:10)
    at file:///E:/%E6%98%9F%E5%AF%B0%E6%B5%B7/node_modules/[4m@vitest/runner[24m/dist/chunk-artifact.js:2305:20
    at new Promise (<anonymous>)
    at runWithTimeout (file:///E:/%E6%98%9F%E5%AF%B0%E6%B5%B7/node_modules/[4m@vitest/runner[24m/dist/chunk-artifact.
js:2272:10)
    at file:///E:/%E6%98%9F%E5%AF%B0%E6%B5%B7/node_modules/[4m@vitest/runner[24m/dist/chunk-artifact.js:2955:64

[90mstderr[2m | src/services/__tests__/trendService.test.ts[2m > [22m[2mtrendService[2m > [22m[2mAI analysis ru
les[2m > [22m[2mshould detect weight increase > 20% as concern
[22m[39m[TrendService] 获取趋势摘要失败: Error: Network error
    at E:/星寰海/03-源代码/小程序/miniapp/src/services/__tests__/trendService.test.ts:429:44
    at file:///E:/%E6%98%9F%E5%AF%B0%E6%B5%B7/node_modules/[4m@vitest/runner[24m/dist/chunk-artifact.js:302:11
    at file:///E:/%E6%98%9F%E5%AF%B0%E6%B5%B7/node_modules/[4m@vitest/runner[24m/dist/chunk-artifact.js:1903:26
    at file:///E:/%E6%98%9F%E5%AF%B0%E6%B5%B7/node_modules/[4m@vitest/runner[24m/dist/chunk-artifact.js:2326:20
    at new Promise (<anonymous>)
    at runWithCancel (file:///E:/%E6%98%9F%E5%AF%B0%E6%B5%B7/node_modules/[4m@vitest/runner[24m/dist/chunk-artifact.j
s:2323:10)
    at file:///E:/%E6%98%9F%E5%AF%B0%E6%B5%B7/node_modules/[4m@vitest/runner[24m/dist/chunk-artifact.js:2305:20
    at new Promise (<anonymous>)
    at runWithTimeout (file:///E:/%E6%98%9F%E5%AF%B0%E6%B5%B7/node_modules/[4m@vitest/runner[24m/dist/chunk-artifact.
js:2272:10)
    at file:///E:/%E6%98%9F%E5%AF%B0%E6%B5%B7/node_modules/[4m@vitest/runner[24m/dist/chunk-artifact.js:2955:64

[90mstderr[2m | src/services/__tests__/membershipService.test.ts[2m > [22m[2mmembershipService[2m > [22m[2mchec
kFeatureAccess[2m > [22m[2mshould deny free user for feature with no free quota
[22m[39m[MembershipService] getMembershipStatus error: Error: Network error
    at E:/星寰海/03-源代码/小程序/miniapp/src/services/__tests__/membershipService.test.ts:414:44
    at file:///E:/%E6%98%9F%E5%AF%B0%E6%B5%B7/node_modules/[4m@vitest/runner[24m/dist/chunk-artifact.js:302:11
    at file:///E:/%E6%98%9F%E5%AF%B0%E6%B5%B7/node_modules/[4m@vitest/runner[24m/dist/chunk-artifact.js:1903:26
    at file:///E:/%E6%98%9F%E5%AF%B0%E6%B5%B7/node_modules/[4m@vitest/runner[24m/dist/chunk-artifact.js:2326:20
    at new Promise (<anonymous>)
    at runWithCancel (file:///E:/%E6%98%9F%E5%AF%B0%E6%B5%B7/node_modules/[4m@vitest/runner[24m/dist/chunk-artifact.j
s:2323:10)
    at file:///E:/%E6%98%9F%E5%AF%B0%E6%B5%B7/node_modules/[4m@vitest/runner[24m/dist/chunk-artifact.js:2305:20
    at new Promise (<anonymous>)
    at runWithTimeout (file:///E:/%E6%98%9F%E5%AF%B0%E6%B5%B7/node_modules/[4m@vitest/runner[24m/dist/chunk-artifact.
js:2272:10)
    at file:///E:/%E6%98%9F%E5%AF%B0%E6%B5%B7/node_modules/[4m@vitest/runner[24m/dist/chunk-artifact.js:2955:64

[90mstderr[2m | src/services/__tests__/trendService.test.ts[2m > [22m[2mtrendService[2m > [22m[2mAI analysis ru
les[2m > [22m[2mshould detect weight increase > 20% as concern
[22m[39m[TrendService] 获取趋势数据失败: Error: Network error
    at E:/星寰海/03-源代码/小程序/miniapp/src/services/__tests__/trendService.test.ts:429:44
    at file:///E:/%E6%98%9F%E5%AF%B0%E6%B5%B7/node_modules/[4m@vitest/runner[24m/dist/chunk-artifact.js:302:11
    at file:///E:/%E6%98%9F%E5%AF%B0%E6%B5%B7/node_modules/[4m@vitest/runner[24m/dist/chunk-artifact.js:1903:26
    at file:///E:/%E6%98%9F%E5%AF%B0%E6%B5%B7/node_modules/[4m@vitest/runner[24m/dist/chunk-artifact.js:2326:20
    at new Promise (<anonymous>)
    at runWithCancel (file:///E:/%E6%98%9F%E5%AF%B0%E6%B5%B7/node_modules/[4m@vitest/runner[24m/dist/chunk-artifact.j
s:2323:10)
    at file:///E:/%E6%98%9F%E5%AF%B0%E6%B5%B7/node_modules/[4m@vitest/runner[24m/dist/chunk-artifact.js:2305:20
    at new Promise (<anonymous>)
    at runWithTimeout (file:///E:/%E6%98%9F%E5%AF%B0%E6%B5%B7/node_modules/[4m@vitest/runner[24m/dist/chunk-artifact.
js:2272:10)
    at file:///E:/%E6%98%9F%E5%AF%B0%E6%B5%B7/node_modules/[4m@vitest/runner[24m/dist/chunk-artifact.js:2955:64

[90mstderr[2m | src/services/__tests__/membershipService.test.ts[2m > [22m[2mmembershipService[2m > [22m[2mchec
kFeatureAccess[2m > [22m[2mshould always allow member
[22m[39m[MembershipService] checkFeatureAccess error: Error: Network error
    at E:/星寰海/03-源代码/小程序/miniapp/src/services/__tests__/membershipService.test.ts:425:44
    at file:///E:/%E6%98%9F%E5%AF%B0%E6%B5%B7/node_modules/[4m@vitest/runner[24m/dist/chunk-artifact.js:302:11
    at file:///E:/%E6%98%9F%E5%AF%B0%E6%B5%B7/node_modules/[4m@vitest/runner[24m/dist/chunk-artifact.js:1903:26
    at file:///E:/%E6%98%9F%E5%AF%B0%E6%B5%B7/node_modules/[4m@vitest/runner[24m/dist/chunk-artifact.js:2326:20
    at new Promise (<anonymous>)
    at runWithCancel (file:///E:/%E6%98%9F%E5%AF%B0%E6%B5%B7/node_modules/[4m@vitest/runner[24m/dist/chunk-artifact.j
s:2323:10)
    at file:///E:/%E6%98%9F%E5%AF%B0%E6%B5%B7/node_modules/[4m@vitest/runner[24m/dist/chunk-artifact.js:2305:20
    at new Promise (<anonymous>)
    at runWithTimeout (file:///E:/%E6%98%9F%E5%AF%B0%E6%B5%B7/node_modules/[4m@vitest/runner[24m/dist/chunk-artifact.
js:2272:10)
    at file:///E:/%E6%98%9F%E5%AF%B0%E6%B5%B7/node_modules/[4m@vitest/runner[24m/dist/chunk-artifact.js:2955:64

[90mstderr[2m | src/services/__tests__/trendService.test.ts[2m > [22m[2mtrendService[2m > [22m[2mAI analysis ru
les[2m > [22m[2mshould detect weight decrease > 20% as concern
[22m[39m[TrendService] 获取趋势摘要失败: Error: Network error
    at E:/星寰海/03-源代码/小程序/miniapp/src/services/__tests__/trendService.test.ts:444:44
    at file:///E:/%E6%98%9F%E5%AF%B0%E6%B5%B7/node_modules/[4m@vitest/runner[24m/dist/chunk-artifact.js:302:11
    at file:///E:/%E6%98%9F%E5%AF%B0%E6%B5%B7/node_modules/[4m@vitest/runner[24m/dist/chunk-artifact.js:1903:26
    at file:///E:/%E6%98%9F%E5%AF%B0%E6%B5%B7/node_modules/[4m@vitest/runner[24m/dist/chunk-artifact.js:2326:20
    at new Promise (<anonymous>)
    at runWithCancel (file:///E:/%E6%98%9F%E5%AF%B0%E6%B5%B7/node_modules/[4m@vitest/runner[24m/dist/chunk-artifact.j
s:2323:10)
    at file:///E:/%E6%98%9F%E5%AF%B0%E6%B5%B7/node_modules/[4m@vitest/runner[24m/dist/chunk-artifact.js:2305:20
    at new Promise (<anonymous>)
    at runWithTimeout (file:///E:/%E6%98%9F%E5%AF%B0%E6%B5%B7/node_modules/[4m@vitest/runner[24m/dist/chunk-artifact.
js:2272:10)
    at file:///E:/%E6%98%9F%E5%AF%B0%E6%B5%B7/node_modules/[4m@vitest/runner[24m/dist/chunk-artifact.js:2955:64

[90mstderr[2m | src/services/__tests__/membershipService.test.ts[2m > [22m[2mmembershipService[2m > [22m[2mchec
kFeatureAccess[2m > [22m[2mshould always allow member
[22m[39m[MembershipService] getMembershipStatus error: Error: Network error
    at E:/星寰海/03-源代码/小程序/miniapp/src/services/__tests__/membershipService.test.ts:425:44
    at file:///E:/%E6%98%9F%E5%AF%B0%E6%B5%B7/node_modules/[4m@vitest/runner[24m/dist/chunk-artifact.js:302:11
    at file:///E:/%E6%98%9F%E5%AF%B0%E6%B5%B7/node_modules/[4m@vitest/runner[24m/dist/chunk-artifact.js:1903:26
    at file:///E:/%E6%98%9F%E5%AF%B0%E6%B5%B7/node_modules/[4m@vitest/runner[24m/dist/chunk-artifact.js:2326:20
    at new Promise (<anonymous>)
    at runWithCancel (file:///E:/%E6%98%9F%E5%AF%B0%E6%B5%B7/node_modules/[4m@vitest/runner[24m/dist/chunk-artifact.j
s:2323:10)
    at file:///E:/%E6%98%9F%E5%AF%B0%E6%B5%B7/node_modules/[4m@vitest/runner[24m/dist/chunk-artifact.js:2305:20
    at new Promise (<anonymous>)
    at runWithTimeout (file:///E:/%E6%98%9F%E5%AF%B0%E6%B5%B7/node_modules/[4m@vitest/runner[24m/dist/chunk-artifact.
js:2272:10)
    at file:///E:/%E6%98%9F%E5%AF%B0%E6%B5%B7/node_modules/[4m@vitest/runner[24m/dist/chunk-artifact.js:2955:64

[90mstderr[2m | src/services/__tests__/trendService.test.ts[2m > [22m[2mtrendService[2m > [22m[2mAI analysis ru
les[2m > [22m[2mshould detect weight decrease > 20% as concern
[22m[39m[TrendService] 获取趋势数据失败: Error: Network error
    at E:/星寰海/03-源代码/小程序/miniapp/src/services/__tests__/trendService.test.ts:444:44
    at file:///E:/%E6%98%9F%E5%AF%B0%E6%B5%B7/node_modules/[4m@vitest/runner[24m/dist/chunk-artifact.js:302:11
    at file:///E:/%E6%98%9F%E5%AF%B0%E6%B5%B7/node_modules/[4m@vitest/runner[24m/dist/chunk-artifact.js:1903:26
    at file:///E:/%E6%98%9F%E5%AF%B0%E6%B5%B7/node_modules/[4m@vitest/runner[24m/dist/chunk-artifact.js:2326:20
    at new Promise (<anonymous>)
    at runWithCancel (file:///E:/%E6%98%9F%E5%AF%B0%E6%B5%B7/node_modules/[4m@vitest/runner[24m/dist/chunk-artifact.j
s:2323:10)
    at file:///E:/%E6%98%9F%E5%AF%B0%E6%B5%B7/node_modules/[4m@vitest/runner[24m/dist/chunk-artifact.js:2305:20
    at new Promise (<anonymous>)
    at runWithTimeout (file:///E:/%E6%98%9F%E5%AF%B0%E6%B5%B7/node_modules/[4m@vitest/runner[24m/dist/chunk-artifact.
js:2272:10)
    at file:///E:/%E6%98%9F%E5%AF%B0%E6%B5%B7/node_modules/[4m@vitest/runner[24m/dist/chunk-artifact.js:2955:64

[90mstderr[2m | src/services/__tests__/trendService.test.ts[2m > [22m[2mtrendService[2m > [22m[2mAI analysis ru
les[2m > [22m[2mshould detect bloody stool as emergency
[22m[39m[TrendService] 获取趋势摘要失败: Error: Network error
    at E:/星寰海/03-源代码/小程序/miniapp/src/services/__tests__/trendService.test.ts:459:44
    at file:///E:/%E6%98%9F%E5%AF%B0%E6%B5%B7/node_modules/[4m@vitest/runner[24m/dist/chunk-artifact.js:302:11
    at file:///E:/%E6%98%9F%E5%AF%B0%E6%B5%B7/node_modules/[4m@vitest/runner[24m/dist/chunk-artifact.js:1903:26
    at file:///E:/%E6%98%9F%E5%AF%B0%E6%B5%B7/node_modules/[4m@vitest/runner[24m/dist/chunk-artifact.js:2326:20
    at new Promise (<anonymous>)
    at runWithCancel (file:///E:/%E6%98%9F%E5%AF%B0%E6%B5%B7/node_modules/[4m@vitest/runner[24m/dist/chunk-artifact.j
s:2323:10)
    at file:///E:/%E6%98%9F%E5%AF%B0%E6%B5%B7/node_modules/[4m@vitest/runner[24m/dist/chunk-artifact.js:2305:20
    at new Promise (<anonymous>)
    at runWithTimeout (file:///E:/%E6%98%9F%E5%AF%B0%E6%B5%B7/node_modules/[4m@vitest/runner[24m/dist/chunk-artifact.
js:2272:10)
    at file:///E:/%E6%98%9F%E5%AF%B0%E6%B5%B7/node_modules/[4m@vitest/runner[24m/dist/chunk-artifact.js:2955:64

[90mstderr[2m | src/services/__tests__/trendService.test.ts[2m > [22m[2mtrendService[2m > [22m[2mAI analysis ru
les[2m > [22m[2mshould detect bloody stool as emergency
[22m[39m[TrendService] 获取趋势数据失败: Error: Network error
    at E:/星寰海/03-源代码/小程序/miniapp/src/services/__tests__/trendService.test.ts:459:44
    at file:///E:/%E6%98%9F%E5%AF%B0%E6%B5%B7/node_modules/[4m@vitest/runner[24m/dist/chunk-artifact.js:302:11
    at file:///E:/%E6%98%9F%E5%AF%B0%E6%B5%B7/node_modules/[4m@vitest/runner[24m/dist/chunk-artifact.js:1903:26
    at file:///E:/%E6%98%9F%E5%AF%B0%E6%B5%B7/node_modules/[4m@vitest/runner[24m/dist/chunk-artifact.js:2326:20
    at new Promise (<anonymous>)
    at runWithCancel (file:///E:/%E6%98%9F%E5%AF%B0%E6%B5%B7/node_modules/[4m@vitest/runner[24m/dist/chunk-artifact.j
s:2323:10)
    at file:///E:/%E6%98%9F%E5%AF%B0%E6%B5%B7/node_modules/[4m@vitest/runner[24m/dist/chunk-artifact.js:2305:20
    at new Promise (<anonymous>)
    at runWithTimeout (file:///E:/%E6%98%9F%E5%AF%B0%E6%B5%B7/node_modules/[4m@vitest/runner[24m/dist/chunk-artifact.
js:2272:10)
    at file:///E:/%E6%98%9F%E5%AF%B0%E6%B5%B7/node_modules/[4m@vitest/runner[24m/dist/chunk-artifact.js:2955:64

 [32m✓[39m src/services/__tests__/membershipService.test.ts [2m([22m[2m40 tests[22m[2m)[22m[32m 31[2mms[22m[39m
[90mstderr[2m | src/services/__tests__/trendService.test.ts[2m > [22m[2mtrendService[2m > [22m[2mAI analysis ru
les[2m > [22m[2mshould detect consecutive appetite loss
[22m[39m[TrendService] 获取趋势摘要失败: Error: Network error
    at E:/星寰海/03-源代码/小程序/miniapp/src/services/__tests__/trendService.test.ts:473:44
    at file:///E:/%E6%98%9F%E5%AF%B0%E6%B5%B7/node_modules/[4m@vitest/runner[24m/dist/chunk-artifact.js:302:11
    at file:///E:/%E6%98%9F%E5%AF%B0%E6%B5%B7/node_modules/[4m@vitest/runner[24m/dist/chunk-artifact.js:1903:26
    at file:///E:/%E6%98%9F%E5%AF%B0%E6%B5%B7/node_modules/[4m@vitest/runner[24m/dist/chunk-artifact.js:2326:20
    at new Promise (<anonymous>)
    at runWithCancel (file:///E:/%E6%98%9F%E5%AF%B0%E6%B5%B7/node_modules/[4m@vitest/runner[24m/dist/chunk-artifact.j
s:2323:10)
    at file:///E:/%E6%98%9F%E5%AF%B0%E6%B5%B7/node_modules/[4m@vitest/runner[24m/dist/chunk-artifact.js:2305:20
    at new Promise (<anonymous>)
    at runWithTimeout (file:///E:/%E6%98%9F%E5%AF%B0%E6%B5%B7/node_modules/[4m@vitest/runner[24m/dist/chunk-artifact.
js:2272:10)
    at file:///E:/%E6%98%9F%E5%AF%B0%E6%B5%B7/node_modules/[4m@vitest/runner[24m/dist/chunk-artifact.js:2955:64

[90mstderr[2m | src/services/__tests__/trendService.test.ts[2m > [22m[2mtrendService[2m > [22m[2mAI analysis ru
les[2m > [22m[2mshould detect consecutive appetite loss
[22m[39m[TrendService] 获取趋势数据失败: Error: Network error
    at E:/星寰海/03-源代码/小程序/miniapp/src/services/__tests__/trendService.test.ts:473:44
    at file:///E:/%E6%98%9F%E5%AF%B0%E6%B5%B7/node_modules/[4m@vitest/runner[24m/dist/chunk-artifact.js:302:11
    at file:///E:/%E6%98%9F%E5%AF%B0%E6%B5%B7/node_modules/[4m@vitest/runner[24m/dist/chunk-artifact.js:1903:26
    at file:///E:/%E6%98%9F%E5%AF%B0%E6%B5%B7/node_modules/[4m@vitest/runner[24m/dist/chunk-artifact.js:2326:20
    at new Promise (<anonymous>)
    at runWithCancel (file:///E:/%E6%98%9F%E5%AF%B0%E6%B5%B7/node_modules/[4m@vitest/runner[24m/dist/chunk-artifact.j
s:2323:10)
    at file:///E:/%E6%98%9F%E5%AF%B0%E6%B5%B7/node_modules/[4m@vitest/runner[24m/dist/chunk-artifact.js:2305:20
    at new Promise (<anonymous>)
    at runWithTimeout (file:///E:/%E6%98%9F%E5%AF%B0%E6%B5%B7/node_modules/[4m@vitest/runner[24m/dist/chunk-artifact.
js:2272:10)
    at file:///E:/%E6%98%9F%E5%AF%B0%E6%B5%B7/node_modules/[4m@vitest/runner[24m/dist/chunk-artifact.js:2955:64

[90mstderr[2m | src/services/__tests__/trendService.test.ts[2m > [22m[2mtrendService[2m > [22m[2mAI analysis ru
les[2m > [22m[2mshould handle empty data gracefully
[22m[39m[TrendService] 获取趋势摘要失败: Error: Network error
    at E:/星寰海/03-源代码/小程序/miniapp/src/services/__tests__/trendService.test.ts:487:44
    at file:///E:/%E6%98%9F%E5%AF%B0%E6%B5%B7/node_modules/[4m@vitest/runner[24m/dist/chunk-artifact.js:302:11
    at file:///E:/%E6%98%9F%E5%AF%B0%E6%B5%B7/node_modules/[4m@vitest/runner[24m/dist/chunk-artifact.js:1903:26
    at file:///E:/%E6%98%9F%E5%AF%B0%E6%B5%B7/node_modules/[4m@vitest/runner[24m/dist/chunk-artifact.js:2326:20
    at new Promise (<anonymous>)
    at runWithCancel (file:///E:/%E6%98%9F%E5%AF%B0%E6%B5%B7/node_modules/[4m@vitest/runner[24m/dist/chunk-artifact.j
s:2323:10)
    at file:///E:/%E6%98%9F%E5%AF%B0%E6%B5%B7/node_modules/[4m@vitest/runner[24m/dist/chunk-artifact.js:2305:20
    at new Promise (<anonymous>)
    at runWithTimeout (file:///E:/%E6%98%9F%E5%AF%B0%E6%B5%B7/node_modules/[4m@vitest/runner[24m/dist/chunk-artifact.
js:2272:10)
    at file:///E:/%E6%98%9F%E5%AF%B0%E6%B5%B7/node_modules/[4m@vitest/runner[24m/dist/chunk-artifact.js:2955:64

[90mstderr[2m | src/services/__tests__/trendService.test.ts[2m > [22m[2mtrendService[2m > [22m[2mAI analysis ru
les[2m > [22m[2mshould handle empty data gracefully
[22m[39m[TrendService] 获取趋势数据失败: Error: Network error
    at E:/星寰海/03-源代码/小程序/miniapp/src/services/__tests__/trendService.test.ts:487:44
    at file:///E:/%E6%98%9F%E5%AF%B0%E6%B5%B7/node_modules/[4m@vitest/runner[24m/dist/chunk-artifact.js:302:11
    at file:///E:/%E6%98%9F%E5%AF%B0%E6%B5%B7/node_modules/[4m@vitest/runner[24m/dist/chunk-artifact.js:1903:26
    at file:///E:/%E6%98%9F%E5%AF%B0%E6%B5%B7/node_modules/[4m@vitest/runner[24m/dist/chunk-artifact.js:2326:20
    at new Promise (<anonymous>)
    at runWithCancel (file:///E:/%E6%98%9F%E5%AF%B0%E6%B5%B7/node_modules/[4m@vitest/runner[24m/dist/chunk-artifact.j
s:2323:10)
    at file:///E:/%E6%98%9F%E5%AF%B0%E6%B5%B7/node_modules/[4m@vitest/runner[24m/dist/chunk-artifact.js:2305:20
    at new Promise (<anonymous>)
    at runWithTimeout (file:///E:/%E6%98%9F%E5%AF%B0%E6%B5%B7/node_modules/[4m@vitest/runner[24m/dist/chunk-artifact.
js:2272:10)
    at file:///E:/%E6%98%9F%E5%AF%B0%E6%B5%B7/node_modules/[4m@vitest/runner[24m/dist/chunk-artifact.js:2955:64

[90mstderr[2m | src/services/__tests__/trendService.test.ts[2m > [22m[2mtrendService[2m > [22m[2mAI analysis ru
les[2m > [22m[2mshould handle single data point
[22m[39m[TrendService] 获取趋势摘要失败: Error: Network error
    at E:/星寰海/03-源代码/小程序/miniapp/src/services/__tests__/trendService.test.ts:497:44
    at file:///E:/%E6%98%9F%E5%AF%B0%E6%B5%B7/node_modules/[4m@vitest/runner[24m/dist/chunk-artifact.js:302:11
    at file:///E:/%E6%98%9F%E5%AF%B0%E6%B5%B7/node_modules/[4m@vitest/runner[24m/dist/chunk-artifact.js:1903:26
    at file:///E:/%E6%98%9F%E5%AF%B0%E6%B5%B7/node_modules/[4m@vitest/runner[24m/dist/chunk-artifact.js:2326:20
    at new Promise (<anonymous>)
    at runWithCancel (file:///E:/%E6%98%9F%E5%AF%B0%E6%B5%B7/node_modules/[4m@vitest/runner[24m/dist/chunk-artifact.j
s:2323:10)
    at file:///E:/%E6%98%9F%E5%AF%B0%E6%B5%B7/node_modules/[4m@vitest/runner[24m/dist/chunk-artifact.js:2305:20
    at new Promise (<anonymous>)
    at runWithTimeout (file:///E:/%E6%98%9F%E5%AF%B0%E6%B5%B7/node_modules/[4m@vitest/runner[24m/dist/chunk-artifact.
js:2272:10)
    at file:///E:/%E6%98%9F%E5%AF%B0%E6%B5%B7/node_modules/[4m@vitest/runner[24m/dist/chunk-artifact.js:2955:64

[90mstderr[2m | src/services/__tests__/trendService.test.ts[2m > [22m[2mtrendService[2m > [22m[2mAI analysis ru
les[2m > [22m[2mshould handle single data point
[22m[39m[TrendService] 获取趋势数据失败: Error: Network error
    at E:/星寰海/03-源代码/小程序/miniapp/src/services/__tests__/trendService.test.ts:497:44
    at file:///E:/%E6%98%9F%E5%AF%B0%E6%B5%B7/node_modules/[4m@vitest/runner[24m/dist/chunk-artifact.js:302:11
    at file:///E:/%E6%98%9F%E5%AF%B0%E6%B5%B7/node_modules/[4m@vitest/runner[24m/dist/chunk-artifact.js:1903:26
    at file:///E:/%E6%98%9F%E5%AF%B0%E6%B5%B7/node_modules/[4m@vitest/runner[24m/dist/chunk-artifact.js:2326:20
    at new Promise (<anonymous>)
    at runWithCancel (file:///E:/%E6%98%9F%E5%AF%B0%E6%B5%B7/node_modules/[4m@vitest/runner[24m/dist/chunk-artifact.j
s:2323:10)
    at file:///E:/%E6%98%9F%E5%AF%B0%E6%B5%B7/node_modules/[4m@vitest/runner[24m/dist/chunk-artifact.js:2305:20
    at new Promise (<anonymous>)
    at runWithTimeout (file:///E:/%E6%98%9F%E5%AF%B0%E6%B5%B7/node_modules/[4m@vitest/runner[24m/dist/chunk-artifact.
js:2272:10)
    at file:///E:/%E6%98%9F%E5%AF%B0%E6%B5%B7/node_modules/[4m@vitest/runner[24m/dist/chunk-artifact.js:2955:64

[90mstderr[2m | src/services/__tests__/trendService.test.ts[2m > [22m[2mtrendService[2m > [22m[2mAI analysis ru
les[2m > [22m[2mshould detect abnormal ratio > 30%
[22m[39m[TrendService] 获取趋势摘要失败: Error: Network error
    at E:/星寰海/03-源代码/小程序/miniapp/src/services/__tests__/trendService.test.ts:509:44
    at file:///E:/%E6%98%9F%E5%AF%B0%E6%B5%B7/node_modules/[4m@vitest/runner[24m/dist/chunk-artifact.js:302:11
    at file:///E:/%E6%98%9F%E5%AF%B0%E6%B5%B7/node_modules/[4m@vitest/runner[24m/dist/chunk-artifact.js:1903:26
    at file:///E:/%E6%98%9F%E5%AF%B0%E6%B5%B7/node_modules/[4m@vitest/runner[24m/dist/chunk-artifact.js:2326:20
    at new Promise (<anonymous>)
    at runWithCancel (file:///E:/%E6%98%9F%E5%AF%B0%E6%B5%B7/node_modules/[4m@vitest/runner[24m/dist/chunk-artifact.j
s:2323:10)
    at file:///E:/%E6%98%9F%E5%AF%B0%E6%B5%B7/node_modules/[4m@vitest/runner[24m/dist/chunk-artifact.js:2305:20
    at new Promise (<anonymous>)
    at runWithTimeout (file:///E:/%E6%98%9F%E5%AF%B0%E6%B5%B7/node_modules/[4m@vitest/runner[24m/dist/chunk-artifact.
js:2272:10)
    at file:///E:/%E6%98%9F%E5%AF%B0%E6%B5%B7/node_modules/[4m@vitest/runner[24m/dist/chunk-artifact.js:2955:64

[90mstderr[2m | src/services/__tests__/trendService.test.ts[2m > [22m[2mtrendService[2m > [22m[2mAI analysis ru
les[2m > [22m[2mshould detect abnormal ratio > 30%
[22m[39m[TrendService] 获取趋势数据失败: Error: Network error
    at E:/星寰海/03-源代码/小程序/miniapp/src/services/__tests__/trendService.test.ts:509:44
    at file:///E:/%E6%98%9F%E5%AF%B0%E6%B5%B7/node_modules/[4m@vitest/runner[24m/dist/chunk-artifact.js:302:11
    at file:///E:/%E6%98%9F%E5%AF%B0%E6%B5%B7/node_modules/[4m@vitest/runner[24m/dist/chunk-artifact.js:1903:26
    at file:///E:/%E6%98%9F%E5%AF%B0%E6%B5%B7/node_modules/[4m@vitest/runner[24m/dist/chunk-artifact.js:2326:20
    at new Promise (<anonymous>)
    at runWithCancel (file:///E:/%E6%98%9F%E5%AF%B0%E6%B5%B7/node_modules/[4m@vitest/runner[24m/dist/chunk-artifact.j
s:2323:10)
    at file:///E:/%E6%98%9F%E5%AF%B0%E6%B5%B7/node_modules/[4m@vitest/runner[24m/dist/chunk-artifact.js:2305:20
    at new Promise (<anonymous>)
    at runWithTimeout (file:///E:/%E6%98%9F%E5%AF%B0%E6%B5%B7/node_modules/[4m@vitest/runner[24m/dist/chunk-artifact.
js:2272:10)
    at file:///E:/%E6%98%9F%E5%AF%B0%E6%B5%B7/node_modules/[4m@vitest/runner[24m/dist/chunk-artifact.js:2955:64

[90mstderr[2m | src/services/__tests__/trendService.test.ts[2m > [22m[2mtrendService[2m > [22m[2mmonthly report
 generation[2m > [22m[2mshould generate highlights for healthy pet
[22m[39m[TrendService] 获取月度报告失败: Error: Network error
    at E:/星寰海/03-源代码/小程序/miniapp/src/services/__tests__/trendService.test.ts:528:44
    at file:///E:/%E6%98%9F%E5%AF%B0%E6%B5%B7/node_modules/[4m@vitest/runner[24m/dist/chunk-artifact.js:302:11
    at file:///E:/%E6%98%9F%E5%AF%B0%E6%B5%B7/node_modules/[4m@vitest/runner[24m/dist/chunk-artifact.js:1903:26
    at file:///E:/%E6%98%9F%E5%AF%B0%E6%B5%B7/node_modules/[4m@vitest/runner[24m/dist/chunk-artifact.js:2326:20
    at new Promise (<anonymous>)
    at runWithCancel (file:///E:/%E6%98%9F%E5%AF%B0%E6%B5%B7/node_modules/[4m@vitest/runner[24m/dist/chunk-artifact.j
s:2323:10)
    at file:///E:/%E6%98%9F%E5%AF%B0%E6%B5%B7/node_modules/[4m@vitest/runner[24m/dist/chunk-artifact.js:2305:20
    at new Promise (<anonymous>)
    at runWithTimeout (file:///E:/%E6%98%9F%E5%AF%B0%E6%B5%B7/node_modules/[4m@vitest/runner[24m/dist/chunk-artifact.
js:2272:10)
    at file:///E:/%E6%98%9F%E5%AF%B0%E6%B5%B7/node_modules/[4m@vitest/runner[24m/dist/chunk-artifact.js:2955:64

[90mstderr[2m | src/services/__tests__/symptomService.test.ts[2m > [22m[2msymptomService[2m > [22m[2manalyzeSym
ptoms[2m > [22m[2mshould fallback to local engine when API fails
[22m[39m[SymptomService] AI分析失败，使用本地结果: Error: Network error
    at E:/星寰海/03-源代码/小程序/miniapp/src/services/__tests__/symptomService.test.ts:80:45
    at file:///E:/%E6%98%9F%E5%AF%B0%E6%B5%B7/node_modules/[4m@vitest/runner[24m/dist/chunk-artifact.js:302:11
    at file:///E:/%E6%98%9F%E5%AF%B0%E6%B5%B7/node_modules/[4m@vitest/runner[24m/dist/chunk-artifact.js:1903:26
    at file:///E:/%E6%98%9F%E5%AF%B0%E6%B5%B7/node_modules/[4m@vitest/runner[24m/dist/chunk-artifact.js:2326:20
    at new Promise (<anonymous>)
    at runWithCancel (file:///E:/%E6%98%9F%E5%AF%B0%E6%B5%B7/node_modules/[4m@vitest/runner[24m/dist/chunk-artifact.j
s:2323:10)
    at file:///E:/%E6%98%9F%E5%AF%B0%E6%B5%B7/node_modules/[4m@vitest/runner[24m/dist/chunk-artifact.js:2305:20
    at new Promise (<anonymous>)
    at runWithTimeout (file:///E:/%E6%98%9F%E5%AF%B0%E6%B5%B7/node_modules/[4m@vitest/runner[24m/dist/chunk-artifact.
js:2272:10)
    at file:///E:/%E6%98%9F%E5%AF%B0%E6%B5%B7/node_modules/[4m@vitest/runner[24m/dist/chunk-artifact.js:2955:64

[90mstderr[2m | src/services/__tests__/trendService.test.ts[2m > [22m[2mtrendService[2m > [22m[2mmonthly report
 generation[2m > [22m[2mshould generate highlights for healthy pet
[22m[39m[TrendService] 获取趋势数据失败: Error: Network error
    at E:/星寰海/03-源代码/小程序/miniapp/src/services/__tests__/trendService.test.ts:528:44
    at file:///E:/%E6%98%9F%E5%AF%B0%E6%B5%B7/node_modules/[4m@vitest/runner[24m/dist/chunk-artifact.js:302:11
    at file:///E:/%E6%98%9F%E5%AF%B0%E6%B5%B7/node_modules/[4m@vitest/runner[24m/dist/chunk-artifact.js:1903:26
    at file:///E:/%E6%98%9F%E5%AF%B0%E6%B5%B7/node_modules/[4m@vitest/runner[24m/dist/chunk-artifact.js:2326:20
    at new Promise (<anonymous>)
    at runWithCancel (file:///E:/%E6%98%9F%E5%AF%B0%E6%B5%B7/node_modules/[4m@vitest/runner[24m/dist/chunk-artifact.j
s:2323:10)
    at file:///E:/%E6%98%9F%E5%AF%B0%E6%B5%B7/node_modules/[4m@vitest/runner[24m/dist/chunk-artifact.js:2305:20
    at new Promise (<anonymous>)
    at runWithTimeout (file:///E:/%E6%98%9F%E5%AF%B0%E6%B5%B7/node_modules/[4m@vitest/runner[24m/dist/chunk-artifact.
js:2272:10)
    at file:///E:/%E6%98%9F%E5%AF%B0%E6%B5%B7/node_modules/[4m@vitest/runner[24m/dist/chunk-artifact.js:2955:64

[90mstderr[2m | src/services/__tests__/trendService.test.ts[2m > [22m[2mtrendService[2m > [22m[2mmonthly report
 generation[2m > [22m[2mshould generate concerns for unhealthy pet
[22m[39m[TrendService] 获取月度报告失败: Error: Network error
    at E:/星寰海/03-源代码/小程序/miniapp/src/services/__tests__/trendService.test.ts:546:44
    at file:///E:/%E6%98%9F%E5%AF%B0%E6%B5%B7/node_modules/[4m@vitest/runner[24m/dist/chunk-artifact.js:302:11
    at file:///E:/%E6%98%9F%E5%AF%B0%E6%B5%B7/node_modules/[4m@vitest/runner[24m/dist/chunk-artifact.js:1903:26
    at file:///E:/%E6%98%9F%E5%AF%B0%E6%B5%B7/node_modules/[4m@vitest/runner[24m/dist/chunk-artifact.js:2326:20
    at new Promise (<anonymous>)
    at runWithCancel (file:///E:/%E6%98%9F%E5%AF%B0%E6%B5%B7/node_modules/[4m@vitest/runner[24m/dist/chunk-artifact.j
s:2323:10)
    at file:///E:/%E6%98%9F%E5%AF%B0%E6%B5%B7/node_modules/[4m@vitest/runner[24m/dist/chunk-artifact.js:2305:20
    at new Promise (<anonymous>)
    at runWithTimeout (file:///E:/%E6%98%9F%E5%AF%B0%E6%B5%B7/node_modules/[4m@vitest/runner[24m/dist/chunk-artifact.
js:2272:10)
    at file:///E:/%E6%98%9F%E5%AF%B0%E6%B5%B7/node_modules/[4m@vitest/runner[24m/dist/chunk-artifact.js:2955:64

[90mstderr[2m | src/services/__tests__/symptomService.test.ts[2m > [22m[2msymptomService[2m > [22m[2manalyzeSym
ptoms[2m > [22m[2mshould return emergency level for critical symptoms like dyspnea
[22m[39m[SymptomService] AI分析失败，使用本地结果: Error: Network error
    at E:/星寰海/03-源代码/小程序/miniapp/src/services/__tests__/symptomService.test.ts:91:45
    at file:///E:/%E6%98%9F%E5%AF%B0%E6%B5%B7/node_modules/[4m@vitest/runner[24m/dist/chunk-artifact.js:302:11
    at file:///E:/%E6%98%9F%E5%AF%B0%E6%B5%B7/node_modules/[4m@vitest/runner[24m/dist/chunk-artifact.js:1903:26
    at file:///E:/%E6%98%9F%E5%AF%B0%E6%B5%B7/node_modules/[4m@vitest/runner[24m/dist/chunk-artifact.js:2326:20
    at new Promise (<anonymous>)
    at runWithCancel (file:///E:/%E6%98%9F%E5%AF%B0%E6%B5%B7/node_modules/[4m@vitest/runner[24m/dist/chunk-artifact.j
s:2323:10)
    at file:///E:/%E6%98%9F%E5%AF%B0%E6%B5%B7/node_modules/[4m@vitest/runner[24m/dist/chunk-artifact.js:2305:20
    at new Promise (<anonymous>)
    at runWithTimeout (file:///E:/%E6%98%9F%E5%AF%B0%E6%B5%B7/node_modules/[4m@vitest/runner[24m/dist/chunk-artifact.
js:2272:10)
    at file:///E:/%E6%98%9F%E5%AF%B0%E6%B5%B7/node_modules/[4m@vitest/runner[24m/dist/chunk-artifact.js:2955:64

[90mstderr[2m | src/services/__tests__/trendService.test.ts[2m > [22m[2mtrendService[2m > [22m[2mmonthly report
 generation[2m > [22m[2mshould generate concerns for unhealthy pet
[22m[39m[TrendService] 获取趋势数据失败: Error: Network error
    at E:/星寰海/03-源代码/小程序/miniapp/src/services/__tests__/trendService.test.ts:546:44
    at file:///E:/%E6%98%9F%E5%AF%B0%E6%B5%B7/node_modules/[4m@vitest/runner[24m/dist/chunk-artifact.js:302:11
    at file:///E:/%E6%98%9F%E5%AF%B0%E6%B5%B7/node_modules/[4m@vitest/runner[24m/dist/chunk-artifact.js:1903:26
    at file:///E:/%E6%98%9F%E5%AF%B0%E6%B5%B7/node_modules/[4m@vitest/runner[24m/dist/chunk-artifact.js:2326:20
    at new Promise (<anonymous>)
    at runWithCancel (file:///E:/%E6%98%9F%E5%AF%B0%E6%B5%B7/node_modules/[4m@vitest/runner[24m/dist/chunk-artifact.j
s:2323:10)
    at file:///E:/%E6%98%9F%E5%AF%B0%E6%B5%B7/node_modules/[4m@vitest/runner[24m/dist/chunk-artifact.js:2305:20
    at new Promise (<anonymous>)
    at runWithTimeout (file:///E:/%E6%98%9F%E5%AF%B0%E6%B5%B7/node_modules/[4m@vitest/runner[24m/dist/chunk-artifact.
js:2272:10)
    at file:///E:/%E6%98%9F%E5%AF%B0%E6%B5%B7/node_modules/[4m@vitest/runner[24m/dist/chunk-artifact.js:2955:64

[90mstderr[2m | src/services/__tests__/symptomService.test.ts[2m > [22m[2msymptomService[2m > [22m[2manalyzeSym
ptoms[2m > [22m[2mshould return normal level for minor symptoms
[22m[39m[SymptomService] AI分析失败，使用本地结果: Error: Network error
    at E:/星寰海/03-源代码/小程序/miniapp/src/services/__tests__/symptomService.test.ts:100:45
    at file:///E:/%E6%98%9F%E5%AF%B0%E6%B5%B7/node_modules/[4m@vitest/runner[24m/dist/chunk-artifact.js:302:11
    at file:///E:/%E6%98%9F%E5%AF%B0%E6%B5%B7/node_modules/[4m@vitest/runner[24m/dist/chunk-artifact.js:1903:26
    at file:///E:/%E6%98%9F%E5%AF%B0%E6%B5%B7/node_modules/[4m@vitest/runner[24m/dist/chunk-artifact.js:2326:20
    at new Promise (<anonymous>)
    at runWithCancel (file:///E:/%E6%98%9F%E5%AF%B0%E6%B5%B7/node_modules/[4m@vitest/runner[24m/dist/chunk-artifact.j
s:2323:10)
    at file:///E:/%E6%98%9F%E5%AF%B0%E6%B5%B7/node_modules/[4m@vitest/runner[24m/dist/chunk-artifact.js:2305:20
    at new Promise (<anonymous>)
    at runWithTimeout (file:///E:/%E6%98%9F%E5%AF%B0%E6%B5%B7/node_modules/[4m@vitest/runner[24m/dist/chunk-artifact.
js:2272:10)
    at file:///E:/%E6%98%9F%E5%AF%B0%E6%B5%B7/node_modules/[4m@vitest/runner[24m/dist/chunk-artifact.js:2955:64

[90mstderr[2m | src/services/__tests__/trendService.test.ts[2m > [22m[2mtrendService[2m > [22m[2mmonthly report
 generation[2m > [22m[2mshould recommend more data when data is sparse
[22m[39m[TrendService] 获取月度报告失败: Error: Network error
    at E:/星寰海/03-源代码/小程序/miniapp/src/services/__tests__/trendService.test.ts:563:44
    at file:///E:/%E6%98%9F%E5%AF%B0%E6%B5%B7/node_modules/[4m@vitest/runner[24m/dist/chunk-artifact.js:302:11
    at file:///E:/%E6%98%9F%E5%AF%B0%E6%B5%B7/node_modules/[4m@vitest/runner[24m/dist/chunk-artifact.js:1903:26
    at file:///E:/%E6%98%9F%E5%AF%B0%E6%B5%B7/node_modules/[4m@vitest/runner[24m/dist/chunk-artifact.js:2326:20
    at new Promise (<anonymous>)
    at runWithCancel (file:///E:/%E6%98%9F%E5%AF%B0%E6%B5%B7/node_modules/[4m@vitest/runner[24m/dist/chunk-artifact.j
s:2323:10)
    at file:///E:/%E6%98%9F%E5%AF%B0%E6%B5%B7/node_modules/[4m@vitest/runner[24m/dist/chunk-artifact.js:2305:20
    at new Promise (<anonymous>)
    at runWithTimeout (file:///E:/%E6%98%9F%E5%AF%B0%E6%B5%B7/node_modules/[4m@vitest/runner[24m/dist/chunk-artifact.
js:2272:10)
    at file:///E:/%E6%98%9F%E5%AF%B0%E6%B5%B7/node_modules/[4m@vitest/runner[24m/dist/chunk-artifact.js:2955:64

[90mstderr[2m | src/services/__tests__/symptomService.test.ts[2m > [22m[2msymptomService[2m > [22m[2manalyzeSym
ptoms[2m > [22m[2mshould upgrade to emergency for vomiting + diarrhea combo
[22m[39m[SymptomService] AI分析失败，使用本地结果: Error: Network error
    at E:/星寰海/03-源代码/小程序/miniapp/src/services/__tests__/symptomService.test.ts:108:45
    at file:///E:/%E6%98%9F%E5%AF%B0%E6%B5%B7/node_modules/[4m@vitest/runner[24m/dist/chunk-artifact.js:302:11
    at file:///E:/%E6%98%9F%E5%AF%B0%E6%B5%B7/node_modules/[4m@vitest/runner[24m/dist/chunk-artifact.js:1903:26
    at file:///E:/%E6%98%9F%E5%AF%B0%E6%B5%B7/node_modules/[4m@vitest/runner[24m/dist/chunk-artifact.js:2326:20
    at new Promise (<anonymous>)
    at runWithCancel (file:///E:/%E6%98%9F%E5%AF%B0%E6%B5%B7/node_modules/[4m@vitest/runner[24m/dist/chunk-artifact.j
s:2323:10)
    at file:///E:/%E6%98%9F%E5%AF%B0%E6%B5%B7/node_modules/[4m@vitest/runner[24m/dist/chunk-artifact.js:2305:20
    at new Promise (<anonymous>)
    at runWithTimeout (file:///E:/%E6%98%9F%E5%AF%B0%E6%B5%B7/node_modules/[4m@vitest/runner[24m/dist/chunk-artifact.
js:2272:10)
    at file:///E:/%E6%98%9F%E5%AF%B0%E6%B5%B7/node_modules/[4m@vitest/runner[24m/dist/chunk-artifact.js:2955:64

[90mstderr[2m | src/services/__tests__/trendService.test.ts[2m > [22m[2mtrendService[2m > [22m[2mmonthly report
 generation[2m > [22m[2mshould recommend more data when data is sparse
[22m[39m[TrendService] 获取趋势数据失败: Error: Network error
    at E:/星寰海/03-源代码/小程序/miniapp/src/services/__tests__/trendService.test.ts:563:44
    at file:///E:/%E6%98%9F%E5%AF%B0%E6%B5%B7/node_modules/[4m@vitest/runner[24m/dist/chunk-artifact.js:302:11
    at file:///E:/%E6%98%9F%E5%AF%B0%E6%B5%B7/node_modules/[4m@vitest/runner[24m/dist/chunk-artifact.js:1903:26
    at file:///E:/%E6%98%9F%E5%AF%B0%E6%B5%B7/node_modules/[4m@vitest/runner[24m/dist/chunk-artifact.js:2326:20
    at new Promise (<anonymous>)
    at runWithCancel (file:///E:/%E6%98%9F%E5%AF%B0%E6%B5%B7/node_modules/[4m@vitest/runner[24m/dist/chunk-artifact.j
s:2323:10)
    at file:///E:/%E6%98%9F%E5%AF%B0%E6%B5%B7/node_modules/[4m@vitest/runner[24m/dist/chunk-artifact.js:2305:20
    at new Promise (<anonymous>)
    at runWithTimeout (file:///E:/%E6%98%9F%E5%AF%B0%E6%B5%B7/node_modules/[4m@vitest/runner[24m/dist/chunk-artifact.
js:2272:10)
    at file:///E:/%E6%98%9F%E5%AF%B0%E6%B5%B7/node_modules/[4m@vitest/runner[24m/dist/chunk-artifact.js:2955:64

[90mstderr[2m | src/services/__tests__/symptomService.test.ts[2m > [22m[2msymptomService[2m > [22m[2mgetCheckHi
story[2m > [22m[2mshould fallback to local storage when API fails
[22m[39m[SymptomService] 获取历史记录失败: Error: Network error
    at E:/星寰海/03-源代码/小程序/miniapp/src/services/__tests__/symptomService.test.ts:138:44
    at file:///E:/%E6%98%9F%E5%AF%B0%E6%B5%B7/node_modules/[4m@vitest/runner[24m/dist/chunk-artifact.js:302:11
    at file:///E:/%E6%98%9F%E5%AF%B0%E6%B5%B7/node_modules/[4m@vitest/runner[24m/dist/chunk-artifact.js:1903:26
    at file:///E:/%E6%98%9F%E5%AF%B0%E6%B5%B7/node_modules/[4m@vitest/runner[24m/dist/chunk-artifact.js:2326:20
    at new Promise (<anonymous>)
    at runWithCancel (file:///E:/%E6%98%9F%E5%AF%B0%E6%B5%B7/node_modules/[4m@vitest/runner[24m/dist/chunk-artifact.j
s:2323:10)
    at file:///E:/%E6%98%9F%E5%AF%B0%E6%B5%B7/node_modules/[4m@vitest/runner[24m/dist/chunk-artifact.js:2305:20
    at new Promise (<anonymous>)
    at runWithTimeout (file:///E:/%E6%98%9F%E5%AF%B0%E6%B5%B7/node_modules/[4m@vitest/runner[24m/dist/chunk-artifact.
js:2272:10)
    at file:///E:/%E6%98%9F%E5%AF%B0%E6%B5%B7/node_modules/[4m@vitest/runner[24m/dist/chunk-artifact.js:2955:64

[90mstderr[2m | src/services/__tests__/symptomService.test.ts[2m > [22m[2msymptomService[2m > [22m[2mgetCheckHi
story[2m > [22m[2mshould return empty array when no history exists
[22m[39m[SymptomService] 获取历史记录失败: Error: Network error
    at E:/星寰海/03-源代码/小程序/miniapp/src/services/__tests__/symptomService.test.ts:147:44
    at file:///E:/%E6%98%9F%E5%AF%B0%E6%B5%B7/node_modules/[4m@vitest/runner[24m/dist/chunk-artifact.js:302:11
    at file:///E:/%E6%98%9F%E5%AF%B0%E6%B5%B7/node_modules/[4m@vitest/runner[24m/dist/chunk-artifact.js:1903:26
    at file:///E:/%E6%98%9F%E5%AF%B0%E6%B5%B7/node_modules/[4m@vitest/runner[24m/dist/chunk-artifact.js:2326:20
    at new Promise (<anonymous>)
    at runWithCancel (file:///E:/%E6%98%9F%E5%AF%B0%E6%B5%B7/node_modules/[4m@vitest/runner[24m/dist/chunk-artifact.j
s:2323:10)
    at file:///E:/%E6%98%9F%E5%AF%B0%E6%B5%B7/node_modules/[4m@vitest/runner[24m/dist/chunk-artifact.js:2305:20
    at new Promise (<anonymous>)
    at runWithTimeout (file:///E:/%E6%98%9F%E5%AF%B0%E6%B5%B7/node_modules/[4m@vitest/runner[24m/dist/chunk-artifact.
js:2272:10)
    at file:///E:/%E6%98%9F%E5%AF%B0%E6%B5%B7/node_modules/[4m@vitest/runner[24m/dist/chunk-artifact.js:2955:64

[90mstderr[2m | src/services/__tests__/symptomService.test.ts[2m > [22m[2msymptomService[2m > [22m[2mgetCheckRe
sult[2m > [22m[2mshould return null when API fails
[22m[39m[SymptomService] 获取检查结果失败: Error: Not found
    at E:/星寰海/03-源代码/小程序/miniapp/src/services/__tests__/symptomService.test.ts:168:44
    at file:///E:/%E6%98%9F%E5%AF%B0%E6%B5%B7/node_modules/[4m@vitest/runner[24m/dist/chunk-artifact.js:302:11
    at file:///E:/%E6%98%9F%E5%AF%B0%E6%B5%B7/node_modules/[4m@vitest/runner[24m/dist/chunk-artifact.js:1903:26
    at file:///E:/%E6%98%9F%E5%AF%B0%E6%B5%B7/node_modules/[4m@vitest/runner[24m/dist/chunk-artifact.js:2326:20
    at new Promise (<anonymous>)
    at runWithCancel (file:///E:/%E6%98%9F%E5%AF%B0%E6%B5%B7/node_modules/[4m@vitest/runner[24m/dist/chunk-artifact.j
s:2323:10)
    at file:///E:/%E6%98%9F%E5%AF%B0%E6%B5%B7/node_modules/[4m@vitest/runner[24m/dist/chunk-artifact.js:2305:20
    at new Promise (<anonymous>)
    at runWithTimeout (file:///E:/%E6%98%9F%E5%AF%B0%E6%B5%B7/node_modules/[4m@vitest/runner[24m/dist/chunk-artifact.
js:2272:10)
    at file:///E:/%E6%98%9F%E5%AF%B0%E6%B5%B7/node_modules/[4m@vitest/runner[24m/dist/chunk-artifact.js:2955:64

 [32m✓[39m src/services/__tests__/trendService.test.ts [2m([22m[2m33 tests[22m[2m)[22m[32m 47[2mms[22m[39m
 [32m✓[39m src/services/__tests__/symptomService.test.ts [2m([22m[2m17 tests[22m[2m)[22m[32m 23[2mms[22m[39m
[90mstderr[2m | src/services/__tests__/vaccineService.test.ts[2m > [22m[2mvaccineService[2m > [22m[2mgetVaccine
Records[2m > [22m[2mshould fallback to local storage when API fails
[22m[39m[VaccineService] 获取疫苗记录失败: Error: Network error
    at E:/星寰海/03-源代码/小程序/miniapp/src/services/__tests__/vaccineService.test.ts:109:44
    at file:///E:/%E6%98%9F%E5%AF%B0%E6%B5%B7/node_modules/[4m@vitest/runner[24m/dist/chunk-artifact.js:302:11
    at file:///E:/%E6%98%9F%E5%AF%B0%E6%B5%B7/node_modules/[4m@vitest/runner[24m/dist/chunk-artifact.js:1903:26
    at file:///E:/%E6%98%9F%E5%AF%B0%E6%B5%B7/node_modules/[4m@vitest/runner[24m/dist/chunk-artifact.js:2326:20
    at new Promise (<anonymous>)
    at runWithCancel (file:///E:/%E6%98%9F%E5%AF%B0%E6%B5%B7/node_modules/[4m@vitest/runner[24m/dist/chunk-artifact.j
s:2323:10)
    at file:///E:/%E6%98%9F%E5%AF%B0%E6%B5%B7/node_modules/[4m@vitest/runner[24m/dist/chunk-artifact.js:2305:20
    at new Promise (<anonymous>)
    at runWithTimeout (file:///E:/%E6%98%9F%E5%AF%B0%E6%B5%B7/node_modules/[4m@vitest/runner[24m/dist/chunk-artifact.
js:2272:10)
    at file:///E:/%E6%98%9F%E5%AF%B0%E6%B5%B7/node_modules/[4m@vitest/runner[24m/dist/chunk-artifact.js:2955:64

[90mstderr[2m | src/services/__tests__/vaccineService.test.ts[2m > [22m[2mvaccineService[2m > [22m[2mgetVaccine
Records[2m > [22m[2mshould return empty array when no records exist locally and API fails
[22m[39m[VaccineService] 获取疫苗记录失败: Error: Network error
    at E:/星寰海/03-源代码/小程序/miniapp/src/services/__tests__/vaccineService.test.ts:118:44
    at file:///E:/%E6%98%9F%E5%AF%B0%E6%B5%B7/node_modules/[4m@vitest/runner[24m/dist/chunk-artifact.js:302:11
    at file:///E:/%E6%98%9F%E5%AF%B0%E6%B5%B7/node_modules/[4m@vitest/runner[24m/dist/chunk-artifact.js:1903:26
    at file:///E:/%E6%98%9F%E5%AF%B0%E6%B5%B7/node_modules/[4m@vitest/runner[24m/dist/chunk-artifact.js:2326:20
    at new Promise (<anonymous>)
    at runWithCancel (file:///E:/%E6%98%9F%E5%AF%B0%E6%B5%B7/node_modules/[4m@vitest/runner[24m/dist/chunk-artifact.j
s:2323:10)
    at file:///E:/%E6%98%9F%E5%AF%B0%E6%B5%B7/node_modules/[4m@vitest/runner[24m/dist/chunk-artifact.js:2305:20
    at new Promise (<anonymous>)
    at runWithTimeout (file:///E:/%E6%98%9F%E5%AF%B0%E6%B5%B7/node_modules/[4m@vitest/runner[24m/dist/chunk-artifact.
js:2272:10)
    at file:///E:/%E6%98%9F%E5%AF%B0%E6%B5%B7/node_modules/[4m@vitest/runner[24m/dist/chunk-artifact.js:2955:64

[90mstderr[2m | src/services/__tests__/vaccineService.test.ts[2m > [22m[2mvaccineService[2m > [22m[2mcreateVacc
ineRecord[2m > [22m[2mshould fallback to local storage when API fails
[22m[39m[VaccineService] 创建疫苗记录失败: Error: Network error
    at E:/星寰海/03-源代码/小程序/miniapp/src/services/__tests__/vaccineService.test.ts:145:45
    at file:///E:/%E6%98%9F%E5%AF%B0%E6%B5%B7/node_modules/[4m@vitest/runner[24m/dist/chunk-artifact.js:302:11
    at file:///E:/%E6%98%9F%E5%AF%B0%E6%B5%B7/node_modules/[4m@vitest/runner[24m/dist/chunk-artifact.js:1903:26
    at file:///E:/%E6%98%9F%E5%AF%B0%E6%B5%B7/node_modules/[4m@vitest/runner[24m/dist/chunk-artifact.js:2326:20
    at new Promise (<anonymous>)
    at runWithCancel (file:///E:/%E6%98%9F%E5%AF%B0%E6%B5%B7/node_modules/[4m@vitest/runner[24m/dist/chunk-artifact.j
s:2323:10)
    at file:///E:/%E6%98%9F%E5%AF%B0%E6%B5%B7/node_modules/[4m@vitest/runner[24m/dist/chunk-artifact.js:2305:20
    at new Promise (<anonymous>)
    at runWithTimeout (file:///E:/%E6%98%9F%E5%AF%B0%E6%B5%B7/node_modules/[4m@vitest/runner[24m/dist/chunk-artifact.
js:2272:10)
    at file:///E:/%E6%98%9F%E5%AF%B0%E6%B5%B7/node_modules/[4m@vitest/runner[24m/dist/chunk-artifact.js:2955:64

[90mstderr[2m | src/services/__tests__/reminderService.test.ts[2m > [22m[2mreminderService[2m > [22m[2mrequestS
ubscribeMessage[2m > [22m[2mshould return false when request throws error
[22m[39m[ReminderService] 请求订阅消息失败: Error: User denied
    at E:/星寰海/03-源代码/小程序/miniapp/src/services/__tests__/reminderService.test.ts:119:65
    at file:///E:/%E6%98%9F%E5%AF%B0%E6%B5%B7/node_modules/[4m@vitest/runner[24m/dist/chunk-artifact.js:302:11
    at file:///E:/%E6%98%9F%E5%AF%B0%E6%B5%B7/node_modules/[4m@vitest/runner[24m/dist/chunk-artifact.js:1903:26
    at file:///E:/%E6%98%9F%E5%AF%B0%E6%B5%B7/node_modules/[4m@vitest/runner[24m/dist/chunk-artifact.js:2326:20
    at new Promise (<anonymous>)
    at runWithCancel (file:///E:/%E6%98%9F%E5%AF%B0%E6%B5%B7/node_modules/[4m@vitest/runner[24m/dist/chunk-artifact.j
s:2323:10)
    at file:///E:/%E6%98%9F%E5%AF%B0%E6%B5%B7/node_modules/[4m@vitest/runner[24m/dist/chunk-artifact.js:2305:20
    at new Promise (<anonymous>)
    at runWithTimeout (file:///E:/%E6%98%9F%E5%AF%B0%E6%B5%B7/node_modules/[4m@vitest/runner[24m/dist/chunk-artifact.
js:2272:10)
    at file:///E:/%E6%98%9F%E5%AF%B0%E6%B5%B7/node_modules/[4m@vitest/runner[24m/dist/chunk-artifact.js:2955:64

[90mstderr[2m | src/services/__tests__/vaccineService.test.ts[2m > [22m[2mvaccineService[2m > [22m[2mupdateVacc
ineRecord[2m > [22m[2mshould fallback to local storage when API fails
[22m[39m[VaccineService] 更新疫苗记录失败: Error: Network error
    at E:/星寰海/03-源代码/小程序/miniapp/src/services/__tests__/vaccineService.test.ts:173:44
    at file:///E:/%E6%98%9F%E5%AF%B0%E6%B5%B7/node_modules/[4m@vitest/runner[24m/dist/chunk-artifact.js:302:11
    at file:///E:/%E6%98%9F%E5%AF%B0%E6%B5%B7/node_modules/[4m@vitest/runner[24m/dist/chunk-artifact.js:1903:26
    at file:///E:/%E6%98%9F%E5%AF%B0%E6%B5%B7/node_modules/[4m@vitest/runner[24m/dist/chunk-artifact.js:2326:20
    at new Promise (<anonymous>)
    at runWithCancel (file:///E:/%E6%98%9F%E5%AF%B0%E6%B5%B7/node_modules/[4m@vitest/runner[24m/dist/chunk-artifact.j
s:2323:10)
    at file:///E:/%E6%98%9F%E5%AF%B0%E6%B5%B7/node_modules/[4m@vitest/runner[24m/dist/chunk-artifact.js:2305:20
    at new Promise (<anonymous>)
    at runWithTimeout (file:///E:/%E6%98%9F%E5%AF%B0%E6%B5%B7/node_modules/[4m@vitest/runner[24m/dist/chunk-artifact.
js:2272:10)
    at file:///E:/%E6%98%9F%E5%AF%B0%E6%B5%B7/node_modules/[4m@vitest/runner[24m/dist/chunk-artifact.js:2955:64

[90mstderr[2m | src/services/__tests__/vaccineService.test.ts[2m > [22m[2mvaccineService[2m > [22m[2mupdateVacc
ineRecord[2m > [22m[2mshould throw error when record not found locally and API fails
[22m[39m[VaccineService] 更新疫苗记录失败: Error: Network error
    at E:/星寰海/03-源代码/小程序/miniapp/src/services/__tests__/vaccineService.test.ts:182:44
    at file:///E:/%E6%98%9F%E5%AF%B0%E6%B5%B7/node_modules/[4m@vitest/runner[24m/dist/chunk-artifact.js:302:11
    at file:///E:/%E6%98%9F%E5%AF%B0%E6%B5%B7/node_modules/[4m@vitest/runner[24m/dist/chunk-artifact.js:1903:26
    at file:///E:/%E6%98%9F%E5%AF%B0%E6%B5%B7/node_modules/[4m@vitest/runner[24m/dist/chunk-artifact.js:2326:20
    at new Promise (<anonymous>)
    at runWithCancel (file:///E:/%E6%98%9F%E5%AF%B0%E6%B5%B7/node_modules/[4m@vitest/runner[24m/dist/chunk-artifact.j
s:2323:10)
    at file:///E:/%E6%98%9F%E5%AF%B0%E6%B5%B7/node_modules/[4m@vitest/runner[24m/dist/chunk-artifact.js:2305:20
    at new Promise (<anonymous>)
    at runWithTimeout (file:///E:/%E6%98%9F%E5%AF%B0%E6%B5%B7/node_modules/[4m@vitest/runner[24m/dist/chunk-artifact.
js:2272:10)
    at file:///E:/%E6%98%9F%E5%AF%B0%E6%B5%B7/node_modules/[4m@vitest/runner[24m/dist/chunk-artifact.js:2955:64

 [32m✓[39m src/services/__tests__/reminderService.test.ts [2m([22m[2m29 tests[22m[2m)[22m[32m 19[2mms[22m[39m
[90mstderr[2m | src/services/__tests__/vaccineService.test.ts[2m > [22m[2mvaccineService[2m > [22m[2mdeleteVacc
ineRecord[2m > [22m[2mshould remove from local storage when API fails
[22m[39m[VaccineService] 删除疫苗记录API失败: Error: Network error
    at E:/星寰海/03-源代码/小程序/miniapp/src/services/__tests__/vaccineService.test.ts:205:47
    at file:///E:/%E6%98%9F%E5%AF%B0%E6%B5%B7/node_modules/[4m@vitest/runner[24m/dist/chunk-artifact.js:302:11
    at file:///E:/%E6%98%9F%E5%AF%B0%E6%B5%B7/node_modules/[4m@vitest/runner[24m/dist/chunk-artifact.js:1903:26
    at file:///E:/%E6%98%9F%E5%AF%B0%E6%B5%B7/node_modules/[4m@vitest/runner[24m/dist/chunk-artifact.js:2326:20
    at new Promise (<anonymous>)
    at runWithCancel (file:///E:/%E6%98%9F%E5%AF%B0%E6%B5%B7/node_modules/[4m@vitest/runner[24m/dist/chunk-artifact.j
s:2323:10)
    at file:///E:/%E6%98%9F%E5%AF%B0%E6%B5%B7/node_modules/[4m@vitest/runner[24m/dist/chunk-artifact.js:2305:20
    at new Promise (<anonymous>)
    at runWithTimeout (file:///E:/%E6%98%9F%E5%AF%B0%E6%B5%B7/node_modules/[4m@vitest/runner[24m/dist/chunk-artifact.
js:2272:10)
    at file:///E:/%E6%98%9F%E5%AF%B0%E6%B5%B7/node_modules/[4m@vitest/runner[24m/dist/chunk-artifact.js:2955:64

 [32m✓[39m src/services/__tests__/vaccineService.test.ts [2m([22m[2m26 tests[22m[2m)[22m[32m 34[2mms[22m[39m
[90mstderr[2m | src/services/__tests__/checkinService.test.ts[2m > [22m[2mcheckinService[2m > [22m[2mcreateChec
kin[2m > [22m[2mshould fallback to local storage when API fails
[22m[39m[CheckinService] 创建打卡失败: Error: Network error
    at E:/星寰海/03-源代码/小程序/miniapp/src/services/__tests__/checkinService.test.ts:170:45
    at file:///E:/%E6%98%9F%E5%AF%B0%E6%B5%B7/node_modules/[4m@vitest/runner[24m/dist/chunk-artifact.js:302:11
    at file:///E:/%E6%98%9F%E5%AF%B0%E6%B5%B7/node_modules/[4m@vitest/runner[24m/dist/chunk-artifact.js:1903:26
    at file:///E:/%E6%98%9F%E5%AF%B0%E6%B5%B7/node_modules/[4m@vitest/runner[24m/dist/chunk-artifact.js:2326:20
    at new Promise (<anonymous>)
    at runWithCancel (file:///E:/%E6%98%9F%E5%AF%B0%E6%B5%B7/node_modules/[4m@vitest/runner[24m/dist/chunk-artifact.j
s:2323:10)
    at file:///E:/%E6%98%9F%E5%AF%B0%E6%B5%B7/node_modules/[4m@vitest/runner[24m/dist/chunk-artifact.js:2305:20
    at new Promise (<anonymous>)
    at runWithTimeout (file:///E:/%E6%98%9F%E5%AF%B0%E6%B5%B7/node_modules/[4m@vitest/runner[24m/dist/chunk-artifact.
js:2272:10)
    at file:///E:/%E6%98%9F%E5%AF%B0%E6%B5%B7/node_modules/[4m@vitest/runner[24m/dist/chunk-artifact.js:2955:64

[90mstderr[2m | src/services/__tests__/checkinService.test.ts[2m > [22m[2mcheckinService[2m > [22m[2mgetTodayCh
eckin[2m > [22m[2mshould fallback to local storage when API fails
[22m[39m[CheckinService] 获取今日打卡失败: Error: Network error
    at E:/星寰海/03-源代码/小程序/miniapp/src/services/__tests__/checkinService.test.ts:203:44
    at file:///E:/%E6%98%9F%E5%AF%B0%E6%B5%B7/node_modules/[4m@vitest/runner[24m/dist/chunk-artifact.js:302:11
    at file:///E:/%E6%98%9F%E5%AF%B0%E6%B5%B7/node_modules/[4m@vitest/runner[24m/dist/chunk-artifact.js:1903:26
    at file:///E:/%E6%98%9F%E5%AF%B0%E6%B5%B7/node_modules/[4m@vitest/runner[24m/dist/chunk-artifact.js:2326:20
    at new Promise (<anonymous>)
    at runWithCancel (file:///E:/%E6%98%9F%E5%AF%B0%E6%B5%B7/node_modules/[4m@vitest/runner[24m/dist/chunk-artifact.j
s:2323:10)
    at file:///E:/%E6%98%9F%E5%AF%B0%E6%B5%B7/node_modules/[4m@vitest/runner[24m/dist/chunk-artifact.js:2305:20
    at new Promise (<anonymous>)
    at runWithTimeout (file:///E:/%E6%98%9F%E5%AF%B0%E6%B5%B7/node_modules/[4m@vitest/runner[24m/dist/chunk-artifact.
js:2272:10)
    at file:///E:/%E6%98%9F%E5%AF%B0%E6%B5%B7/node_modules/[4m@vitest/runner[24m/dist/chunk-artifact.js:2955:64

[90mstderr[2m | src/services/__tests__/checkinService.test.ts[2m > [22m[2mcheckinService[2m > [22m[2mgetCheckin
Stats[2m > [22m[2mshould fallback to local calculation when API fails
[22m[39m[CheckinService] 获取打卡统计失败: Error: Network error
    at E:/星寰海/03-源代码/小程序/miniapp/src/services/__tests__/checkinService.test.ts:233:44
    at file:///E:/%E6%98%9F%E5%AF%B0%E6%B5%B7/node_modules/[4m@vitest/runner[24m/dist/chunk-artifact.js:302:11
    at file:///E:/%E6%98%9F%E5%AF%B0%E6%B5%B7/node_modules/[4m@vitest/runner[24m/dist/chunk-artifact.js:1903:26
    at file:///E:/%E6%98%9F%E5%AF%B0%E6%B5%B7/node_modules/[4m@vitest/runner[24m/dist/chunk-artifact.js:2326:20
    at new Promise (<anonymous>)
    at runWithCancel (file:///E:/%E6%98%9F%E5%AF%B0%E6%B5%B7/node_modules/[4m@vitest/runner[24m/dist/chunk-artifact.j
s:2323:10)
    at file:///E:/%E6%98%9F%E5%AF%B0%E6%B5%B7/node_modules/[4m@vitest/runner[24m/dist/chunk-artifact.js:2305:20
    at new Promise (<anonymous>)
    at runWithTimeout (file:///E:/%E6%98%9F%E5%AF%B0%E6%B5%B7/node_modules/[4m@vitest/runner[24m/dist/chunk-artifact.
js:2272:10)
    at file:///E:/%E6%98%9F%E5%AF%B0%E6%B5%B7/node_modules/[4m@vitest/runner[24m/dist/chunk-artifact.js:2955:64

[90mstderr[2m | src/services/__tests__/checkinService.test.ts[2m > [22m[2mcheckinService[2m > [22m[2mgetCheckin
sByDateRange[2m > [22m[2mshould fallback to local storage when API fails
[22m[39m[CheckinService] 按日期范围获取打卡记录失败: Error: Network error
    at E:/星寰海/03-源代码/小程序/miniapp/src/services/__tests__/checkinService.test.ts:257:44
    at file:///E:/%E6%98%9F%E5%AF%B0%E6%B5%B7/node_modules/[4m@vitest/runner[24m/dist/chunk-artifact.js:302:11
    at file:///E:/%E6%98%9F%E5%AF%B0%E6%B5%B7/node_modules/[4m@vitest/runner[24m/dist/chunk-artifact.js:1903:26
    at file:///E:/%E6%98%9F%E5%AF%B0%E6%B5%B7/node_modules/[4m@vitest/runner[24m/dist/chunk-artifact.js:2326:20
    at new Promise (<anonymous>)
    at runWithCancel (file:///E:/%E6%98%9F%E5%AF%B0%E6%B5%B7/node_modules/[4m@vitest/runner[24m/dist/chunk-artifact.j
s:2323:10)
    at file:///E:/%E6%98%9F%E5%AF%B0%E6%B5%B7/node_modules/[4m@vitest/runner[24m/dist/chunk-artifact.js:2305:20
    at new Promise (<anonymous>)
    at runWithTimeout (file:///E:/%E6%98%9F%E5%AF%B0%E6%B5%B7/node_modules/[4m@vitest/runner[24m/dist/chunk-artifact.
js:2272:10)
    at file:///E:/%E6%98%9F%E5%AF%B0%E6%B5%B7/node_modules/[4m@vitest/runner[24m/dist/chunk-artifact.js:2955:64

[90mstderr[2m | src/services/__tests__/checkinService.test.ts[2m > [22m[2mcheckinService[2m > [22m[2mgetCheckin
s[2m > [22m[2mshould fallback to local storage when API fails
[22m[39m[CheckinService] 获取打卡记录失败: Error: Network error
    at E:/星寰海/03-源代码/小程序/miniapp/src/services/__tests__/checkinService.test.ts:277:44
    at file:///E:/%E6%98%9F%E5%AF%B0%E6%B5%B7/node_modules/[4m@vitest/runner[24m/dist/chunk-artifact.js:302:11
    at file:///E:/%E6%98%9F%E5%AF%B0%E6%B5%B7/node_modules/[4m@vitest/runner[24m/dist/chunk-artifact.js:1903:26
    at file:///E:/%E6%98%9F%E5%AF%B0%E6%B5%B7/node_modules/[4m@vitest/runner[24m/dist/chunk-artifact.js:2326:20
    at new Promise (<anonymous>)
    at runWithCancel (file:///E:/%E6%98%9F%E5%AF%B0%E6%B5%B7/node_modules/[4m@vitest/runner[24m/dist/chunk-artifact.j
s:2323:10)
    at file:///E:/%E6%98%9F%E5%AF%B0%E6%B5%B7/node_modules/[4m@vitest/runner[24m/dist/chunk-artifact.js:2305:20
    at new Promise (<anonymous>)
    at runWithTimeout (file:///E:/%E6%98%9F%E5%AF%B0%E6%B5%B7/node_modules/[4m@vitest/runner[24m/dist/chunk-artifact.
js:2272:10)
    at file:///E:/%E6%98%9F%E5%AF%B0%E6%B5%B7/node_modules/[4m@vitest/runner[24m/dist/chunk-artifact.js:2955:64

[90mstderr[2m | src/services/__tests__/checkinService.test.ts[2m > [22m[2mcheckinService[2m > [22m[2mgetLatestC
heckin[2m > [22m[2mshould return null when no checkins exist
[22m[39m[CheckinService] 获取最近打卡失败: Error: Network error
    at E:/星寰海/03-源代码/小程序/miniapp/src/services/__tests__/checkinService.test.ts:298:44
    at file:///E:/%E6%98%9F%E5%AF%B0%E6%B5%B7/node_modules/[4m@vitest/runner[24m/dist/chunk-artifact.js:302:11
    at file:///E:/%E6%98%9F%E5%AF%B0%E6%B5%B7/node_modules/[4m@vitest/runner[24m/dist/chunk-artifact.js:1903:26
    at file:///E:/%E6%98%9F%E5%AF%B0%E6%B5%B7/node_modules/[4m@vitest/runner[24m/dist/chunk-artifact.js:2326:20
    at new Promise (<anonymous>)
    at runWithCancel (file:///E:/%E6%98%9F%E5%AF%B0%E6%B5%B7/node_modules/[4m@vitest/runner[24m/dist/chunk-artifact.j
s:2323:10)
    at file:///E:/%E6%98%9F%E5%AF%B0%E6%B5%B7/node_modules/[4m@vitest/runner[24m/dist/chunk-artifact.js:2305:20
    at new Promise (<anonymous>)
    at runWithTimeout (file:///E:/%E6%98%9F%E5%AF%B0%E6%B5%B7/node_modules/[4m@vitest/runner[24m/dist/chunk-artifact.
js:2272:10)
    at file:///E:/%E6%98%9F%E5%AF%B0%E6%B5%B7/node_modules/[4m@vitest/runner[24m/dist/chunk-artifact.js:2955:64

 [32m✓[39m src/services/__tests__/checkinService.test.ts [2m([22m[2m19 tests[22m[2m)[22m[32m 22[2mms[22m[39m
[90mstderr[2m | src/services/__tests__/foodService.test.ts[2m > [22m[2mfoodService[2m > [22m[2mqueryFood[2m > 
[22m[2mshould fallback to local engine when API fails
[22m[39m[FoodService] queryFood error: Error: Network error
    at E:/星寰海/03-源代码/小程序/miniapp/src/services/__tests__/foodService.test.ts:87:45
    at file:///E:/%E6%98%9F%E5%AF%B0%E6%B5%B7/node_modules/[4m@vitest/runner[24m/dist/chunk-artifact.js:302:11
    at file:///E:/%E6%98%9F%E5%AF%B0%E6%B5%B7/node_modules/[4m@vitest/runner[24m/dist/chunk-artifact.js:1903:26
    at file:///E:/%E6%98%9F%E5%AF%B0%E6%B5%B7/node_modules/[4m@vitest/runner[24m/dist/chunk-artifact.js:2326:20
    at new Promise (<anonymous>)
    at runWithCancel (file:///E:/%E6%98%9F%E5%AF%B0%E6%B5%B7/node_modules/[4m@vitest/runner[24m/dist/chunk-artifact.j
s:2323:10)
    at file:///E:/%E6%98%9F%E5%AF%B0%E6%B5%B7/node_modules/[4m@vitest/runner[24m/dist/chunk-artifact.js:2305:20
    at new Promise (<anonymous>)
    at runWithTimeout (file:///E:/%E6%98%9F%E5%AF%B0%E6%B5%B7/node_modules/[4m@vitest/runner[24m/dist/chunk-artifact.
js:2272:10)
    at file:///E:/%E6%98%9F%E5%AF%B0%E6%B5%B7/node_modules/[4m@vitest/runner[24m/dist/chunk-artifact.js:2955:64

[90mstderr[2m | src/services/__tests__/foodService.test.ts[2m > [22m[2mfoodService[2m > [22m[2mqueryFood[2m > 
[22m[2mshould return toxic level for toxic food via local engine
[22m[39m[FoodService] queryFood error: Error: Network error
    at E:/星寰海/03-源代码/小程序/miniapp/src/services/__tests__/foodService.test.ts:97:45
    at file:///E:/%E6%98%9F%E5%AF%B0%E6%B5%B7/node_modules/[4m@vitest/runner[24m/dist/chunk-artifact.js:302:11
    at file:///E:/%E6%98%9F%E5%AF%B0%E6%B5%B7/node_modules/[4m@vitest/runner[24m/dist/chunk-artifact.js:1903:26
    at file:///E:/%E6%98%9F%E5%AF%B0%E6%B5%B7/node_modules/[4m@vitest/runner[24m/dist/chunk-artifact.js:2326:20
    at new Promise (<anonymous>)
    at runWithCancel (file:///E:/%E6%98%9F%E5%AF%B0%E6%B5%B7/node_modules/[4m@vitest/runner[24m/dist/chunk-artifact.j
s:2323:10)
    at file:///E:/%E6%98%9F%E5%AF%B0%E6%B5%B7/node_modules/[4m@vitest/runner[24m/dist/chunk-artifact.js:2305:20
    at new Promise (<anonymous>)
    at runWithTimeout (file:///E:/%E6%98%9F%E5%AF%B0%E6%B5%B7/node_modules/[4m@vitest/runner[24m/dist/chunk-artifact.
js:2272:10)
    at file:///E:/%E6%98%9F%E5%AF%B0%E6%B5%B7/node_modules/[4m@vitest/runner[24m/dist/chunk-artifact.js:2955:64

[90mstderr[2m | src/services/__tests__/foodService.test.ts[2m > [22m[2mfoodService[2m > [22m[2mqueryFood[2m > 
[22m[2mshould return safe level for safe food via local engine
[22m[39m[FoodService] queryFood error: Error: Network error
    at E:/星寰海/03-源代码/小程序/miniapp/src/services/__tests__/foodService.test.ts:107:45
    at file:///E:/%E6%98%9F%E5%AF%B0%E6%B5%B7/node_modules/[4m@vitest/runner[24m/dist/chunk-artifact.js:302:11
    at file:///E:/%E6%98%9F%E5%AF%B0%E6%B5%B7/node_modules/[4m@vitest/runner[24m/dist/chunk-artifact.js:1903:26
    at file:///E:/%E6%98%9F%E5%AF%B0%E6%B5%B7/node_modules/[4m@vitest/runner[24m/dist/chunk-artifact.js:2326:20
    at new Promise (<anonymous>)
    at runWithCancel (file:///E:/%E6%98%9F%E5%AF%B0%E6%B5%B7/node_modules/[4m@vitest/runner[24m/dist/chunk-artifact.j
s:2323:10)
    at file:///E:/%E6%98%9F%E5%AF%B0%E6%B5%B7/node_modules/[4m@vitest/runner[24m/dist/chunk-artifact.js:2305:20
    at new Promise (<anonymous>)
    at runWithTimeout (file:///E:/%E6%98%9F%E5%AF%B0%E6%B5%B7/node_modules/[4m@vitest/runner[24m/dist/chunk-artifact.
js:2272:10)
    at file:///E:/%E6%98%9F%E5%AF%B0%E6%B5%B7/node_modules/[4m@vitest/runner[24m/dist/chunk-artifact.js:2955:64

[90mstderr[2m | src/services/__tests__/foodService.test.ts[2m > [22m[2mfoodService[2m > [22m[2mgetQueryHistory
[2m > [22m[2mshould fallback to local storage when API fails
[22m[39m[FoodService] getQueryHistory error: Error: Network error
    at E:/星寰海/03-源代码/小程序/miniapp/src/services/__tests__/foodService.test.ts:133:44
    at file:///E:/%E6%98%9F%E5%AF%B0%E6%B5%B7/node_modules/[4m@vitest/runner[24m/dist/chunk-artifact.js:302:11
    at file:///E:/%E6%98%9F%E5%AF%B0%E6%B5%B7/node_modules/[4m@vitest/runner[24m/dist/chunk-artifact.js:1903:26
    at file:///E:/%E6%98%9F%E5%AF%B0%E6%B5%B7/node_modules/[4m@vitest/runner[24m/dist/chunk-artifact.js:2326:20
    at new Promise (<anonymous>)
    at runWithCancel (file:///E:/%E6%98%9F%E5%AF%B0%E6%B5%B7/node_modules/[4m@vitest/runner[24m/dist/chunk-artifact.j
s:2323:10)
    at file:///E:/%E6%98%9F%E5%AF%B0%E6%B5%B7/node_modules/[4m@vitest/runner[24m/dist/chunk-artifact.js:2305:20
    at new Promise (<anonymous>)
    at runWithTimeout (file:///E:/%E6%98%9F%E5%AF%B0%E6%B5%B7/node_modules/[4m@vitest/runner[24m/dist/chunk-artifact.
js:2272:10)
    at file:///E:/%E6%98%9F%E5%AF%B0%E6%B5%B7/node_modules/[4m@vitest/runner[24m/dist/chunk-artifact.js:2955:64

[90mstderr[2m | src/services/__tests__/foodService.test.ts[2m > [22m[2mfoodService[2m > [22m[2mgetQueryHistory
[2m > [22m[2mshould return empty array when no history exists
[22m[39m[FoodService] getQueryHistory error: Error: Network error
    at E:/星寰海/03-源代码/小程序/miniapp/src/services/__tests__/foodService.test.ts:147:44
    at file:///E:/%E6%98%9F%E5%AF%B0%E6%B5%B7/node_modules/[4m@vitest/runner[24m/dist/chunk-artifact.js:302:11
    at file:///E:/%E6%98%9F%E5%AF%B0%E6%B5%B7/node_modules/[4m@vitest/runner[24m/dist/chunk-artifact.js:1903:26
    at file:///E:/%E6%98%9F%E5%AF%B0%E6%B5%B7/node_modules/[4m@vitest/runner[24m/dist/chunk-artifact.js:2326:20
    at new Promise (<anonymous>)
    at runWithCancel (file:///E:/%E6%98%9F%E5%AF%B0%E6%B5%B7/node_modules/[4m@vitest/runner[24m/dist/chunk-artifact.j
s:2323:10)
    at file:///E:/%E6%98%9F%E5%AF%B0%E6%B5%B7/node_modules/[4m@vitest/runner[24m/dist/chunk-artifact.js:2305:20
    at new Promise (<anonymous>)
    at runWithTimeout (file:///E:/%E6%98%9F%E5%AF%B0%E6%B5%B7/node_modules/[4m@vitest/runner[24m/dist/chunk-artifact.
js:2272:10)
    at file:///E:/%E6%98%9F%E5%AF%B0%E6%B5%B7/node_modules/[4m@vitest/runner[24m/dist/chunk-artifact.js:2955:64

[90mstderr[2m | src/services/__tests__/foodService.test.ts[2m > [22m[2mfoodService[2m > [22m[2mgetQueryStats[2
m > [22m[2mshould fallback to local calculation when API fails
[22m[39m[FoodService] getQueryStats error: Error: Network error
    at E:/星寰海/03-源代码/小程序/miniapp/src/services/__tests__/foodService.test.ts:175:44
    at file:///E:/%E6%98%9F%E5%AF%B0%E6%B5%B7/node_modules/[4m@vitest/runner[24m/dist/chunk-artifact.js:302:11
    at file:///E:/%E6%98%9F%E5%AF%B0%E6%B5%B7/node_modules/[4m@vitest/runner[24m/dist/chunk-artifact.js:1903:26
    at file:///E:/%E6%98%9F%E5%AF%B0%E6%B5%B7/node_modules/[4m@vitest/runner[24m/dist/chunk-artifact.js:2326:20
    at new Promise (<anonymous>)
    at runWithCancel (file:///E:/%E6%98%9F%E5%AF%B0%E6%B5%B7/node_modules/[4m@vitest/runner[24m/dist/chunk-artifact.j
s:2323:10)
    at file:///E:/%E6%98%9F%E5%AF%B0%E6%B5%B7/node_modules/[4m@vitest/runner[24m/dist/chunk-artifact.js:2305:20
    at new Promise (<anonymous>)
    at runWithTimeout (file:///E:/%E6%98%9F%E5%AF%B0%E6%B5%B7/node_modules/[4m@vitest/runner[24m/dist/chunk-artifact.
js:2272:10)
    at file:///E:/%E6%98%9F%E5%AF%B0%E6%B5%B7/node_modules/[4m@vitest/runner[24m/dist/chunk-artifact.js:2955:64

[90mstderr[2m | src/services/__tests__/foodService.test.ts[2m > [22m[2mfoodService[2m > [22m[2mgetQueryStats[2
m > [22m[2mshould return default values when no records exist
[22m[39m[FoodService] getQueryStats error: Error: Network error
    at E:/星寰海/03-源代码/小程序/miniapp/src/services/__tests__/foodService.test.ts:196:44
    at file:///E:/%E6%98%9F%E5%AF%B0%E6%B5%B7/node_modules/[4m@vitest/runner[24m/dist/chunk-artifact.js:302:11
    at file:///E:/%E6%98%9F%E5%AF%B0%E6%B5%B7/node_modules/[4m@vitest/runner[24m/dist/chunk-artifact.js:1903:26
    at file:///E:/%E6%98%9F%E5%AF%B0%E6%B5%B7/node_modules/[4m@vitest/runner[24m/dist/chunk-artifact.js:2326:20
    at new Promise (<anonymous>)
    at runWithCancel (file:///E:/%E6%98%9F%E5%AF%B0%E6%B5%B7/node_modules/[4m@vitest/runner[24m/dist/chunk-artifact.j
s:2323:10)
    at file:///E:/%E6%98%9F%E5%AF%B0%E6%B5%B7/node_modules/[4m@vitest/runner[24m/dist/chunk-artifact.js:2305:20
    at new Promise (<anonymous>)
    at runWithTimeout (file:///E:/%E6%98%9F%E5%AF%B0%E6%B5%B7/node_modules/[4m@vitest/runner[24m/dist/chunk-artifact.
js:2272:10)
    at file:///E:/%E6%98%9F%E5%AF%B0%E6%B5%B7/node_modules/[4m@vitest/runner[24m/dist/chunk-artifact.js:2955:64

[90mstderr[2m | src/services/__tests__/foodService.test.ts[2m > [22m[2mfoodService[2m > [22m[2mgetTodayQueryCou
nt[2m > [22m[2mshould fallback to local calculation when API fails
[22m[39m[FoodService] getTodayQueryCount error: Error: Network error
    at E:/星寰海/03-源代码/小程序/miniapp/src/services/__tests__/foodService.test.ts:220:44
    at file:///E:/%E6%98%9F%E5%AF%B0%E6%B5%B7/node_modules/[4m@vitest/runner[24m/dist/chunk-artifact.js:302:11
    at file:///E:/%E6%98%9F%E5%AF%B0%E6%B5%B7/node_modules/[4m@vitest/runner[24m/dist/chunk-artifact.js:1903:26
    at file:///E:/%E6%98%9F%E5%AF%B0%E6%B5%B7/node_modules/[4m@vitest/runner[24m/dist/chunk-artifact.js:2326:20
    at new Promise (<anonymous>)
    at runWithCancel (file:///E:/%E6%98%9F%E5%AF%B0%E6%B5%B7/node_modules/[4m@vitest/runner[24m/dist/chunk-artifact.j
s:2323:10)
    at file:///E:/%E6%98%9F%E5%AF%B0%E6%B5%B7/node_modules/[4m@vitest/runner[24m/dist/chunk-artifact.js:2305:20
    at new Promise (<anonymous>)
    at runWithTimeout (file:///E:/%E6%98%9F%E5%AF%B0%E6%B5%B7/node_modules/[4m@vitest/runner[24m/dist/chunk-artifact.
js:2272:10)
    at file:///E:/%E6%98%9F%E5%AF%B0%E6%B5%B7/node_modules/[4m@vitest/runner[24m/dist/chunk-artifact.js:2955:64

[90mstderr[2m | src/services/__tests__/foodService.test.ts[2m > [22m[2mfoodService[2m > [22m[2mgetTodayQueryCou
nt[2m > [22m[2mshould return 0 when no records exist
[22m[39m[FoodService] getTodayQueryCount error: Error: Network error
    at E:/星寰海/03-源代码/小程序/miniapp/src/services/__tests__/foodService.test.ts:236:44
    at file:///E:/%E6%98%9F%E5%AF%B0%E6%B5%B7/node_modules/[4m@vitest/runner[24m/dist/chunk-artifact.js:302:11
    at file:///E:/%E6%98%9F%E5%AF%B0%E6%B5%B7/node_modules/[4m@vitest/runner[24m/dist/chunk-artifact.js:1903:26
    at file:///E:/%E6%98%9F%E5%AF%B0%E6%B5%B7/node_modules/[4m@vitest/runner[24m/dist/chunk-artifact.js:2326:20
    at new Promise (<anonymous>)
    at runWithCancel (file:///E:/%E6%98%9F%E5%AF%B0%E6%B5%B7/node_modules/[4m@vitest/runner[24m/dist/chunk-artifact.j
s:2323:10)
    at file:///E:/%E6%98%9F%E5%AF%B0%E6%B5%B7/node_modules/[4m@vitest/runner[24m/dist/chunk-artifact.js:2305:20
    at new Promise (<anonymous>)
    at runWithTimeout (file:///E:/%E6%98%9F%E5%AF%B0%E6%B5%B7/node_modules/[4m@vitest/runner[24m/dist/chunk-artifact.
js:2272:10)
    at file:///E:/%E6%98%9F%E5%AF%B0%E6%B5%B7/node_modules/[4m@vitest/runner[24m/dist/chunk-artifact.js:2955:64

 [32m✓[39m src/engines/petSafety/PetSafetyHandler.test.ts [2m([22m[2m66 tests[22m[2m)[22m[32m 44[2mms[22m[39m
 [32m✓[39m src/services/__tests__/foodService.test.ts [2m([22m[2m13 tests[22m[2m)[22m[32m 23[2mms[22m[39m
 [31m❯[39m src/hooks/useFoodQuery.test.ts [2m([22m[2m6 tests[22m[2m | [22m[31m6 failed[39m[2m)[22m[32m 11[2mms[22m[39m
[31m     [31m×[31m 初始状态正确[39m[32m 5[2mms[22m[39m
[31m     [31m×[31m queryFood 成功时更新 result[39m[32m 1[2mms[22m[39m
[31m     [31m×[31m queryFood 失败时更新 error[39m[32m 1[2mms[22m[39m
[31m     [31m×[31m getHistory 返回历史记录[39m[32m 0[2mms[22m[39m
[31m     [31m×[31m getStats 返回统计数据[39m[32m 1[2mms[22m[39m
[31m     [31m×[31m getTodayCount 返回今日次数[39m[32m 1[2mms[22m[39m
 [31m❯[39m src/hooks/useAuthStore.test.ts [2m([22m[2m0 test[22m[2m)[22m
 [31m❯[39m src/hooks/useTrend.test.ts [2m([22m[2m6 tests[22m[2m | [22m[31m6 failed[39m[2m)[22m[32m 10[2mms[22m[39m
[31m     [31m×[31m 初始状态正确[39m[32m 5[2mms[22m[39m
[31m     [31m×[31m getWeightTrend 返回体重趋势数据[39m[32m 1[2mms[22m[39m
[31m     [31m×[31m getAppetiteTrend 返回食欲趋势数据[39m[32m 1[2mms[22m[39m
[31m     [31m×[31m getStoolTrend 返回便便趋势数据[39m[32m 1[2mms[22m[39m
[31m     [31m×[31m getSummary 返回汇总数据[39m[32m 0[2mms[22m[39m
[31m     [31m×[31m getMonthlyReport 返回月报数据[39m[32m 0[2mms[22m[39m
[90mstderr[2m | src/stores/__tests__/reminderStore.test.ts[2m > [22m[2mreminderStore[2m > [22m[2mrequestSubscri
ption[2m > [22m[2mshould handle error and return false
[22m[39m[ReminderStore] requestSubscription failed: Error: 订阅失败
    at E:/星寰海/03-源代码/小程序/miniapp/src/stores/__tests__/reminderStore.test.ts:128:76
    at file:///E:/%E6%98%9F%E5%AF%B0%E6%B5%B7/node_modules/[4m@vitest/runner[24m/dist/chunk-artifact.js:302:11
    at file:///E:/%E6%98%9F%E5%AF%B0%E6%B5%B7/node_modules/[4m@vitest/runner[24m/dist/chunk-artifact.js:1903:26
    at file:///E:/%E6%98%9F%E5%AF%B0%E6%B5%B7/node_modules/[4m@vitest/runner[24m/dist/chunk-artifact.js:2326:20
    at new Promise (<anonymous>)
    at runWithCancel (file:///E:/%E6%98%9F%E5%AF%B0%E6%B5%B7/node_modules/[4m@vitest/runner[24m/dist/chunk-artifact.j
s:2323:10)
    at file:///E:/%E6%98%9F%E5%AF%B0%E6%B5%B7/node_modules/[4m@vitest/runner[24m/dist/chunk-artifact.js:2305:20
    at new Promise (<anonymous>)
    at runWithTimeout (file:///E:/%E6%98%9F%E5%AF%B0%E6%B5%B7/node_modules/[4m@vitest/runner[24m/dist/chunk-artifact.
js:2272:10)
    at file:///E:/%E6%98%9F%E5%AF%B0%E6%B5%B7/node_modules/[4m@vitest/runner[24m/dist/chunk-artifact.js:2955:64

[90mstderr[2m | src/stores/__tests__/vaccineStore.test.ts[2m > [22m[2mvaccineStore[2m > [22m[2mfetchRecords[2m
 > [22m[2mshould handle fetch error
[22m[39m[VaccineStore] fetchRecords failed: Error: 网络错误
    at E:/星寰海/03-源代码/小程序/miniapp/src/stores/__tests__/vaccineStore.test.ts:77:69
    at file:///E:/%E6%98%9F%E5%AF%B0%E6%B5%B7/node_modules/[4m@vitest/runner[24m/dist/chunk-artifact.js:302:11
    at file:///E:/%E6%98%9F%E5%AF%B0%E6%B5%B7/node_modules/[4m@vitest/runner[24m/dist/chunk-artifact.js:1903:26
    at file:///E:/%E6%98%9F%E5%AF%B0%E6%B5%B7/node_modules/[4m@vitest/runner[24m/dist/chunk-artifact.js:2326:20
    at new Promise (<anonymous>)
    at runWithCancel (file:///E:/%E6%98%9F%E5%AF%B0%E6%B5%B7/node_modules/[4m@vitest/runner[24m/dist/chunk-artifact.j
s:2323:10)
    at file:///E:/%E6%98%9F%E5%AF%B0%E6%B5%B7/node_modules/[4m@vitest/runner[24m/dist/chunk-artifact.js:2305:20
    at new Promise (<anonymous>)
    at runWithTimeout (file:///E:/%E6%98%9F%E5%AF%B0%E6%B5%B7/node_modules/[4m@vitest/runner[24m/dist/chunk-artifact.
js:2272:10)
    at file:///E:/%E6%98%9F%E5%AF%B0%E6%B5%B7/node_modules/[4m@vitest/runner[24m/dist/chunk-artifact.js:2955:64

[90mstderr[2m | src/stores/__tests__/petStore.test.ts[2m > [22m[2mpetStore[2m > [22m[2mfetchPets[2m > [22m[2
mshould set error when fetch fails
[22m[39m[PetStore] fetchPets failed: Error: Network error
    at E:/星寰海/03-源代码/小程序/miniapp/src/stores/__tests__/petStore.test.ts:118:48
    at file:///E:/%E6%98%9F%E5%AF%B0%E6%B5%B7/node_modules/[4m@vitest/runner[24m/dist/chunk-artifact.js:302:11
    at file:///E:/%E6%98%9F%E5%AF%B0%E6%B5%B7/node_modules/[4m@vitest/runner[24m/dist/chunk-artifact.js:1903:26
    at file:///E:/%E6%98%9F%E5%AF%B0%E6%B5%B7/node_modules/[4m@vitest/runner[24m/dist/chunk-artifact.js:2326:20
    at new Promise (<anonymous>)
    at runWithCancel (file:///E:/%E6%98%9F%E5%AF%B0%E6%B5%B7/node_modules/[4m@vitest/runner[24m/dist/chunk-artifact.j
s:2323:10)
    at file:///E:/%E6%98%9F%E5%AF%B0%E6%B5%B7/node_modules/[4m@vitest/runner[24m/dist/chunk-artifact.js:2305:20
    at new Promise (<anonymous>)
    at runWithTimeout (file:///E:/%E6%98%9F%E5%AF%B0%E6%B5%B7/node_modules/[4m@vitest/runner[24m/dist/chunk-artifact.
js:2272:10)
    at file:///E:/%E6%98%9F%E5%AF%B0%E6%B5%B7/node_modules/[4m@vitest/runner[24m/dist/chunk-artifact.js:2955:64

[90mstderr[2m | src/stores/__tests__/trendStore.test.ts[2m > [22m[2mtrendStore[2m > [22m[2mfetchTrendData[2m >
 [22m[2mshould set error when fetch fails
[22m[39m[TrendStore] fetchTrendData failed: Error: Network error
    at E:/星寰海/03-源代码/小程序/miniapp/src/stores/__tests__/trendStore.test.ts:121:55
    at file:///E:/%E6%98%9F%E5%AF%B0%E6%B5%B7/node_modules/[4m@vitest/runner[24m/dist/chunk-artifact.js:302:11
    at file:///E:/%E6%98%9F%E5%AF%B0%E6%B5%B7/node_modules/[4m@vitest/runner[24m/dist/chunk-artifact.js:1903:26
    at file:///E:/%E6%98%9F%E5%AF%B0%E6%B5%B7/node_modules/[4m@vitest/runner[24m/dist/chunk-artifact.js:2326:20
    at new Promise (<anonymous>)
    at runWithCancel (file:///E:/%E6%98%9F%E5%AF%B0%E6%B5%B7/node_modules/[4m@vitest/runner[24m/dist/chunk-artifact.j
s:2323:10)
    at file:///E:/%E6%98%9F%E5%AF%B0%E6%B5%B7/node_modules/[4m@vitest/runner[24m/dist/chunk-artifact.js:2305:20
    at new Promise (<anonymous>)
    at runWithTimeout (file:///E:/%E6%98%9F%E5%AF%B0%E6%B5%B7/node_modules/[4m@vitest/runner[24m/dist/chunk-artifact.
js:2272:10)
    at file:///E:/%E6%98%9F%E5%AF%B0%E6%B5%B7/node_modules/[4m@vitest/runner[24m/dist/chunk-artifact.js:2955:64

[90mstderr[2m | src/stores/__tests__/reminderStore.test.ts[2m > [22m[2mreminderStore[2m > [22m[2mfetchUpcomingR
eminders[2m > [22m[2mshould handle fetch error
[22m[39m[ReminderStore] fetchUpcomingReminders failed: Error: 获取失败
    at E:/星寰海/03-源代码/小程序/miniapp/src/stores/__tests__/reminderStore.test.ts:176:15
    at getUpcomingReminders (file:///E:/%E6%98%9F%E5%AF%B0%E6%B5%B7/node_modules/[4m@vitest/spy[24m/dist/index.js:332
:34)
    at Object.fetchUpcomingReminders (E:/星寰海/03-源代码/小程序/miniapp/src/stores/reminderStore.ts:57:33)
    at E:/星寰海/03-源代码/小程序/miniapp/src/stores/__tests__/reminderStore.test.ts:180:13
    at file:///E:/%E6%98%9F%E5%AF%B0%E6%B5%B7/node_modules/[4m@vitest/runner[24m/dist/chunk-artifact.js:302:11
    at file:///E:/%E6%98%9F%E5%AF%B0%E6%B5%B7/node_modules/[4m@vitest/runner[24m/dist/chunk-artifact.js:1903:26
    at file:///E:/%E6%98%9F%E5%AF%B0%E6%B5%B7/node_modules/[4m@vitest/runner[24m/dist/chunk-artifact.js:2326:20
    at new Promise (<anonymous>)
    at runWithCancel (file:///E:/%E6%98%9F%E5%AF%B0%E6%B5%B7/node_modules/[4m@vitest/runner[24m/dist/chunk-artifact.j
s:2323:10)
    at file:///E:/%E6%98%9F%E5%AF%B0%E6%B5%B7/node_modules/[4m@vitest/runner[24m/dist/chunk-artifact.js:2305:20

[90mstderr[2m | src/stores/__tests__/vaccineStore.test.ts[2m > [22m[2mvaccineStore[2m > [22m[2maddRecord[2m > 
[22m[2mshould handle add error
[22m[39m[VaccineStore] addRecord failed: Error: 创建失败
    at E:/星寰海/03-源代码/小程序/miniapp/src/stores/__tests__/vaccineStore.test.ts:119:71
    at file:///E:/%E6%98%9F%E5%AF%B0%E6%B5%B7/node_modules/[4m@vitest/runner[24m/dist/chunk-artifact.js:302:11
    at file:///E:/%E6%98%9F%E5%AF%B0%E6%B5%B7/node_modules/[4m@vitest/runner[24m/dist/chunk-artifact.js:1903:26
    at file:///E:/%E6%98%9F%E5%AF%B0%E6%B5%B7/node_modules/[4m@vitest/runner[24m/dist/chunk-artifact.js:2326:20
    at new Promise (<anonymous>)
    at runWithCancel (file:///E:/%E6%98%9F%E5%AF%B0%E6%B5%B7/node_modules/[4m@vitest/runner[24m/dist/chunk-artifact.j
s:2323:10)
    at file:///E:/%E6%98%9F%E5%AF%B0%E6%B5%B7/node_modules/[4m@vitest/runner[24m/dist/chunk-artifact.js:2305:20
    at new Promise (<anonymous>)
    at runWithTimeout (file:///E:/%E6%98%9F%E5%AF%B0%E6%B5%B7/node_modules/[4m@vitest/runner[24m/dist/chunk-artifact.
js:2272:10)
    at file:///E:/%E6%98%9F%E5%AF%B0%E6%B5%B7/node_modules/[4m@vitest/runner[24m/dist/chunk-artifact.js:2955:64

[90mstderr[2m | src/stores/__tests__/petStore.test.ts[2m > [22m[2mpetStore[2m > [22m[2maddPet[2m > [22m[2msh
ould set error when add fails
[22m[39m[PetStore] addPet failed: Error: Create failed
    at E:/星寰海/03-源代码/小程序/miniapp/src/stores/__tests__/petStore.test.ts:145:50
    at file:///E:/%E6%98%9F%E5%AF%B0%E6%B5%B7/node_modules/[4m@vitest/runner[24m/dist/chunk-artifact.js:302:11
    at file:///E:/%E6%98%9F%E5%AF%B0%E6%B5%B7/node_modules/[4m@vitest/runner[24m/dist/chunk-artifact.js:1903:26
    at file:///E:/%E6%98%9F%E5%AF%B0%E6%B5%B7/node_modules/[4m@vitest/runner[24m/dist/chunk-artifact.js:2326:20
    at new Promise (<anonymous>)
    at runWithCancel (file:///E:/%E6%98%9F%E5%AF%B0%E6%B5%B7/node_modules/[4m@vitest/runner[24m/dist/chunk-artifact.j
s:2323:10)
    at file:///E:/%E6%98%9F%E5%AF%B0%E6%B5%B7/node_modules/[4m@vitest/runner[24m/dist/chunk-artifact.js:2305:20
    at new Promise (<anonymous>)
    at runWithTimeout (file:///E:/%E6%98%9F%E5%AF%B0%E6%B5%B7/node_modules/[4m@vitest/runner[24m/dist/chunk-artifact.
js:2272:10)
    at file:///E:/%E6%98%9F%E5%AF%B0%E6%B5%B7/node_modules/[4m@vitest/runner[24m/dist/chunk-artifact.js:2955:64

[90mstderr[2m | src/stores/__tests__/trendStore.test.ts[2m > [22m[2mtrendStore[2m > [22m[2mfetchTrendData[2m >
 [22m[2mshould set default error message for non-Error throws
[22m[39m[TrendStore] fetchTrendData failed: unknown error

[90mstderr[2m | src/stores/__tests__/reminderStore.test.ts[2m > [22m[2mreminderStore[2m > [22m[2mfetchOverdueRe
minders[2m > [22m[2mshould handle fetch error
[22m[39m[ReminderStore] fetchOverdueReminders failed: Error: 获取逾期失败
    at E:/星寰海/03-源代码/小程序/miniapp/src/stores/__tests__/reminderStore.test.ts:203:15
    at getOverdueReminders (file:///E:/%E6%98%9F%E5%AF%B0%E6%B5%B7/node_modules/[4m@vitest/spy[24m/dist/index.js:332:
34)
    at Object.fetchOverdueReminders (E:/星寰海/03-源代码/小程序/miniapp/src/stores/reminderStore.ts:71:32)
    at E:/星寰海/03-源代码/小程序/miniapp/src/stores/__tests__/reminderStore.test.ts:207:13
    at file:///E:/%E6%98%9F%E5%AF%B0%E6%B5%B7/node_modules/[4m@vitest/runner[24m/dist/chunk-artifact.js:302:11
    at file:///E:/%E6%98%9F%E5%AF%B0%E6%B5%B7/node_modules/[4m@vitest/runner[24m/dist/chunk-artifact.js:1903:26
    at file:///E:/%E6%98%9F%E5%AF%B0%E6%B5%B7/node_modules/[4m@vitest/runner[24m/dist/chunk-artifact.js:2326:20
    at new Promise (<anonymous>)
    at runWithCancel (file:///E:/%E6%98%9F%E5%AF%B0%E6%B5%B7/node_modules/[4m@vitest/runner[24m/dist/chunk-artifact.j
s:2323:10)
    at file:///E:/%E6%98%9F%E5%AF%B0%E6%B5%B7/node_modules/[4m@vitest/runner[24m/dist/chunk-artifact.js:2305:20

[90mstderr[2m | src/stores/__tests__/trendStore.test.ts[2m > [22m[2mtrendStore[2m > [22m[2mfetchSummary[2m > 
[22m[2mshould set error when fetch fails
[22m[39m[TrendStore] fetchSummary failed: Error: Summary error
    at E:/星寰海/03-源代码/小程序/miniapp/src/stores/__tests__/trendStore.test.ts:157:58
    at file:///E:/%E6%98%9F%E5%AF%B0%E6%B5%B7/node_modules/[4m@vitest/runner[24m/dist/chunk-artifact.js:302:11
    at file:///E:/%E6%98%9F%E5%AF%B0%E6%B5%B7/node_modules/[4m@vitest/runner[24m/dist/chunk-artifact.js:1903:26
    at file:///E:/%E6%98%9F%E5%AF%B0%E6%B5%B7/node_modules/[4m@vitest/runner[24m/dist/chunk-artifact.js:2326:20
    at new Promise (<anonymous>)
    at runWithCancel (file:///E:/%E6%98%9F%E5%AF%B0%E6%B5%B7/node_modules/[4m@vitest/runner[24m/dist/chunk-artifact.j
s:2323:10)
    at file:///E:/%E6%98%9F%E5%AF%B0%E6%B5%B7/node_modules/[4m@vitest/runner[24m/dist/chunk-artifact.js:2305:20
    at new Promise (<anonymous>)
    at runWithTimeout (file:///E:/%E6%98%9F%E5%AF%B0%E6%B5%B7/node_modules/[4m@vitest/runner[24m/dist/chunk-artifact.
js:2272:10)
    at file:///E:/%E6%98%9F%E5%AF%B0%E6%B5%B7/node_modules/[4m@vitest/runner[24m/dist/chunk-artifact.js:2955:64

[90mstderr[2m | src/stores/__tests__/petStore.test.ts[2m > [22m[2mpetStore[2m > [22m[2mupdatePet[2m > [22m[2
mshould set error when update fails
[22m[39m[PetStore] updatePet failed: Error: Update failed
    at E:/星寰海/03-源代码/小程序/miniapp/src/stores/__tests__/petStore.test.ts:171:50
    at file:///E:/%E6%98%9F%E5%AF%B0%E6%B5%B7/node_modules/[4m@vitest/runner[24m/dist/chunk-artifact.js:302:11
    at file:///E:/%E6%98%9F%E5%AF%B0%E6%B5%B7/node_modules/[4m@vitest/runner[24m/dist/chunk-artifact.js:1903:26
    at file:///E:/%E6%98%9F%E5%AF%B0%E6%B5%B7/node_modules/[4m@vitest/runner[24m/dist/chunk-artifact.js:2326:20
    at new Promise (<anonymous>)
    at runWithCancel (file:///E:/%E6%98%9F%E5%AF%B0%E6%B5%B7/node_modules/[4m@vitest/runner[24m/dist/chunk-artifact.j
s:2323:10)
    at file:///E:/%E6%98%9F%E5%AF%B0%E6%B5%B7/node_modules/[4m@vitest/runner[24m/dist/chunk-artifact.js:2305:20
    at new Promise (<anonymous>)
    at runWithTimeout (file:///E:/%E6%98%9F%E5%AF%B0%E6%B5%B7/node_modules/[4m@vitest/runner[24m/dist/chunk-artifact.
js:2272:10)
    at file:///E:/%E6%98%9F%E5%AF%B0%E6%B5%B7/node_modules/[4m@vitest/runner[24m/dist/chunk-artifact.js:2955:64

[90mstderr[2m | src/stores/__tests__/vaccineStore.test.ts[2m > [22m[2mvaccineStore[2m > [22m[2mupdateRecord[2m
 > [22m[2mshould handle update error
[22m[39m[VaccineStore] updateRecord failed: Error: 更新失败
    at E:/星寰海/03-源代码/小程序/miniapp/src/stores/__tests__/vaccineStore.test.ts:169:71
    at file:///E:/%E6%98%9F%E5%AF%B0%E6%B5%B7/node_modules/[4m@vitest/runner[24m/dist/chunk-artifact.js:302:11
    at file:///E:/%E6%98%9F%E5%AF%B0%E6%B5%B7/node_modules/[4m@vitest/runner[24m/dist/chunk-artifact.js:1903:26
    at file:///E:/%E6%98%9F%E5%AF%B0%E6%B5%B7/node_modules/[4m@vitest/runner[24m/dist/chunk-artifact.js:2326:20
    at new Promise (<anonymous>)
    at runWithCancel (file:///E:/%E6%98%9F%E5%AF%B0%E6%B5%B7/node_modules/[4m@vitest/runner[24m/dist/chunk-artifact.j
s:2323:10)
    at file:///E:/%E6%98%9F%E5%AF%B0%E6%B5%B7/node_modules/[4m@vitest/runner[24m/dist/chunk-artifact.js:2305:20
    at new Promise (<anonymous>)
    at runWithTimeout (file:///E:/%E6%98%9F%E5%AF%B0%E6%B5%B7/node_modules/[4m@vitest/runner[24m/dist/chunk-artifact.
js:2272:10)
    at file:///E:/%E6%98%9F%E5%AF%B0%E6%B5%B7/node_modules/[4m@vitest/runner[24m/dist/chunk-artifact.js:2955:64

[90mstderr[2m | src/stores/__tests__/reminderStore.test.ts[2m > [22m[2mreminderStore[2m > [22m[2mstate transiti
ons[2m > [22m[2mshould maintain error isolation between operations
[22m[39m[ReminderStore] fetchOverdueReminders failed: Error: fetch error
    at E:/星寰海/03-源代码/小程序/miniapp/src/stores/__tests__/reminderStore.test.ts:262:15
    at getOverdueReminders (file:///E:/%E6%98%9F%E5%AF%B0%E6%B5%B7/node_modules/[4m@vitest/spy[24m/dist/index.js:332:
34)
    at Object.fetchOverdueReminders (E:/星寰海/03-源代码/小程序/miniapp/src/stores/reminderStore.ts:71:32)
    at E:/星寰海/03-源代码/小程序/miniapp/src/stores/__tests__/reminderStore.test.ts:266:13
    at file:///E:/%E6%98%9F%E5%AF%B0%E6%B5%B7/node_modules/[4m@vitest/runner[24m/dist/chunk-artifact.js:302:11
    at file:///E:/%E6%98%9F%E5%AF%B0%E6%B5%B7/node_modules/[4m@vitest/runner[24m/dist/chunk-artifact.js:1903:26
    at file:///E:/%E6%98%9F%E5%AF%B0%E6%B5%B7/node_modules/[4m@vitest/runner[24m/dist/chunk-artifact.js:2326:20
    at new Promise (<anonymous>)
    at runWithCancel (file:///E:/%E6%98%9F%E5%AF%B0%E6%B5%B7/node_modules/[4m@vitest/runner[24m/dist/chunk-artifact.j
s:2323:10)
    at file:///E:/%E6%98%9F%E5%AF%B0%E6%B5%B7/node_modules/[4m@vitest/runner[24m/dist/chunk-artifact.js:2305:20

[90mstderr[2m | src/stores/__tests__/trendStore.test.ts[2m > [22m[2mtrendStore[2m > [22m[2mfetchMonthlyReport[
2m > [22m[2mshould set error when fetch fails
[22m[39m[TrendStore] fetchMonthlyReport failed: Error: Report error
    at E:/星寰海/03-源代码/小程序/miniapp/src/stores/__tests__/trendStore.test.ts:183:59
    at file:///E:/%E6%98%9F%E5%AF%B0%E6%B5%B7/node_modules/[4m@vitest/runner[24m/dist/chunk-artifact.js:302:11
    at file:///E:/%E6%98%9F%E5%AF%B0%E6%B5%B7/node_modules/[4m@vitest/runner[24m/dist/chunk-artifact.js:1903:26
    at file:///E:/%E6%98%9F%E5%AF%B0%E6%B5%B7/node_modules/[4m@vitest/runner[24m/dist/chunk-artifact.js:2326:20
    at new Promise (<anonymous>)
    at runWithCancel (file:///E:/%E6%98%9F%E5%AF%B0%E6%B5%B7/node_modules/[4m@vitest/runner[24m/dist/chunk-artifact.j
s:2323:10)
    at file:///E:/%E6%98%9F%E5%AF%B0%E6%B5%B7/node_modules/[4m@vitest/runner[24m/dist/chunk-artifact.js:2305:20
    at new Promise (<anonymous>)
    at runWithTimeout (file:///E:/%E6%98%9F%E5%AF%B0%E6%B5%B7/node_modules/[4m@vitest/runner[24m/dist/chunk-artifact.
js:2272:10)
    at file:///E:/%E6%98%9F%E5%AF%B0%E6%B5%B7/node_modules/[4m@vitest/runner[24m/dist/chunk-artifact.js:2955:64

[90mstderr[2m | src/stores/__tests__/petStore.test.ts[2m > [22m[2mpetStore[2m > [22m[2mremovePet[2m > [22m[2
mshould set error when remove fails
[22m[39m[PetStore] removePet failed: Error: Delete failed
    at E:/星寰海/03-源代码/小程序/miniapp/src/stores/__tests__/petStore.test.ts:199:50
    at file:///E:/%E6%98%9F%E5%AF%B0%E6%B5%B7/node_modules/[4m@vitest/runner[24m/dist/chunk-artifact.js:302:11
    at file:///E:/%E6%98%9F%E5%AF%B0%E6%B5%B7/node_modules/[4m@vitest/runner[24m/dist/chunk-artifact.js:1903:26
    at file:///E:/%E6%98%9F%E5%AF%B0%E6%B5%B7/node_modules/[4m@vitest/runner[24m/dist/chunk-artifact.js:2326:20
    at new Promise (<anonymous>)
    at runWithCancel (file:///E:/%E6%98%9F%E5%AF%B0%E6%B5%B7/node_modules/[4m@vitest/runner[24m/dist/chunk-artifact.j
s:2323:10)
    at file:///E:/%E6%98%9F%E5%AF%B0%E6%B5%B7/node_modules/[4m@vitest/runner[24m/dist/chunk-artifact.js:2305:20
    at new Promise (<anonymous>)
    at runWithTimeout (file:///E:/%E6%98%9F%E5%AF%B0%E6%B5%B7/node_modules/[4m@vitest/runner[24m/dist/chunk-artifact.
js:2272:10)
    at file:///E:/%E6%98%9F%E5%AF%B0%E6%B5%B7/node_modules/[4m@vitest/runner[24m/dist/chunk-artifact.js:2955:64

[90mstderr[2m | src/stores/__tests__/vaccineStore.test.ts[2m > [22m[2mvaccineStore[2m > [22m[2mremoveRecord[2m
 > [22m[2mshould handle remove error
[22m[39m[VaccineStore] removeRecord failed: Error: 删除失败
    at E:/星寰海/03-源代码/小程序/miniapp/src/stores/__tests__/vaccineStore.test.ts:202:71
    at file:///E:/%E6%98%9F%E5%AF%B0%E6%B5%B7/node_modules/[4m@vitest/runner[24m/dist/chunk-artifact.js:302:11
    at file:///E:/%E6%98%9F%E5%AF%B0%E6%B5%B7/node_modules/[4m@vitest/runner[24m/dist/chunk-artifact.js:1903:26
    at file:///E:/%E6%98%9F%E5%AF%B0%E6%B5%B7/node_modules/[4m@vitest/runner[24m/dist/chunk-artifact.js:2326:20
    at new Promise (<anonymous>)
    at runWithCancel (file:///E:/%E6%98%9F%E5%AF%B0%E6%B5%B7/node_modules/[4m@vitest/runner[24m/dist/chunk-artifact.j
s:2323:10)
    at file:///E:/%E6%98%9F%E5%AF%B0%E6%B5%B7/node_modules/[4m@vitest/runner[24m/dist/chunk-artifact.js:2305:20
    at new Promise (<anonymous>)
    at runWithTimeout (file:///E:/%E6%98%9F%E5%AF%B0%E6%B5%B7/node_modules/[4m@vitest/runner[24m/dist/chunk-artifact.
js:2272:10)
    at file:///E:/%E6%98%9F%E5%AF%B0%E6%B5%B7/node_modules/[4m@vitest/runner[24m/dist/chunk-artifact.js:2955:64

[90mstderr[2m | src/stores/__tests__/trendStore.test.ts[2m > [22m[2mtrendStore[2m > [22m[2mfetchWeightTrend[2m
 > [22m[2mshould set error when fetch fails
[22m[39m[TrendStore] fetchWeightTrend failed: Error: Weight error
    at E:/星寰海/03-源代码/小程序/miniapp/src/stores/__tests__/trendStore.test.ts:214:57
    at file:///E:/%E6%98%9F%E5%AF%B0%E6%B5%B7/node_modules/[4m@vitest/runner[24m/dist/chunk-artifact.js:302:11
    at file:///E:/%E6%98%9F%E5%AF%B0%E6%B5%B7/node_modules/[4m@vitest/runner[24m/dist/chunk-artifact.js:1903:26
    at file:///E:/%E6%98%9F%E5%AF%B0%E6%B5%B7/node_modules/[4m@vitest/runner[24m/dist/chunk-artifact.js:2326:20
    at new Promise (<anonymous>)
    at runWithCancel (file:///E:/%E6%98%9F%E5%AF%B0%E6%B5%B7/node_modules/[4m@vitest/runner[24m/dist/chunk-artifact.j
s:2323:10)
    at file:///E:/%E6%98%9F%E5%AF%B0%E6%B5%B7/node_modules/[4m@vitest/runner[24m/dist/chunk-artifact.js:2305:20
    at new Promise (<anonymous>)
    at runWithTimeout (file:///E:/%E6%98%9F%E5%AF%B0%E6%B5%B7/node_modules/[4m@vitest/runner[24m/dist/chunk-artifact.
js:2272:10)
    at file:///E:/%E6%98%9F%E5%AF%B0%E6%B5%B7/node_modules/[4m@vitest/runner[24m/dist/chunk-artifact.js:2955:64

[90mstderr[2m | src/stores/__tests__/petStore.test.ts[2m > [22m[2mpetStore[2m > [22m[2mmarkPetDeceased[2m > [
22m[2mshould set error when markDeceased fails
[22m[39m[PetStore] markPetDeceased failed: Error: Mark failed
    at E:/星寰海/03-源代码/小程序/miniapp/src/stores/__tests__/petStore.test.ts:225:53
    at file:///E:/%E6%98%9F%E5%AF%B0%E6%B5%B7/node_modules/[4m@vitest/runner[24m/dist/chunk-artifact.js:302:11
    at file:///E:/%E6%98%9F%E5%AF%B0%E6%B5%B7/node_modules/[4m@vitest/runner[24m/dist/chunk-artifact.js:1903:26
    at file:///E:/%E6%98%9F%E5%AF%B0%E6%B5%B7/node_modules/[4m@vitest/runner[24m/dist/chunk-artifact.js:2326:20
    at new Promise (<anonymous>)
    at runWithCancel (file:///E:/%E6%98%9F%E5%AF%B0%E6%B5%B7/node_modules/[4m@vitest/runner[24m/dist/chunk-artifact.j
s:2323:10)
    at file:///E:/%E6%98%9F%E5%AF%B0%E6%B5%B7/node_modules/[4m@vitest/runner[24m/dist/chunk-artifact.js:2305:20
    at new Promise (<anonymous>)
    at runWithTimeout (file:///E:/%E6%98%9F%E5%AF%B0%E6%B5%B7/node_modules/[4m@vitest/runner[24m/dist/chunk-artifact.
js:2272:10)
    at file:///E:/%E6%98%9F%E5%AF%B0%E6%B5%B7/node_modules/[4m@vitest/runner[24m/dist/chunk-artifact.js:2955:64

[90mstderr[2m | src/stores/__tests__/vaccineStore.test.ts[2m > [22m[2mvaccineStore[2m > [22m[2mmarkCompleted[2
m > [22m[2mshould handle mark completed error
[22m[39m[VaccineStore] markCompleted failed: Error: 标记失败
    at E:/星寰海/03-源代码/小程序/miniapp/src/stores/__tests__/vaccineStore.test.ts:236:67
    at file:///E:/%E6%98%9F%E5%AF%B0%E6%B5%B7/node_modules/[4m@vitest/runner[24m/dist/chunk-artifact.js:302:11
    at file:///E:/%E6%98%9F%E5%AF%B0%E6%B5%B7/node_modules/[4m@vitest/runner[24m/dist/chunk-artifact.js:1903:26
    at file:///E:/%E6%98%9F%E5%AF%B0%E6%B5%B7/node_modules/[4m@vitest/runner[24m/dist/chunk-artifact.js:2326:20
    at new Promise (<anonymous>)
    at runWithCancel (file:///E:/%E6%98%9F%E5%AF%B0%E6%B5%B7/node_modules/[4m@vitest/runner[24m/dist/chunk-artifact.j
s:2323:10)
    at file:///E:/%E6%98%9F%E5%AF%B0%E6%B5%B7/node_modules/[4m@vitest/runner[24m/dist/chunk-artifact.js:2305:20
    at new Promise (<anonymous>)
    at runWithTimeout (file:///E:/%E6%98%9F%E5%AF%B0%E6%B5%B7/node_modules/[4m@vitest/runner[24m/dist/chunk-artifact.
js:2272:10)
    at file:///E:/%E6%98%9F%E5%AF%B0%E6%B5%B7/node_modules/[4m@vitest/runner[24m/dist/chunk-artifact.js:2955:64

[90mstderr[2m | src/stores/__tests__/trendStore.test.ts[2m > [22m[2mtrendStore[2m > [22m[2mfetchAppetiteTrend[
2m > [22m[2mshould set error when fetch fails
[22m[39m[TrendStore] fetchAppetiteTrend failed: Error: Appetite error
    at E:/星寰海/03-源代码/小程序/miniapp/src/stores/__tests__/trendStore.test.ts:236:59
    at file:///E:/%E6%98%9F%E5%AF%B0%E6%B5%B7/node_modules/[4m@vitest/runner[24m/dist/chunk-artifact.js:302:11
    at file:///E:/%E6%98%9F%E5%AF%B0%E6%B5%B7/node_modules/[4m@vitest/runner[24m/dist/chunk-artifact.js:1903:26
    at file:///E:/%E6%98%9F%E5%AF%B0%E6%B5%B7/node_modules/[4m@vitest/runner[24m/dist/chunk-artifact.js:2326:20
    at new Promise (<anonymous>)
    at runWithCancel (file:///E:/%E6%98%9F%E5%AF%B0%E6%B5%B7/node_modules/[4m@vitest/runner[24m/dist/chunk-artifact.j
s:2323:10)
    at file:///E:/%E6%98%9F%E5%AF%B0%E6%B5%B7/node_modules/[4m@vitest/runner[24m/dist/chunk-artifact.js:2305:20
    at new Promise (<anonymous>)
    at runWithTimeout (file:///E:/%E6%98%9F%E5%AF%B0%E6%B5%B7/node_modules/[4m@vitest/runner[24m/dist/chunk-artifact.
js:2272:10)
    at file:///E:/%E6%98%9F%E5%AF%B0%E6%B5%B7/node_modules/[4m@vitest/runner[24m/dist/chunk-artifact.js:2955:64

[90mstderr[2m | src/stores/__tests__/petStore.test.ts[2m > [22m[2mpetStore[2m > [22m[2mswitchPet[2m > [22m[2
mshould set error when switch fails
[22m[39m[PetStore] switchPet failed: Error: Switch failed
    at E:/星寰海/03-源代码/小程序/miniapp/src/stores/__tests__/petStore.test.ts:253:54
    at file:///E:/%E6%98%9F%E5%AF%B0%E6%B5%B7/node_modules/[4m@vitest/runner[24m/dist/chunk-artifact.js:302:11
    at file:///E:/%E6%98%9F%E5%AF%B0%E6%B5%B7/node_modules/[4m@vitest/runner[24m/dist/chunk-artifact.js:1903:26
    at file:///E:/%E6%98%9F%E5%AF%B0%E6%B5%B7/node_modules/[4m@vitest/runner[24m/dist/chunk-artifact.js:2326:20
    at new Promise (<anonymous>)
    at runWithCancel (file:///E:/%E6%98%9F%E5%AF%B0%E6%B5%B7/node_modules/[4m@vitest/runner[24m/dist/chunk-artifact.j
s:2323:10)
    at file:///E:/%E6%98%9F%E5%AF%B0%E6%B5%B7/node_modules/[4m@vitest/runner[24m/dist/chunk-artifact.js:2305:20
    at new Promise (<anonymous>)
    at runWithTimeout (file:///E:/%E6%98%9F%E5%AF%B0%E6%B5%B7/node_modules/[4m@vitest/runner[24m/dist/chunk-artifact.
js:2272:10)
    at file:///E:/%E6%98%9F%E5%AF%B0%E6%B5%B7/node_modules/[4m@vitest/runner[24m/dist/chunk-artifact.js:2955:64

[90mstderr[2m | src/stores/__tests__/vaccineStore.test.ts[2m > [22m[2mvaccineStore[2m > [22m[2mfetchUpcoming[2
m > [22m[2mshould handle fetch upcoming error
[22m[39m[VaccineStore] fetchUpcoming failed: Error: 获取失败
    at E:/星寰海/03-源代码/小程序/miniapp/src/stores/__tests__/vaccineStore.test.ts:271:70
    at file:///E:/%E6%98%9F%E5%AF%B0%E6%B5%B7/node_modules/[4m@vitest/runner[24m/dist/chunk-artifact.js:302:11
    at file:///E:/%E6%98%9F%E5%AF%B0%E6%B5%B7/node_modules/[4m@vitest/runner[24m/dist/chunk-artifact.js:1903:26
    at file:///E:/%E6%98%9F%E5%AF%B0%E6%B5%B7/node_modules/[4m@vitest/runner[24m/dist/chunk-artifact.js:2326:20
    at new Promise (<anonymous>)
    at runWithCancel (file:///E:/%E6%98%9F%E5%AF%B0%E6%B5%B7/node_modules/[4m@vitest/runner[24m/dist/chunk-artifact.j
s:2323:10)
    at file:///E:/%E6%98%9F%E5%AF%B0%E6%B5%B7/node_modules/[4m@vitest/runner[24m/dist/chunk-artifact.js:2305:20
    at new Promise (<anonymous>)
    at runWithTimeout (file:///E:/%E6%98%9F%E5%AF%B0%E6%B5%B7/node_modules/[4m@vitest/runner[24m/dist/chunk-artifact.
js:2272:10)
    at file:///E:/%E6%98%9F%E5%AF%B0%E6%B5%B7/node_modules/[4m@vitest/runner[24m/dist/chunk-artifact.js:2955:64

[90mstderr[2m | src/stores/__tests__/trendStore.test.ts[2m > [22m[2mtrendStore[2m > [22m[2mfetchStoolTrend[2m 
> [22m[2mshould set error when fetch fails
[22m[39m[TrendStore] fetchStoolTrend failed: Error: Stool error
    at E:/星寰海/03-源代码/小程序/miniapp/src/stores/__tests__/trendStore.test.ts:258:56
    at file:///E:/%E6%98%9F%E5%AF%B0%E6%B5%B7/node_modules/[4m@vitest/runner[24m/dist/chunk-artifact.js:302:11
    at file:///E:/%E6%98%9F%E5%AF%B0%E6%B5%B7/node_modules/[4m@vitest/runner[24m/dist/chunk-artifact.js:1903:26
    at file:///E:/%E6%98%9F%E5%AF%B0%E6%B5%B7/node_modules/[4m@vitest/runner[24m/dist/chunk-artifact.js:2326:20
    at new Promise (<anonymous>)
    at runWithCancel (file:///E:/%E6%98%9F%E5%AF%B0%E6%B5%B7/node_modules/[4m@vitest/runner[24m/dist/chunk-artifact.j
s:2323:10)
    at file:///E:/%E6%98%9F%E5%AF%B0%E6%B5%B7/node_modules/[4m@vitest/runner[24m/dist/chunk-artifact.js:2305:20
    at new Promise (<anonymous>)
    at runWithTimeout (file:///E:/%E6%98%9F%E5%AF%B0%E6%B5%B7/node_modules/[4m@vitest/runner[24m/dist/chunk-artifact.
js:2272:10)
    at file:///E:/%E6%98%9F%E5%AF%B0%E6%B5%B7/node_modules/[4m@vitest/runner[24m/dist/chunk-artifact.js:2955:64

[90mstderr[2m | src/stores/__tests__/vaccineStore.test.ts[2m > [22m[2mvaccineStore[2m > [22m[2mfetchOverdue[2m
 > [22m[2mshould handle fetch overdue error
[22m[39m[VaccineStore] fetchOverdue failed: Error: 获取失败
    at E:/星寰海/03-源代码/小程序/miniapp/src/stores/__tests__/vaccineStore.test.ts:296:69
    at file:///E:/%E6%98%9F%E5%AF%B0%E6%B5%B7/node_modules/[4m@vitest/runner[24m/dist/chunk-artifact.js:302:11
    at file:///E:/%E6%98%9F%E5%AF%B0%E6%B5%B7/node_modules/[4m@vitest/runner[24m/dist/chunk-artifact.js:1903:26
    at file:///E:/%E6%98%9F%E5%AF%B0%E6%B5%B7/node_modules/[4m@vitest/runner[24m/dist/chunk-artifact.js:2326:20
    at new Promise (<anonymous>)
    at runWithCancel (file:///E:/%E6%98%9F%E5%AF%B0%E6%B5%B7/node_modules/[4m@vitest/runner[24m/dist/chunk-artifact.j
s:2323:10)
    at file:///E:/%E6%98%9F%E5%AF%B0%E6%B5%B7/node_modules/[4m@vitest/runner[24m/dist/chunk-artifact.js:2305:20
    at new Promise (<anonymous>)
    at runWithTimeout (file:///E:/%E6%98%9F%E5%AF%B0%E6%B5%B7/node_modules/[4m@vitest/runner[24m/dist/chunk-artifact.
js:2272:10)
    at file:///E:/%E6%98%9F%E5%AF%B0%E6%B5%B7/node_modules/[4m@vitest/runner[24m/dist/chunk-artifact.js:2955:64

[90mstderr[2m | src/stores/__tests__/trendStore.test.ts[2m > [22m[2mtrendStore[2m > [22m[2mfetchAbnormalDays[2
m > [22m[2mshould set error when fetch fails
[22m[39m[TrendStore] fetchAbnormalDays failed: Error: Abnormal error
    at E:/星寰海/03-源代码/小程序/miniapp/src/stores/__tests__/trendStore.test.ts:281:58
    at file:///E:/%E6%98%9F%E5%AF%B0%E6%B5%B7/node_modules/[4m@vitest/runner[24m/dist/chunk-artifact.js:302:11
    at file:///E:/%E6%98%9F%E5%AF%B0%E6%B5%B7/node_modules/[4m@vitest/runner[24m/dist/chunk-artifact.js:1903:26
    at file:///E:/%E6%98%9F%E5%AF%B0%E6%B5%B7/node_modules/[4m@vitest/runner[24m/dist/chunk-artifact.js:2326:20
    at new Promise (<anonymous>)
    at runWithCancel (file:///E:/%E6%98%9F%E5%AF%B0%E6%B5%B7/node_modules/[4m@vitest/runner[24m/dist/chunk-artifact.j
s:2323:10)
    at file:///E:/%E6%98%9F%E5%AF%B0%E6%B5%B7/node_modules/[4m@vitest/runner[24m/dist/chunk-artifact.js:2305:20
    at new Promise (<anonymous>)
    at runWithTimeout (file:///E:/%E6%98%9F%E5%AF%B0%E6%B5%B7/node_modules/[4m@vitest/runner[24m/dist/chunk-artifact.
js:2272:10)
    at file:///E:/%E6%98%9F%E5%AF%B0%E6%B5%B7/node_modules/[4m@vitest/runner[24m/dist/chunk-artifact.js:2955:64

[90mstderr[2m | src/stores/__tests__/vaccineStore.test.ts[2m > [22m[2mvaccineStore[2m > [22m[2mstate transition
s[2m > [22m[2mshould maintain error isolation between operations
[22m[39m[VaccineStore] fetchRecords failed: Error: fetch error
    at E:/星寰海/03-源代码/小程序/miniapp/src/stores/__tests__/vaccineStore.test.ts:370:69
    at file:///E:/%E6%98%9F%E5%AF%B0%E6%B5%B7/node_modules/[4m@vitest/runner[24m/dist/chunk-artifact.js:302:11
    at file:///E:/%E6%98%9F%E5%AF%B0%E6%B5%B7/node_modules/[4m@vitest/runner[24m/dist/chunk-artifact.js:1903:26
    at file:///E:/%E6%98%9F%E5%AF%B0%E6%B5%B7/node_modules/[4m@vitest/runner[24m/dist/chunk-artifact.js:2326:20
    at new Promise (<anonymous>)
    at runWithCancel (file:///E:/%E6%98%9F%E5%AF%B0%E6%B5%B7/node_modules/[4m@vitest/runner[24m/dist/chunk-artifact.j
s:2323:10)
    at file:///E:/%E6%98%9F%E5%AF%B0%E6%B5%B7/node_modules/[4m@vitest/runner[24m/dist/chunk-artifact.js:2305:20
    at new Promise (<anonymous>)
    at runWithTimeout (file:///E:/%E6%98%9F%E5%AF%B0%E6%B5%B7/node_modules/[4m@vitest/runner[24m/dist/chunk-artifact.
js:2272:10)
    at file:///E:/%E6%98%9F%E5%AF%B0%E6%B5%B7/node_modules/[4m@vitest/runner[24m/dist/chunk-artifact.js:2955:64

 [32m✓[39m src/stores/__tests__/reminderStore.test.ts [2m([22m[2m21 tests[22m[2m)[22m[32m 13[2mms[22m[39m
 [32m✓[39m src/stores/__tests__/petStore.test.ts [2m([22m[2m17 tests[22m[2m)[22m[32m 18[2mms[22m[39m
 [32m✓[39m src/stores/__tests__/trendStore.test.ts [2m([22m[2m23 tests[22m[2m)[22m[32m 16[2mms[22m[39m
 [32m✓[39m src/stores/__tests__/vaccineStore.test.ts [2m([22m[2m25 tests[22m[2m)[22m[32m 21[2mms[22m[39m
 [31m❯[39m src/hooks/useMembership.test.ts [2m([22m[2m5 tests[22m[2m | [22m[31m5 failed[39m[2m)[22m[32m 9[2mms[22m[39m
[31m     [31m×[31m 初始状态正确[39m[32m 5[2mms[22m[39m
[31m     [31m×[31m getStatus 返回会员状态[39m[32m 1[2mms[22m[39m
[31m     [31m×[31m subscribe 成功创建订单[39m[32m 1[2mms[22m[39m
[31m     [31m×[31m checkFeatureAccess 返回配额信息[39m[32m 1[2mms[22m[39m
[31m     [31m×[31m 非会员时 checkFeatureAccess 返回受限[39m[32m 0[2mms[22m[39m
 [32m✓[39m src/components/AnomalyMarker.test.tsx [2m([22m[2m7 tests[22m[2m)[22m[32m 85[2mms[22m[39m
 [32m✓[39m src/components/GriefCompanion.test.tsx [2m([22m[2m6 tests[22m[2m)[22m[32m 104[2mms[22m[39m
 [32m✓[39m src/memory-body/MemoryBodyHealth.test.ts [2m([22m[2m47 tests[22m[2m)[22m[32m 19[2mms[22m[39m
 [32m✓[39m src/components/FoodShareCard.test.tsx [2m([22m[2m6 tests[22m[2m)[22m[32m 92[2mms[22m[39m
 [32m✓[39m src/data/petKnowledge/emotionScenes.test.ts [2m([22m[2m10 tests[22m[2m)[22m[32m 6[2mms[22m[39m
 [32m✓[39m src/hooks/useEmergency.test.ts [2m([22m[2m1 test[22m[2m)[22m[32m 2[2mms[22m[39m
 [32m✓[39m src/services/__tests__/quotaManager.test.ts [2m([22m[2m12 tests[22m[2m)[22m[32m 7[2mms[22m[39m

[31m⎯⎯⎯⎯⎯⎯[39m[1m[41m Failed Suites 2 [49m[22m[31m⎯⎯⎯⎯⎯⎯⎯[39m

[41m[1m FAIL [22m[49m src/hooks/useAuthStore.test.ts[2m [ src/hooks/useAuthStore.test.ts ][22m
[31m[1mError[22m: [vitest] There was an error when mocking a module. If you are using "vi.mock" factory, make sure t
here are no top level variables inside, since this call is hoisted to top of the file. Read more: https://vitest.dev/ap
i/vi.html#vi-mock[39m
[36m [2m❯[22m src/stores/authStore.ts:[2m4:1[22m[39m
    [90m  2|[39m [35mimport[39m { create } [35mfrom[39m [32m'zustand'[39m[33m;[39m
    [90m  3|[39m [35mimport[39m [33mTaro[39m [35mfrom[39m [32m'@tarojs/taro'[39m[33m;[39m
    [90m  4|[39m [35mimport[39m { supabaseAuth[33m,[39m [33mSTORAGE_KEYS[39m } [35mfrom[39m [32m'../config/s
upabase'[39m[33m;[39m
    [90m   |[39m [31m^[39m
    [90m  5|[39m [35mimport[39m { verifyToken } [35mfrom[39m [32m'../utils/jwt'[39m[33m;[39m
    [90m  6|[39m

[31m[1mCaused by: ReferenceError[22m: Cannot access 'mockLoginWithCode' before initialization[39m
[36m [2m❯[22m src/hooks/useAuthStore.test.ts:[2m10:20[22m[39m

[31m[2m⎯⎯⎯⎯⎯⎯⎯⎯⎯⎯⎯⎯⎯⎯⎯⎯⎯⎯⎯⎯⎯⎯⎯[1/19]⎯[22m[39m

[41m[1m FAIL [22m[49m src/data/petKnowledge/urgencyRules.test.ts[2m [ src/data/petKnowledge/urgencyRules.test.ts ]
[22m
[31m[1mReferenceError[22m: 它 is not defined[39m
[36m [2m❯[22m src/data/petKnowledge/urgencyRules.test.ts:[2m36:3[22m[39m
    [90m 34|[39m   })
    [90m 35|[39m
    [90m 36|[39m   [34m它[39m([32m'物种特异规则 cat_lily_exposure 存在'[39m[33m,[39m () [33m=>[39m {
    [90m   |[39m   [31m^[39m
    [90m 37|[39m     const rule = URGENCY_RULES.find((r) => r.id === 'cat_lily_exposure…
    [90m 38|[39m     [34mexpect[39m(rule)[33m.[39m[34mtoBeDefined[39m()

[31m[2m⎯⎯⎯⎯⎯⎯⎯⎯⎯⎯⎯⎯⎯⎯⎯⎯⎯⎯⎯⎯⎯⎯⎯[2/19]⎯[22m[39m


[31m⎯⎯⎯⎯⎯⎯[39m[1m[41m Failed Tests 17 [49m[22m[31m⎯⎯⎯⎯⎯⎯⎯[39m

[41m[1m FAIL [22m[49m src/hooks/useFoodQuery.test.ts[2m > [22museFoodQuery[2m > [22m初始状态正确
[31m[1mTypeError[22m: renderHook is not a function[39m
[36m [2m❯[22m src/hooks/useFoodQuery.test.ts:[2m78:24[22m[39m
    [90m 76|[39m
    [90m 77|[39m   [34mit[39m([32m'初始状态正确'[39m[33m,[39m () [33m=>[39m {
    [90m 78|[39m     [35mconst[39m { result } [33m=[39m [34mrenderHook[39m(() [33m=>[39m [34museFoodQuery[3
9m())
    [90m   |[39m                        [31m^[39m
    [90m 79|[39m     [34mexpect[39m(result[33m.[39mcurrent[33m.[39misLoading)[33m.[39m[34mtoBe[39m([35mfal
se[39m)
    [90m 80|[39m     [34mexpect[39m(result[33m.[39mcurrent[33m.[39mlastResult)[33m.[39m[34mtoBeNull[39m()

[31m[2m⎯⎯⎯⎯⎯⎯⎯⎯⎯⎯⎯⎯⎯⎯⎯⎯⎯⎯⎯⎯⎯⎯⎯[3/19]⎯[22m[39m

[41m[1m FAIL [22m[49m src/hooks/useFoodQuery.test.ts[2m > [22museFoodQuery[2m > [22mqueryFood 成功时更新 result
[31m[1mTypeError[22m: renderHook is not a function[39m
[36m [2m❯[22m src/hooks/useFoodQuery.test.ts:[2m96:24[22m[39m
    [90m 94|[39m     mockQueryFood[33m.[39m[34mmockResolvedValue[39m(mockResult)
    [90m 95|[39m
    [90m 96|[39m     [35mconst[39m { result } [33m=[39m [34mrenderHook[39m(() [33m=>[39m [34museFoodQuery[3
9m())
    [90m   |[39m                        [31m^[39m
    [90m 97|[39m
    [90m 98|[39m     [35mawait[39m [34mact[39m([35masync[39m () [33m=>[39m {

[31m[2m⎯⎯⎯⎯⎯⎯⎯⎯⎯⎯⎯⎯⎯⎯⎯⎯⎯⎯⎯⎯⎯⎯⎯[4/19]⎯[22m[39m

[41m[1m FAIL [22m[49m src/hooks/useFoodQuery.test.ts[2m > [22museFoodQuery[2m > [22mqueryFood 失败时更新 error
[31m[1mTypeError[22m: renderHook is not a function[39m
[36m [2m❯[22m src/hooks/useFoodQuery.test.ts:[2m111:24[22m[39m
    [90m109|[39m     mockQueryFood[33m.[39m[34mmockRejectedValue[39m([35mnew[39m [33mError[39m([32m'查询失败'[3
9m))
    [90m110|[39m
    [90m111|[39m     [35mconst[39m { result } [33m=[39m [34mrenderHook[39m(() [33m=>[39m [34museFoodQuery[3
9m())
    [90m   |[39m                        [31m^[39m
    [90m112|[39m
    [90m113|[39m     [35mawait[39m [34mact[39m([35masync[39m () [33m=>[39m {

[31m[2m⎯⎯⎯⎯⎯⎯⎯⎯⎯⎯⎯⎯⎯⎯⎯⎯⎯⎯⎯⎯⎯⎯⎯[5/19]⎯[22m[39m

[41m[1m FAIL [22m[49m src/hooks/useFoodQuery.test.ts[2m > [22museFoodQuery[2m > [22mgetHistory 返回历史记录
[31m[1mTypeError[22m: renderHook is not a function[39m
[36m [2m❯[22m src/hooks/useFoodQuery.test.ts:[2m132:24[22m[39m
    [90m130|[39m     mockGetQueryHistory[33m.[39m[34mmockResolvedValue[39m(mockHistory)
    [90m131|[39m
    [90m132|[39m     [35mconst[39m { result } [33m=[39m [34mrenderHook[39m(() [33m=>[39m [34museFoodQuery[3
9m())
    [90m   |[39m                        [31m^[39m
    [90m133|[39m
    [90m134|[39m     [35mawait[39m [34mact[39m([35masync[39m () [33m=>[39m {

[31m[2m⎯⎯⎯⎯⎯⎯⎯⎯⎯⎯⎯⎯⎯⎯⎯⎯⎯⎯⎯⎯⎯⎯⎯[6/19]⎯[22m[39m

[41m[1m FAIL [22m[49m src/hooks/useFoodQuery.test.ts[2m > [22museFoodQuery[2m > [22mgetStats 返回统计数据
[31m[1mTypeError[22m: renderHook is not a function[39m
[36m [2m❯[22m src/hooks/useFoodQuery.test.ts:[2m151:24[22m[39m
    [90m149|[39m     mockGetQueryStats[33m.[39m[34mmockResolvedValue[39m(mockStats)
    [90m150|[39m
    [90m151|[39m     [35mconst[39m { result } [33m=[39m [34mrenderHook[39m(() [33m=>[39m [34museFoodQuery[3
9m())
    [90m   |[39m                        [31m^[39m
    [90m152|[39m
    [90m153|[39m     [35mawait[39m [34mact[39m([35masync[39m () [33m=>[39m {

[31m[2m⎯⎯⎯⎯⎯⎯⎯⎯⎯⎯⎯⎯⎯⎯⎯⎯⎯⎯⎯⎯⎯⎯⎯[7/19]⎯[22m[39m

[41m[1m FAIL [22m[49m src/hooks/useFoodQuery.test.ts[2m > [22museFoodQuery[2m > [22mgetTodayCount 返回今日次数
[31m[1mTypeError[22m: renderHook is not a function[39m
[36m [2m❯[22m src/hooks/useFoodQuery.test.ts:[2m170:24[22m[39m
    [90m168|[39m     mockGetQueryHistory[33m.[39m[34mmockResolvedValue[39m(mockHistory)
    [90m169|[39m
    [90m170|[39m     [35mconst[39m { result } [33m=[39m [34mrenderHook[39m(() [33m=>[39m [34museFoodQuery[3
9m())
    [90m   |[39m                        [31m^[39m
    [90m171|[39m
    [90m172|[39m     [35mawait[39m [34mact[39m([35masync[39m () [33m=>[39m {

[31m[2m⎯⎯⎯⎯⎯⎯⎯⎯⎯⎯⎯⎯⎯⎯⎯⎯⎯⎯⎯⎯⎯⎯⎯[8/19]⎯[22m[39m

[41m[1m FAIL [22m[49m src/hooks/useMembership.test.ts[2m > [22museMembership[2m > [22m初始状态正确
[31m[1mTypeError[22m: renderHook is not a function[39m
[36m [2m❯[22m src/hooks/useMembership.test.ts:[2m166:24[22m[39m
    [90m164|[39m
    [90m165|[39m   [34mit[39m([32m'初始状态正确'[39m[33m,[39m () [33m=>[39m {
    [90m166|[39m     [35mconst[39m { result } [33m=[39m [34mrenderHook[39m(() [33m=>[39m [34museMembership[
39m())
    [90m   |[39m                        [31m^[39m
    [90m167|[39m     [34mexpect[39m(result[33m.[39mcurrent[33m.[39misLoading)[33m.[39m[34mtoBe[39m([35mfal
se[39m)
    [90m168|[39m     [34mexpect[39m(result[33m.[39mcurrent[33m.[39mmembership)[33m.[39m[34mtoBeNull[39m()

[31m[2m⎯⎯⎯⎯⎯⎯⎯⎯⎯⎯⎯⎯⎯⎯⎯⎯⎯⎯⎯⎯⎯⎯⎯[9/19]⎯[22m[39m

[41m[1m FAIL [22m[49m src/hooks/useMembership.test.ts[2m > [22museMembership[2m > [22mgetStatus 返回会员状态
[31m[1mTypeError[22m: renderHook is not a function[39m
[36m [2m❯[22m src/hooks/useMembership.test.ts:[2m183:24[22m[39m
    [90m181|[39m     mockGetMembershipStatus[33m.[39m[34mmockResolvedValue[39m(mockMembership)
    [90m182|[39m
    [90m183|[39m     [35mconst[39m { result } [33m=[39m [34mrenderHook[39m(() [33m=>[39m [34museMembership[
39m())
    [90m   |[39m                        [31m^[39m
    [90m184|[39m
    [90m185|[39m     [35mawait[39m [34mact[39m([35masync[39m () [33m=>[39m {

[31m[2m⎯⎯⎯⎯⎯⎯⎯⎯⎯⎯⎯⎯⎯⎯⎯⎯⎯⎯⎯⎯⎯⎯[10/19]⎯[22m[39m

[41m[1m FAIL [22m[49m src/hooks/useMembership.test.ts[2m > [22museMembership[2m > [22msubscribe 成功创建订单
[31m[1mTypeError[22m: renderHook is not a function[39m
[36m [2m❯[22m src/hooks/useMembership.test.ts:[2m204:24[22m[39m
    [90m202|[39m     mockSubscribe[33m.[39m[34mmockResolvedValue[39m(mockOrder)
    [90m203|[39m
    [90m204|[39m     [35mconst[39m { result } [33m=[39m [34mrenderHook[39m(() [33m=>[39m [34museMembership[
39m())
    [90m   |[39m                        [31m^[39m
    [90m205|[39m
    [90m206|[39m     [35mawait[39m [34mact[39m([35masync[39m () [33m=>[39m {

[31m[2m⎯⎯⎯⎯⎯⎯⎯⎯⎯⎯⎯⎯⎯⎯⎯⎯⎯⎯⎯⎯⎯⎯[11/19]⎯[22m[39m

[41m[1m FAIL [22m[49m src/hooks/useMembership.test.ts[2m > [22museMembership[2m > [22mcheckFeatureAccess 返回配额信息
[31m[1mTypeError[22m: renderHook is not a function[39m
[36m [2m❯[22m src/hooks/useMembership.test.ts:[2m227:24[22m[39m
    [90m225|[39m     mockCheckFeatureAccess[33m.[39m[34mmockResolvedValue[39m(mockAccess)
    [90m226|[39m
    [90m227|[39m     [35mconst[39m { result } [33m=[39m [34mrenderHook[39m(() [33m=>[39m [34museMembership[
39m())
    [90m   |[39m                        [31m^[39m
    [90m228|[39m
    [90m229|[39m     [35mawait[39m [34mact[39m([35masync[39m () [33m=>[39m {

[31m[2m⎯⎯⎯⎯⎯⎯⎯⎯⎯⎯⎯⎯⎯⎯⎯⎯⎯⎯⎯⎯⎯⎯[12/19]⎯[22m[39m

[41m[1m FAIL [22m[49m src/hooks/useMembership.test.ts[2m > [22museMembership[2m > [22m非会员时 checkFeatureAccess 返
回受限
[31m[1mTypeError[22m: renderHook is not a function[39m
[36m [2m❯[22m src/hooks/useMembership.test.ts:[2m250:24[22m[39m
    [90m248|[39m     mockCheckFeatureAccess[33m.[39m[34mmockResolvedValue[39m(mockAccess)
    [90m249|[39m
    [90m250|[39m     [35mconst[39m { result } [33m=[39m [34mrenderHook[39m(() [33m=>[39m [34museMembership[
39m())
    [90m   |[39m                        [31m^[39m
    [90m251|[39m
    [90m252|[39m     [35mawait[39m [34mact[39m([35masync[39m () [33m=>[39m {

[31m[2m⎯⎯⎯⎯⎯⎯⎯⎯⎯⎯⎯⎯⎯⎯⎯⎯⎯⎯⎯⎯⎯⎯[13/19]⎯[22m[39m

[41m[1m FAIL [22m[49m src/hooks/useTrend.test.ts[2m > [22museTrend[2m > [22m初始状态正确
[31m[1mTypeError[22m: renderHook is not a function[39m
[36m [2m❯[22m src/hooks/useTrend.test.ts:[2m144:24[22m[39m
    [90m142|[39m
    [90m143|[39m   [34mit[39m([32m'初始状态正确'[39m[33m,[39m () [33m=>[39m {
    [90m144|[39m     [35mconst[39m { result } [33m=[39m [34mrenderHook[39m(() [33m=>[39m [34museTrend[39m()
)
    [90m   |[39m                        [31m^[39m
    [90m145|[39m     [34mexpect[39m(result[33m.[39mcurrent[33m.[39misLoading)[33m.[39m[34mtoBe[39m([35mfal
se[39m)
    [90m146|[39m     [34mexpect[39m(result[33m.[39mcurrent[33m.[39mtrendData)[33m.[39m[34mtoEqual[39m([])

[31m[2m⎯⎯⎯⎯⎯⎯⎯⎯⎯⎯⎯⎯⎯⎯⎯⎯⎯⎯⎯⎯⎯⎯[14/19]⎯[22m[39m

[41m[1m FAIL [22m[49m src/hooks/useTrend.test.ts[2m > [22museTrend[2m > [22mgetWeightTrend 返回体重趋势数据
[31m[1mTypeError[22m: renderHook is not a function[39m
[36m [2m❯[22m src/hooks/useTrend.test.ts:[2m160:24[22m[39m
    [90m158|[39m     mockGetWeightTrend[33m.[39m[34mmockResolvedValue[39m(mockWeightData)
    [90m159|[39m
    [90m160|[39m     [35mconst[39m { result } [33m=[39m [34mrenderHook[39m(() [33m=>[39m [34museTrend[39m()
)
    [90m   |[39m                        [31m^[39m
    [90m161|[39m
    [90m162|[39m     [35mawait[39m [34mact[39m([35masync[39m () [33m=>[39m {

[31m[2m⎯⎯⎯⎯⎯⎯⎯⎯⎯⎯⎯⎯⎯⎯⎯⎯⎯⎯⎯⎯⎯⎯[15/19]⎯[22m[39m

[41m[1m FAIL [22m[49m src/hooks/useTrend.test.ts[2m > [22museTrend[2m > [22mgetAppetiteTrend 返回食欲趋势数据
[31m[1mTypeError[22m: renderHook is not a function[39m
[36m [2m❯[22m src/hooks/useTrend.test.ts:[2m179:24[22m[39m
    [90m177|[39m     mockGetAppetiteTrend[33m.[39m[34mmockResolvedValue[39m(mockAppetiteData)
    [90m178|[39m
    [90m179|[39m     [35mconst[39m { result } [33m=[39m [34mrenderHook[39m(() [33m=>[39m [34museTrend[39m()
)
    [90m   |[39m                        [31m^[39m
    [90m180|[39m
    [90m181|[39m     [35mawait[39m [34mact[39m([35masync[39m () [33m=>[39m {

[31m[2m⎯⎯⎯⎯⎯⎯⎯⎯⎯⎯⎯⎯⎯⎯⎯⎯⎯⎯⎯⎯⎯⎯[16/19]⎯[22m[39m

[41m[1m FAIL [22m[49m src/hooks/useTrend.test.ts[2m > [22museTrend[2m > [22mgetStoolTrend 返回便便趋势数据
[31m[1mTypeError[22m: renderHook is not a function[39m
[36m [2m❯[22m src/hooks/useTrend.test.ts:[2m198:24[22m[39m
    [90m196|[39m     mockGetStoolTrend[33m.[39m[34mmockResolvedValue[39m(mockStoolData)
    [90m197|[39m
    [90m198|[39m     [35mconst[39m { result } [33m=[39m [34mrenderHook[39m(() [33m=>[39m [34museTrend[39m()
)
    [90m   |[39m                        [31m^[39m
    [90m199|[39m
    [90m200|[39m     [35mawait[39m [34mact[39m([35masync[39m () [33m=>[39m {

[31m[2m⎯⎯⎯⎯⎯⎯⎯⎯⎯⎯⎯⎯⎯⎯⎯⎯⎯⎯⎯⎯⎯⎯[17/19]⎯[22m[39m

[41m[1m FAIL [22m[49m src/hooks/useTrend.test.ts[2m > [22museTrend[2m > [22mgetSummary 返回汇总数据
[31m[1mTypeError[22m: renderHook is not a function[39m
[36m [2m❯[22m src/hooks/useTrend.test.ts:[2m220:24[22m[39m
    [90m218|[39m     mockGetTrendSummary[33m.[39m[34mmockResolvedValue[39m(mockSummary)
    [90m219|[39m
    [90m220|[39m     [35mconst[39m { result } [33m=[39m [34mrenderHook[39m(() [33m=>[39m [34museTrend[39m()
)
    [90m   |[39m                        [31m^[39m
    [90m221|[39m
    [90m222|[39m     [35mawait[39m [34mact[39m([35masync[39m () [33m=>[39m {

[31m[2m⎯⎯⎯⎯⎯⎯⎯⎯⎯⎯⎯⎯⎯⎯⎯⎯⎯⎯⎯⎯⎯⎯[18/19]⎯[22m[39m

[41m[1m FAIL [22m[49m src/hooks/useTrend.test.ts[2m > [22museTrend[2m > [22mgetMonthlyReport 返回月报数据
[31m[1mTypeError[22m: renderHook is not a function[39m
[36m [2m❯[22m src/hooks/useTrend.test.ts:[2m243:24[22m[39m
    [90m241|[39m     mockGetMonthlyReport[33m.[39m[34mmockResolvedValue[39m(mockMonthlyReport)
    [90m242|[39m
    [90m243|[39m     [35mconst[39m { result } [33m=[39m [34mrenderHook[39m(() [33m=>[39m [34museTrend[39m()
)
    [90m   |[39m                        [31m^[39m
    [90m244|[39m
    [90m245|[39m     [35mawait[39m [34mact[39m([35masync[39m () [33m=>[39m {

[31m[2m⎯⎯⎯⎯⎯⎯⎯⎯⎯⎯⎯⎯⎯⎯⎯⎯⎯⎯⎯⎯⎯⎯[19/19]⎯[22m[39m


[2m Test Files [22m [1m[31m5 failed[39m[22m[2m | [22m[1m[32m21 passed[39m[22m[90m (26)[39m
[2m      Tests [22m [1m[31m17 failed[39m[22m[2m | [22m[1m[32m463 passed[39m[22m[90m (480)[39m
[2m   Start at [22m 15:39:27
[2m   Duration [22m 3.69s[2m (transform 9.12s, setup 1.07s, import 12.90s, tests 693ms, environment 44.02s)[22m

